Archive member included to satisfy reference by file (symbol)

/Applications/STM32CubeIDE.app/Contents/Eclipse/plugins/com.st.stm32cube.ide.mcu.externaltools.gnu-tools-for-stm32.11.3.rel1.macos64_1.1.1.202309131626/tools/bin/../lib/gcc/arm-none-eabi/11.3.1/../../../../arm-none-eabi/lib/thumb/v7e-m+fp/hard/libc_nano.a(libc_a-exit.o)
                              /Applications/STM32CubeIDE.app/Contents/Eclipse/plugins/com.st.stm32cube.ide.mcu.externaltools.gnu-tools-for-stm32.11.3.rel1.macos64_1.1.1.202309131626/tools/bin/../lib/gcc/arm-none-eabi/11.3.1/../../../../arm-none-eabi/lib/thumb/v7e-m+fp/hard/crt0.o (exit)
/Applications/STM32CubeIDE.app/Contents/Eclipse/plugins/com.st.stm32cube.ide.mcu.externaltools.gnu-tools-for-stm32.11.3.rel1.macos64_1.1.1.202309131626/tools/bin/../lib/gcc/arm-none-eabi/11.3.1/../../../../arm-none-eabi/lib/thumb/v7e-m+fp/hard/libc_nano.a(libc_a-itoa.o)
                              ./Core/Src/lcd5110.o (itoa)
/Applications/STM32CubeIDE.app/Contents/Eclipse/plugins/com.st.stm32cube.ide.mcu.externaltools.gnu-tools-for-stm32.11.3.rel1.macos64_1.1.1.202309131626/tools/bin/../lib/gcc/arm-none-eabi/11.3.1/../../../../arm-none-eabi/lib/thumb/v7e-m+fp/hard/libc_nano.a(libc_a-sprintf.o)
                              ./Core/Src/main.o (sprintf)
/Applications/STM32CubeIDE.app/Contents/Eclipse/plugins/com.st.stm32cube.ide.mcu.externaltools.gnu-tools-for-stm32.11.3.rel1.macos64_1.1.1.202309131626/tools/bin/../lib/gcc/arm-none-eabi/11.3.1/../../../../arm-none-eabi/lib/thumb/v7e-m+fp/hard/libc_nano.a(libc_a-findfp.o)
                              /Applications/STM32CubeIDE.app/Contents/Eclipse/plugins/com.st.stm32cube.ide.mcu.externaltools.gnu-tools-for-stm32.11.3.rel1.macos64_1.1.1.202309131626/tools/bin/../lib/gcc/arm-none-eabi/11.3.1/../../../../arm-none-eabi/lib/thumb/v7e-m+fp/hard/libc_nano.a(libc_a-exit.o) (__stdio_exit_handler)
/Applications/STM32CubeIDE.app/Contents/Eclipse/plugins/com.st.stm32cube.ide.mcu.externaltools.gnu-tools-for-stm32.11.3.rel1.macos64_1.1.1.202309131626/tools/bin/../lib/gcc/arm-none-eabi/11.3.1/../../../../arm-none-eabi/lib/thumb/v7e-m+fp/hard/libc_nano.a(libc_a-utoa.o)
                              /Applications/STM32CubeIDE.app/Contents/Eclipse/plugins/com.st.stm32cube.ide.mcu.externaltools.gnu-tools-for-stm32.11.3.rel1.macos64_1.1.1.202309131626/tools/bin/../lib/gcc/arm-none-eabi/11.3.1/../../../../arm-none-eabi/lib/thumb/v7e-m+fp/hard/libc_nano.a(libc_a-itoa.o) (__utoa)
/Applications/STM32CubeIDE.app/Contents/Eclipse/plugins/com.st.stm32cube.ide.mcu.externaltools.gnu-tools-for-stm32.11.3.rel1.macos64_1.1.1.202309131626/tools/bin/../lib/gcc/arm-none-eabi/11.3.1/../../../../arm-none-eabi/lib/thumb/v7e-m+fp/hard/libc_nano.a(libc_a-fwalk.o)
                              /Applications/STM32CubeIDE.app/Contents/Eclipse/plugins/com.st.stm32cube.ide.mcu.externaltools.gnu-tools-for-stm32.11.3.rel1.macos64_1.1.1.202309131626/tools/bin/../lib/gcc/arm-none-eabi/11.3.1/../../../../arm-none-eabi/lib/thumb/v7e-m+fp/hard/libc_nano.a(libc_a-findfp.o) (_fwalk_sglue)
/Applications/STM32CubeIDE.app/Contents/Eclipse/plugins/com.st.stm32cube.ide.mcu.externaltools.gnu-tools-for-stm32.11.3.rel1.macos64_1.1.1.202309131626/tools/bin/../lib/gcc/arm-none-eabi/11.3.1/../../../../arm-none-eabi/lib/thumb/v7e-m+fp/hard/libc_nano.a(libc_a-vsnprintf.o)
                              ./Core/Src/lcd5110.o (vsnprintf)
/Applications/STM32CubeIDE.app/Contents/Eclipse/plugins/com.st.stm32cube.ide.mcu.externaltools.gnu-tools-for-stm32.11.3.rel1.macos64_1.1.1.202309131626/tools/bin/../lib/gcc/arm-none-eabi/11.3.1/../../../../arm-none-eabi/lib/thumb/v7e-m+fp/hard/libc_nano.a(libc_a-strcat.o)
                              ./Core/Src/main.o (strcat)
/Applications/STM32CubeIDE.app/Contents/Eclipse/plugins/com.st.stm32cube.ide.mcu.externaltools.gnu-tools-for-stm32.11.3.rel1.macos64_1.1.1.202309131626/tools/bin/../lib/gcc/arm-none-eabi/11.3.1/../../../../arm-none-eabi/lib/thumb/v7e-m+fp/hard/libc_nano.a(libc_a-strstr.o)
                              ./Core/Src/main.o (strstr)
/Applications/STM32CubeIDE.app/Contents/Eclipse/plugins/com.st.stm32cube.ide.mcu.externaltools.gnu-tools-for-stm32.11.3.rel1.macos64_1.1.1.202309131626/tools/bin/../lib/gcc/arm-none-eabi/11.3.1/../../../../arm-none-eabi/lib/thumb/v7e-m+fp/hard/libc_nano.a(libc_a-memset.o)
                              /Applications/STM32CubeIDE.app/Contents/Eclipse/plugins/com.st.stm32cube.ide.mcu.externaltools.gnu-tools-for-stm32.11.3.rel1.macos64_1.1.1.202309131626/tools/bin/../lib/gcc/arm-none-eabi/11.3.1/../../../../arm-none-eabi/lib/thumb/v7e-m+fp/hard/crt0.o (memset)
/Applications/STM32CubeIDE.app/Contents/Eclipse/plugins/com.st.stm32cube.ide.mcu.externaltools.gnu-tools-for-stm32.11.3.rel1.macos64_1.1.1.202309131626/tools/bin/../lib/gcc/arm-none-eabi/11.3.1/../../../../arm-none-eabi/lib/thumb/v7e-m+fp/hard/libc_nano.a(libc_a-impure.o)
[...]
Memory Configuration

Name             Origin             Length             Attributes
RAM              0x0000000020000000 0x0000000000020000 xrw
FLASH            0x0000000008000000 0x0000000000080000 xr
*default*        0x0000000000000000 0xffffffffffffffff

Linker script and memory map

LOAD /Applications/STM32CubeIDE.app/Contents/Eclipse/plugins/com.st.stm32cube.ide.mcu.externaltools.gnu-tools-for-stm32.11.3.rel1.macos64_1.1.1.202309131626/tools/bin/../lib/gcc/arm-none-eabi/11.3.1/thumb/v7e-m+fp/hard/crti.o
LOAD /Applications/STM32CubeIDE.app/Contents/Eclipse/plugins/com.st.stm32cube.ide.mcu.externaltools.gnu-tools-for-stm32.11.3.rel1.macos64_1.1.1.202309131626/tools/bin/../lib/gcc/arm-none-eabi/11.3.1/thumb/v7e-m+fp/hard/crtbegin.o
LOAD /Applications/STM32CubeIDE.app/Contents/Eclipse/plugins/com.st.stm32cube.ide.mcu.externaltools.gnu-tools-for-stm32.11.3.rel1.macos64_1.1.1.202309131626/tools/bin/../lib/gcc/arm-none-eabi/11.3.1/../../../../arm-none-eabi/lib/thumb/v7e-m+fp/hard/crt0.o
LOAD ./Core/Src/gpio.o
LOAD ./Core/Src/i2c.o
LOAD ./Core/Src/i2s.o
LOAD ./Core/Src/lcd5110.o
LOAD ./Core/Src/lcd5110_hal.o
LOAD ./Core/Src/lcd5110_ll.o
LOAD ./Core/Src/main.o
LOAD ./Core/Src/spi.o
LOAD ./Core/Src/stm32f4xx_hal_msp.o
LOAD ./Core/Src/stm32f4xx_it.o
LOAD ./Core/Src/syscalls.o
LOAD ./Core/Src/sysmem.o
LOAD ./Core/Src/system_stm32f4xx.o
LOAD ./Core/Src/usart.o
LOAD ./Core/Startup/startup_stm32f411vetx.o
LOAD ./Drivers/STM32F4xx_HAL_Driver/Src/stm32f4xx_hal.o
LOAD ./Drivers/STM32F4xx_HAL_Driver/Src/stm32f4xx_hal_cortex.o
LOAD ./Drivers/STM32F4xx_HAL_Driver/Src/stm32f4xx_hal_dma.o
LOAD ./Drivers/STM32F4xx_HAL_Driver/Src/stm32f4xx_hal_dma_ex.o
LOAD ./Drivers/STM32F4xx_HAL_Driver/Src/stm32f4xx_hal_exti.o
LOAD ./Drivers/STM32F4xx_HAL_Driver/Src/stm32f4xx_hal_flash.o
LOAD ./Drivers/STM32F4xx_HAL_Driver/Src/stm32f4xx_hal_flash_ex.o
LOAD ./Drivers/STM32F4xx_HAL_Driver/Src/stm32f4xx_hal_flash_ramfunc.o
LOAD ./Drivers/STM32F4xx_HAL_Driver/Src/stm32f4xx_hal_gpio.o
LOAD ./Drivers/STM32F4xx_HAL_Driver/Src/stm32f4xx_hal_i2c.o
LOAD ./Drivers/STM32F4xx_HAL_Driver/Src/stm32f4xx_hal_i2c_ex.o
LOAD ./Drivers/STM32F4xx_HAL_Driver/Src/stm32f4xx_hal_i2s.o
LOAD ./Drivers/STM32F4xx_HAL_Driver/Src/stm32f4xx_hal_i2s_ex.o
LOAD ./Drivers/STM32F4xx_HAL_Driver/Src/stm32f4xx_hal_pcd.o
LOAD ./Drivers/STM32F4xx_HAL_Driver/Src/stm32f4xx_hal_pcd_ex.o
LOAD ./Drivers/STM32F4xx_HAL_Driver/Src/stm32f4xx_hal_pwr.o
LOAD ./Drivers/STM32F4xx_HAL_Driver/Src/stm32f4xx_hal_pwr_ex.o
LOAD ./Drivers/STM32F4xx_HAL_Driver/Src/stm32f4xx_hal_rcc.o
LOAD ./Drivers/STM32F4xx_HAL_Driver/Src/stm32f4xx_hal_rcc_ex.o
LOAD ./Drivers/STM32F4xx_HAL_Driver/Src/stm32f4xx_hal_spi.o
LOAD ./Drivers/STM32F4xx_HAL_Driver/Src/stm32f4xx_hal_tim.o
LOAD ./Drivers/STM32F4xx_HAL_Driver/Src/stm32f4xx_hal_tim_ex.o
LOAD ./Drivers/STM32F4xx_HAL_Driver/Src/stm32f4xx_hal_uart.o
LOAD ./Drivers/STM32F4xx_HAL_Driver/Src/stm32f4xx_ll_usb.o
LOAD ./Middlewares/ST/STM32_USB_Device_Library/Class/HID/Src/usbd_hid.o
LOAD ./Middlewares/ST/STM32_USB_Device_Library/Core/Src/usbd_core.o
LOAD ./Middlewares/ST/STM32_USB_Device_Library/Core/Src/usbd_ctlreq.o
LOAD ./Middlewares/ST/STM32_USB_Device_Library/Core/Src/usbd_ioreq.o
LOAD ./USB_DEVICE/App/usb_device.o
LOAD ./USB_DEVICE/App/usbd_desc.o
LOAD ./USB_DEVICE/Target/usbd_conf.o
START GROUP
LOAD /Applications/STM32CubeIDE.app/Contents/Eclipse/plugins/com.st.stm32cube.ide.mcu.externaltools.gnu-tools-for-stm32.11.3.rel1.macos64_1.1.1.202309131626/tools/bin/../lib/gcc/arm-none-eabi/11.3.1/../../../../arm-none-eabi/lib/thumb/v7e-m+fp/hard/libc_nano.a
LOAD /Applications/STM32CubeIDE.app/Contents/Eclipse/plugins/com.st.stm32cube.ide.mcu.externaltools.gnu-tools-for-stm32.11.3.rel1.macos64_1.1.1.202309131626/tools/bin/../lib/gcc/arm-none-eabi/11.3.1/../../../../arm-none-eabi/lib/thumb/v7e-m+fp/hard/libm.a
END GROUP
START GROUP
LOAD /Applications/STM32CubeIDE.app/Contents/Eclipse/plugins/com.st.stm32cube.ide.mcu.externaltools.gnu-tools-for-stm32.11.3.rel1.macos64_1.1.1.202309131626/tools/bin/../lib/gcc/arm-none-eabi/11.3.1/thumb/v7e-m+fp/hard/libgcc.a
LOAD /Applications/STM32CubeIDE.app/Contents/Eclipse/plugins/com.st.stm32cube.ide.mcu.externaltools.gnu-tools-for-stm32.11.3.rel1.macos64_1.1.1.202309131626/tools/bin/../lib/gcc/arm-none-eabi/11.3.1/../../../../arm-none-eabi/lib/thumb/v7e-m+fp/hard/libc_nano.a
END GROUP
START GROUP
LOAD /Applications/STM32CubeIDE.app/Contents/Eclipse/plugins/com.st.stm32cube.ide.mcu.externaltools.gnu-tools-for-stm32.11.3.rel1.macos64_1.1.1.202309131626/tools/bin/../lib/gcc/arm-none-eabi/11.3.1/thumb/v7e-m+fp/hard/libgcc.a
LOAD /Applications/STM32CubeIDE.app/Contents/Eclipse/plugins/com.st.stm32cube.ide.mcu.externaltools.gnu-tools-for-stm32.11.3.rel1.macos64_1.1.1.202309131626/tools/bin/../lib/gcc/arm-none-eabi/11.3.1/../../../../arm-none-eabi/lib/thumb/v7e-m+fp/hard/libc_nano.a
LOAD /Applications/STM32CubeIDE.app/Contents/Eclipse/plugins/com.st.stm32cube.ide.mcu.externaltools.gnu-tools-for-stm32.11.3.rel1.macos64_1.1.1.202309131626/tools/bin/../lib/gcc/arm-none-eabi/11.3.1/../../../../arm-none-eabi/lib/thumb/v7e-m+fp/hard/libnosys.a
END GROUP
START GROUP
LOAD /Applications/STM32CubeIDE.app/Contents/Eclipse/plugins/com.st.stm32cube.ide.mcu.externaltools.gnu-tools-for-stm32.11.3.rel1.macos64_1.1.1.202309131626/tools/bin/../lib/gcc/arm-none-eabi/11.3.1/thumb/v7e-m+fp/hard/libgcc.a
LOAD /Applications/STM32CubeIDE.app/Contents/Eclipse/plugins/com.st.stm32cube.ide.mcu.externaltools.gnu-tools-for-stm32.11.3.rel1.macos64_1.1.1.202309131626/tools/bin/../lib/gcc/arm-none-eabi/11.3.1/../../../../arm-none-eabi/lib/thumb/v7e-m+fp/hard/libc_nano.a
LOAD /Applications/STM32CubeIDE.app/Contents/Eclipse/plugins/com.st.stm32cube.ide.mcu.externaltools.gnu-tools-for-stm32.11.3.rel1.macos64_1.1.1.202309131626/tools/bin/../lib/gcc/arm-none-eabi/11.3.1/../../../../arm-none-eabi/lib/thumb/v7e-m+fp/hard/libnosys.a
END GROUP
LOAD /Applications/STM32CubeIDE.app/Contents/Eclipse/plugins/com.st.stm32cube.ide.mcu.externaltools.gnu-tools-for-stm32.11.3.rel1.macos64_1.1.1.202309131626/tools/bin/../lib/gcc/arm-none-eabi/11.3.1/thumb/v7e-m+fp/hard/crtend.o
LOAD /Applications/STM32CubeIDE.app/Contents/Eclipse/plugins/com.st.stm32cube.ide.mcu.externaltools.gnu-tools-for-stm32.11.3.rel1.macos64_1.1.1.202309131626/tools/bin/../lib/gcc/arm-none-eabi/11.3.1/thumb/v7e-m+fp/hard/crtn.o
                0x0000000020020000                _estack = (ORIGIN (RAM) + LENGTH (RAM))
                0x0000000000000200                _Min_Heap_Size = 0x200
                0x0000000000000400                _Min_Stack_Size = 0x400

.isr_vector     0x0000000008000000      0x198
                0x0000000008000000                . = ALIGN (0x4)
 *(.isr_vector)
 .isr_vector    0x0000000008000000      0x198 ./Core/Startup/startup_stm32f411vetx.o
                0x0000000008000000                g_pfnVectors
                0x0000000008000198                . = ALIGN (0x4)

.text           0x00000000080001a0     0xb0d8
                0x00000000080001a0                . = ALIGN (0x4)
 *(.text)
 .text          0x00000000080001a0       0x40 /Applications/STM32CubeIDE.app/Contents/Eclipse/plugins/com.st.stm32cube.ide.mcu.externaltools.gnu-tools-for-stm32.11.3.rel1.macos64_1.1.1.202309131626/tools/bin/../lib/gcc/arm-none-eabi/11.3.1/thumb/v7e-m+fp/hard/crtbegin.o
 .text          0x00000000080001e0       0x10 /Applications/STM32CubeIDE.app/Contents/Eclipse/plugins/com.st.stm32cube.ide.mcu.externaltools.gnu-tools-for-stm32.11.3.rel1.macos64_1.1.1.202309131626/tools/bin/../lib/gcc/arm-none-eabi/11.3.1/../../../../arm-none-eabi/lib/thumb/v7e-m+fp/hard/libc_nano.a(libc_a-strlen.o)
                0x00000000080001e0                strlen
 .text          0x00000000080001f0       0xa0 /Applications/STM32CubeIDE.app/Contents/Eclipse/plugins/com.st.stm32cube.ide.mcu.externaltools.gnu-tools-for-stm32.11.3.rel1.macos64_1.1.1.202309131626/tools/bin/../lib/gcc/arm-none-eabi/11.3.1/../../../../arm-none-eabi/lib/thumb/v7e-m+fp/hard/libc_nano.a(libc_a-memchr.o)
                0x00000000080001f0                memchr
 .text          0x0000000008000290       0x30 /Applications/STM32CubeIDE.app/Contents/Eclipse/plugins/com.st.stm32cube.ide.mcu.externaltools.gnu-tools-for-stm32.11.3.rel1.macos64_1.1.1.202309131626/tools/bin/../lib/gcc/arm-none-eabi/11.3.1/thumb/v7e-m+fp/hard/libgcc.a(_aeabi_uldivmod.o)
                0x0000000008000290                __aeabi_uldivmod
 .text          0x00000000080002c0      0x2c8 /Applications/STM32CubeIDE.app/Contents/Eclipse/plugins/com.st.stm32cube.ide.mcu.externaltools.gnu-tools-for-stm32.11.3.rel1.macos64_1.1.1.202309131626/tools/bin/../lib/gcc/arm-none-eabi/11.3.1/thumb/v7e-m+fp/hard/libgcc.a(_udivmoddi4.o)
                0x00000000080002c0                __udivmoddi4
 .text          0x0000000008000588        0x4 /Applications/STM32CubeIDE.app/Contents/Eclipse/plugins/com.st.stm32cube.ide.mcu.externaltools.gnu-tools-for-stm32.11.3.rel1.macos64_1.1.1.202309131626/tools/bin/../lib/gcc/arm-none-eabi/11.3.1/thumb/v7e-m+fp/hard/libgcc.a(_dvmd_tls.o)
                0x0000000008000588                __aeabi_ldiv0
                0x0000000008000588                __aeabi_idiv0
 *(.text*)
 .text.MX_GPIO_Init
                0x000000000800058c      0x274 ./Core/Src/gpio.o
                0x000000000800058c                MX_GPIO_Init
 .text.MX_I2C1_Init
                0x0000000008000800       0x5c ./Core/Src/i2c.o
                0x0000000008000800                MX_I2C1_Init
 .text.HAL_I2C_MspInit
                0x000000000800085c       0x90 ./Core/Src/i2c.o
                0x000000000800085c                HAL_I2C_MspInit
 .text.MX_I2S2_Init
                0x00000000080008ec       0x5c ./Core/Src/i2s.o
                0x00000000080008ec                MX_I2S2_Init
 .text.MX_I2S3_Init
                0x0000000008000948       0x60 ./Core/Src/i2s.o
                0x0000000008000948                MX_I2S3_Init
 .text.HAL_I2S_MspInit
                0x00000000080009a8      0x19c ./Core/Src/i2s.o
                0x00000000080009a8                HAL_I2S_MspInit
 .text.LCD5110_refresh
                0x0000000008000b44       0x18 ./Core/Src/lcd5110.o
                0x0000000008000b44                LCD5110_refresh
 .text.LCD5110_set_cursor
                0x0000000008000b5c       0x24 ./Core/Src/lcd5110.o
                0x0000000008000b5c                LCD5110_set_cursor
 .text.LCD5110_clear_scr
                0x0000000008000b80       0x22 ./Core/Src/lcd5110.o
                0x0000000008000b80                LCD5110_clear_scr
 .text.LCD5110_print
                0x0000000008000ba2       0x24 ./Core/Src/lcd5110.o
                0x0000000008000ba2                LCD5110_print
 .text.LCD5110_max
                0x0000000008000bc6       0x20 ./Core/Src/lcd5110.o
 .text.LCD5110_min
                0x0000000008000be6       0x20 ./Core/Src/lcd5110.o
 .text.LCD5110_wline
                0x0000000008000c06      0x198 ./Core/Src/lcd5110.o
                0x0000000008000c06                LCD5110_wline
 .text.LCD5110_wrect
                0x0000000008000d9e      0x134 ./Core/Src/lcd5110.o
                0x0000000008000d9e                LCD5110_wrect
 .text.LCD5110_rect
                0x0000000008000ed2       0x24 ./Core/Src/lcd5110.o
                0x0000000008000ed2                LCD5110_rect
 .text.LCD5110_rect_fill
                0x0000000008000ef6       0x6e ./Core/Src/lcd5110.o
                0x0000000008000ef6                LCD5110_rect_fill
 .text.LCD5110_wputchar
                0x0000000008000f64       0xb0 ./Core/Src/lcd5110.o
                0x0000000008000f64                LCD5110_wputchar
 .text.LCD5110_wset_cursor
                0x0000000008001014       0x2a ./Core/Src/lcd5110.o
                0x0000000008001014                LCD5110_wset_cursor
 .text.LCD5110_wendl
                0x000000000800103e       0x40 ./Core/Src/lcd5110.o
                0x000000000800103e                LCD5110_wendl
 *fill*         0x000000000800107e        0x2 
 .text.LCD5110_wprint
                0x0000000008001080       0xd0 ./Core/Src/lcd5110.o
                0x0000000008001080                LCD5110_wprint
 .text.xy_to_pix
                0x0000000008001150       0x48 ./Core/Src/lcd5110_hal.o
 .text.LCD5110_clrscr
                0x0000000008001198       0x36 ./Core/Src/lcd5110_hal.o
                0x0000000008001198                LCD5110_clrscr
 .text.LCD5110_putpix
                0x00000000080011ce       0x80 ./Core/Src/lcd5110_hal.o
                0x00000000080011ce                LCD5110_putpix
 .text.LCD5110_drawBitmap
                0x000000000800124e       0xa2 ./Core/Src/lcd5110_hal.o
                0x000000000800124e                LCD5110_drawBitmap
 .text.send_byte_to_LCD5110
                0x00000000080012f0       0x26 ./Core/Src/lcd5110_ll.o
 .text.send_data_to_LCD5110
                0x0000000008001316       0x28 ./Core/Src/lcd5110_ll.o
 .text.LCD5110_CE_off
                0x000000000800133e       0x20 ./Core/Src/lcd5110_ll.o
 .text.LCD5110_DC_on
                0x000000000800135e       0x20 ./Core/Src/lcd5110_ll.o
 .text.LCD5110_DC_off
                0x000000000800137e       0x20 ./Core/Src/lcd5110_ll.o
 .text.LCD5110_RST_on
                0x000000000800139e       0x20 ./Core/Src/lcd5110_ll.o
 .text.LCD5110_RST_off
                0x00000000080013be       0x20 ./Core/Src/lcd5110_ll.o
 .text.LCD5110_set_function
                0x00000000080013de       0x34 ./Core/Src/lcd5110_ll.o
 .text.LCD5110_set_mode_base
                0x0000000008001412       0x2e ./Core/Src/lcd5110_ll.o
 .text.LCD5110_set_voltage_ext
                0x0000000008001440       0x32 ./Core/Src/lcd5110_ll.o
 .text.LCD5110_set_temp_coef_ext
                0x0000000008001472       0x30 ./Core/Src/lcd5110_ll.o
 .text.LCD5110_set_bias_ext
                0x00000000080014a2       0x30 ./Core/Src/lcd5110_ll.o
 .text.LCD5110_set_X_base
                0x00000000080014d2       0x3e ./Core/Src/lcd5110_ll.o
 .text.LCD5110_set_Y_base
                0x0000000008001510       0x3e ./Core/Src/lcd5110_ll.o
 .text.LCD5110_set_XY_base
                0x000000000800154e       0x4a ./Core/Src/lcd5110_ll.o
 .text.SPI_enable
                0x0000000008001598       0x28 ./Core/Src/lcd5110_ll.o
 .text.LCD5110_init
                0x00000000080015c0       0x8a ./Core/Src/lcd5110_ll.o
                0x00000000080015c0                LCD5110_init
 .text.LCD5110_refresh_ll
                0x000000000800164a       0x3c ./Core/Src/lcd5110_ll.o
                0x000000000800164a                LCD5110_refresh_ll
 *fill*         0x0000000008001686        0x2 
 .text.keypad_init
                0x0000000008001688       0xc8 ./Core/Src/main.o
                0x0000000008001688                keypad_init
 .text.keypad_scan
                0x0000000008001750      0x1d0 ./Core/Src/main.o
                0x0000000008001750                keypad_scan
 .text.init_screen.3
                0x0000000008001920       0x7c ./Core/Src/main.o
 .text.main     0x000000000800199c      0xb2c ./Core/Src/main.o
                0x000000000800199c                main
 .text.call_screen.4
                0x00000000080024c8       0x5c ./Core/Src/main.o
 .text.main_screen.2
                0x0000000008002524      0x154 ./Core/Src/main.o
 .text.screen_for_message_sending.1
                0x0000000008002678       0x7c ./Core/Src/main.o
 .text.type_message_scren.0
                0x00000000080026f4       0x54 ./Core/Src/main.o
 .text.SystemClock_Config
                0x0000000008002748       0xd0 ./Core/Src/main.o
                0x0000000008002748                SystemClock_Config
 .text.PeriphCommonClock_Config
                0x0000000008002818       0x40 ./Core/Src/main.o
                0x0000000008002818                PeriphCommonClock_Config
 .text.Error_Handler
                0x0000000008002858        0xa ./Core/Src/main.o
                0x0000000008002858                Error_Handler
 *fill*         0x0000000008002862        0x2 
 .text.MX_SPI1_Init
                0x0000000008002864       0x6c ./Core/Src/spi.o
                0x0000000008002864                MX_SPI1_Init
 .text.HAL_SPI_MspInit
                0x00000000080028d0       0x90 ./Core/Src/spi.o
                0x00000000080028d0                HAL_SPI_MspInit
 .text.HAL_MspInit
                0x0000000008002960       0x50 ./Core/Src/stm32f4xx_hal_msp.o
                0x0000000008002960                HAL_MspInit
 .text.NMI_Handler
                0x00000000080029b0        0x6 ./Core/Src/stm32f4xx_it.o
                0x00000000080029b0                NMI_Handler
 .text.HardFault_Handler
                0x00000000080029b6        0x6 ./Core/Src/stm32f4xx_it.o
                0x00000000080029b6                HardFault_Handler
 .text.MemManage_Handler
                0x00000000080029bc        0x6 ./Core/Src/stm32f4xx_it.o
                0x00000000080029bc                MemManage_Handler
 .text.BusFault_Handler
                0x00000000080029c2        0x6 ./Core/Src/stm32f4xx_it.o
                0x00000000080029c2                BusFault_Handler
 .text.UsageFault_Handler
                0x00000000080029c8        0x6 ./Core/Src/stm32f4xx_it.o
                0x00000000080029c8                UsageFault_Handler
 .text.SVC_Handler
                0x00000000080029ce        0xe ./Core/Src/stm32f4xx_it.o
                0x00000000080029ce                SVC_Handler
 .text.DebugMon_Handler
                0x00000000080029dc        0xe ./Core/Src/stm32f4xx_it.o
                0x00000000080029dc                DebugMon_Handler
 .text.PendSV_Handler
                0x00000000080029ea        0xe ./Core/Src/stm32f4xx_it.o
                0x00000000080029ea                PendSV_Handler
 .text.SysTick_Handler
                0x00000000080029f8        0xc ./Core/Src/stm32f4xx_it.o
                0x00000000080029f8                SysTick_Handler
 .text.EXTI0_IRQHandler
                0x0000000008002a04        0xe ./Core/Src/stm32f4xx_it.o
                0x0000000008002a04                EXTI0_IRQHandler
 .text.EXTI1_IRQHandler
                0x0000000008002a12        0xe ./Core/Src/stm32f4xx_it.o
                0x0000000008002a12                EXTI1_IRQHandler
 .text.EXTI2_IRQHandler
                0x0000000008002a20        0xe ./Core/Src/stm32f4xx_it.o
                0x0000000008002a20                EXTI2_IRQHandler
 .text.EXTI3_IRQHandler
                0x0000000008002a2e        0xe ./Core/Src/stm32f4xx_it.o
                0x0000000008002a2e                EXTI3_IRQHandler
 .text.OTG_FS_IRQHandler
                0x0000000008002a3c       0x14 ./Core/Src/stm32f4xx_it.o
                0x0000000008002a3c                OTG_FS_IRQHandler
 .text._sbrk    0x0000000008002a50       0x6c ./Core/Src/sysmem.o
                0x0000000008002a50                _sbrk
 .text.SystemInit
                0x0000000008002abc       0x24 ./Core/Src/system_stm32f4xx.o
                0x0000000008002abc                SystemInit
 .text.MX_USART1_UART_Init
                0x0000000008002ae0       0x54 ./Core/Src/usart.o
                0x0000000008002ae0                MX_USART1_UART_Init
 .text.HAL_UART_MspInit
                0x0000000008002b34       0xd0 ./Core/Src/usart.o
                0x0000000008002b34                HAL_UART_MspInit
 .text.Reset_Handler
                0x0000000008002c04       0x50 ./Core/Startup/startup_stm32f411vetx.o
                0x0000000008002c04                Reset_Handler
 .text.Default_Handler
                0x0000000008002c54        0x2 ./Core/Startup/startup_stm32f411vetx.o
                0x0000000008002c54                DMA1_Stream3_IRQHandler
                0x0000000008002c54                SPI4_IRQHandler
                0x0000000008002c54                TIM1_CC_IRQHandler
                0x0000000008002c54                DMA2_Stream5_IRQHandler
                0x0000000008002c54                DMA1_Stream5_IRQHandler
                0x0000000008002c54                PVD_IRQHandler
                0x0000000008002c54                SDIO_IRQHandler
                0x0000000008002c54                TAMP_STAMP_IRQHandler
                0x0000000008002c54                TIM1_UP_TIM10_IRQHandler
                0x0000000008002c54                I2C3_ER_IRQHandler
                0x0000000008002c54                I2C2_EV_IRQHandler
                0x0000000008002c54                DMA1_Stream2_IRQHandler
                0x0000000008002c54                FPU_IRQHandler
                0x0000000008002c54                DMA2_Stream2_IRQHandler
                0x0000000008002c54                SPI1_IRQHandler
                0x0000000008002c54                TIM1_BRK_TIM9_IRQHandler
                0x0000000008002c54                DMA2_Stream3_IRQHandler
                0x0000000008002c54                USART6_IRQHandler
                0x0000000008002c54                DMA2_Stream0_IRQHandler
                0x0000000008002c54                TIM4_IRQHandler
                0x0000000008002c54                I2C1_EV_IRQHandler
                0x0000000008002c54                DMA1_Stream6_IRQHandler
                0x0000000008002c54                DMA1_Stream1_IRQHandler
                0x0000000008002c54                TIM3_IRQHandler
                0x0000000008002c54                RCC_IRQHandler
                0x0000000008002c54                Default_Handler
                0x0000000008002c54                EXTI15_10_IRQHandler
                0x0000000008002c54                ADC_IRQHandler
                0x0000000008002c54                DMA1_Stream7_IRQHandler
                0x0000000008002c54                SPI5_IRQHandler
                0x0000000008002c54                TIM5_IRQHandler
                0x0000000008002c54                DMA2_Stream7_IRQHandler
                0x0000000008002c54                I2C3_EV_IRQHandler
                0x0000000008002c54                EXTI9_5_IRQHandler
                0x0000000008002c54                RTC_WKUP_IRQHandler
                0x0000000008002c54                SPI2_IRQHandler
                0x0000000008002c54                DMA1_Stream0_IRQHandler
                0x0000000008002c54                EXTI4_IRQHandler
                0x0000000008002c54                WWDG_IRQHandler
                0x0000000008002c54                TIM2_IRQHandler
                0x0000000008002c54                OTG_FS_WKUP_IRQHandler
                0x0000000008002c54                TIM1_TRG_COM_TIM11_IRQHandler
                0x0000000008002c54                USART2_IRQHandler
                0x0000000008002c54                I2C2_ER_IRQHandler
                0x0000000008002c54                DMA2_Stream1_IRQHandler
                0x0000000008002c54                FLASH_IRQHandler
                0x0000000008002c54                DMA2_Stream4_IRQHandler
                0x0000000008002c54                USART1_IRQHandler
                0x0000000008002c54                SPI3_IRQHandler
                0x0000000008002c54                DMA1_Stream4_IRQHandler
                0x0000000008002c54                I2C1_ER_IRQHandler
                0x0000000008002c54                DMA2_Stream6_IRQHandler
                0x0000000008002c54                RTC_Alarm_IRQHandler
 *fill*         0x0000000008002c56        0x2 
 .text.HAL_Init
                0x0000000008002c58       0x44 ./Drivers/STM32F4xx_HAL_Driver/Src/stm32f4xx_hal.o
                0x0000000008002c58                HAL_Init
 .text.HAL_InitTick
                0x0000000008002c9c       0x60 ./Drivers/STM32F4xx_HAL_Driver/Src/stm32f4xx_hal.o
                0x0000000008002c9c                HAL_InitTick
 .text.HAL_IncTick
                0x0000000008002cfc       0x28 ./Drivers/STM32F4xx_HAL_Driver/Src/stm32f4xx_hal.o
                0x0000000008002cfc                HAL_IncTick
 .text.HAL_GetTick
                0x0000000008002d24       0x18 ./Drivers/STM32F4xx_HAL_Driver/Src/stm32f4xx_hal.o
                0x0000000008002d24                HAL_GetTick
 .text.HAL_Delay
                0x0000000008002d3c       0x48 ./Drivers/STM32F4xx_HAL_Driver/Src/stm32f4xx_hal.o
                0x0000000008002d3c                HAL_Delay
 .text.__NVIC_SetPriorityGrouping
                0x0000000008002d84       0x48 ./Drivers/STM32F4xx_HAL_Driver/Src/stm32f4xx_hal_cortex.o
 .text.__NVIC_GetPriorityGrouping
                0x0000000008002dcc       0x1c ./Drivers/STM32F4xx_HAL_Driver/Src/stm32f4xx_hal_cortex.o
 .text.__NVIC_EnableIRQ
                0x0000000008002de8       0x3c ./Drivers/STM32F4xx_HAL_Driver/Src/stm32f4xx_hal_cortex.o
 .text.__NVIC_SetPriority
                0x0000000008002e24       0x54 ./Drivers/STM32F4xx_HAL_Driver/Src/stm32f4xx_hal_cortex.o
 .text.NVIC_EncodePriority
                0x0000000008002e78       0x66 ./Drivers/STM32F4xx_HAL_Driver/Src/stm32f4xx_hal_cortex.o
 *fill*         0x0000000008002ede        0x2 
 .text.SysTick_Config
                0x0000000008002ee0       0x44 ./Drivers/STM32F4xx_HAL_Driver/Src/stm32f4xx_hal_cortex.o
 .text.HAL_NVIC_SetPriorityGrouping
                0x0000000008002f24       0x16 ./Drivers/STM32F4xx_HAL_Driver/Src/stm32f4xx_hal_cortex.o
                0x0000000008002f24                HAL_NVIC_SetPriorityGrouping
 .text.HAL_NVIC_SetPriority
                0x0000000008002f3a       0x38 ./Drivers/STM32F4xx_HAL_Driver/Src/stm32f4xx_hal_cortex.o
                0x0000000008002f3a                HAL_NVIC_SetPriority
 .text.HAL_NVIC_EnableIRQ
                0x0000000008002f72       0x1c ./Drivers/STM32F4xx_HAL_Driver/Src/stm32f4xx_hal_cortex.o
                0x0000000008002f72                HAL_NVIC_EnableIRQ
 .text.HAL_SYSTICK_Config
                0x0000000008002f8e       0x18 ./Drivers/STM32F4xx_HAL_Driver/Src/stm32f4xx_hal_cortex.o
                0x0000000008002f8e                HAL_SYSTICK_Config
 *fill*         0x0000000008002fa6        0x2 
 .text.HAL_GPIO_Init
                0x0000000008002fa8      0x308 ./Drivers/STM32F4xx_HAL_Driver/Src/stm32f4xx_hal_gpio.o
                0x0000000008002fa8                HAL_GPIO_Init
 .text.HAL_GPIO_ReadPin
                0x00000000080032b0       0x30 ./Drivers/STM32F4xx_HAL_Driver/Src/stm32f4xx_hal_gpio.o
                0x00000000080032b0                HAL_GPIO_ReadPin
 .text.HAL_GPIO_WritePin
                0x00000000080032e0       0x32 ./Drivers/STM32F4xx_HAL_Driver/Src/stm32f4xx_hal_gpio.o
                0x00000000080032e0                HAL_GPIO_WritePin
 *fill*         0x0000000008003312        0x2 
 .text.HAL_GPIO_EXTI_IRQHandler
                0x0000000008003314       0x30 ./Drivers/STM32F4xx_HAL_Driver/Src/stm32f4xx_hal_gpio.o
                0x0000000008003314                HAL_GPIO_EXTI_IRQHandler
 .text.HAL_GPIO_EXTI_Callback
                0x0000000008003344       0x16 ./Drivers/STM32F4xx_HAL_Driver/Src/stm32f4xx_hal_gpio.o
                0x0000000008003344                HAL_GPIO_EXTI_Callback
 *fill*         0x000000000800335a        0x2 
 .text.HAL_I2C_Init
                0x000000000800335c      0x288 ./Drivers/STM32F4xx_HAL_Driver/Src/stm32f4xx_hal_i2c.o
                0x000000000800335c                HAL_I2C_Init
 .text.HAL_I2S_Init
                0x00000000080035e4      0x280 ./Drivers/STM32F4xx_HAL_Driver/Src/stm32f4xx_hal_i2s.o
                0x00000000080035e4                HAL_I2S_Init
 .text.HAL_I2S_TxCpltCallback
                0x0000000008003864       0x14 ./Drivers/STM32F4xx_HAL_Driver/Src/stm32f4xx_hal_i2s.o
                0x0000000008003864                HAL_I2S_TxCpltCallback
 .text.HAL_I2S_RxCpltCallback
                0x0000000008003878       0x14 ./Drivers/STM32F4xx_HAL_Driver/Src/stm32f4xx_hal_i2s.o
                0x0000000008003878                HAL_I2S_RxCpltCallback
 .text.HAL_I2S_ErrorCallback
                0x000000000800388c       0x14 ./Drivers/STM32F4xx_HAL_Driver/Src/stm32f4xx_hal_i2s.o
                0x000000000800388c                HAL_I2S_ErrorCallback
 .text.I2S_Transmit_IT
                0x00000000080038a0       0x5c ./Drivers/STM32F4xx_HAL_Driver/Src/stm32f4xx_hal_i2s.o
 .text.I2S_Receive_IT
                0x00000000080038fc       0x5e ./Drivers/STM32F4xx_HAL_Driver/Src/stm32f4xx_hal_i2s.o
 .text.I2S_IRQHandler
                0x000000000800395a      0x114 ./Drivers/STM32F4xx_HAL_Driver/Src/stm32f4xx_hal_i2s.o
 *fill*         0x0000000008003a6e        0x2 
 .text.HAL_I2SEx_FullDuplex_IRQHandler
                0x0000000008003a70      0x2a8 ./Drivers/STM32F4xx_HAL_Driver/Src/stm32f4xx_hal_i2s_ex.o
                0x0000000008003a70                HAL_I2SEx_FullDuplex_IRQHandler
 .text.HAL_I2SEx_TxRxCpltCallback
                0x0000000008003d18       0x14 ./Drivers/STM32F4xx_HAL_Driver/Src/stm32f4xx_hal_i2s_ex.o
                0x0000000008003d18                HAL_I2SEx_TxRxCpltCallback
 .text.I2SEx_TxISR_I2S
                0x0000000008003d2c       0x62 ./Drivers/STM32F4xx_HAL_Driver/Src/stm32f4xx_hal_i2s_ex.o
 *fill*         0x0000000008003d8e        0x2 
 .text.I2SEx_TxISR_I2SExt
                0x0000000008003d90       0x98 ./Drivers/STM32F4xx_HAL_Driver/Src/stm32f4xx_hal_i2s_ex.o
 .text.I2SEx_RxISR_I2S
                0x0000000008003e28       0x64 ./Drivers/STM32F4xx_HAL_Driver/Src/stm32f4xx_hal_i2s_ex.o
 .text.I2SEx_RxISR_I2SExt
                0x0000000008003e8c       0x98 ./Drivers/STM32F4xx_HAL_Driver/Src/stm32f4xx_hal_i2s_ex.o
 .text.HAL_PCD_Init
                0x0000000008003f24      0x23a ./Drivers/STM32F4xx_HAL_Driver/Src/stm32f4xx_hal_pcd.o
                0x0000000008003f24                HAL_PCD_Init
 .text.HAL_PCD_Start
                0x000000000800415e       0x66 ./Drivers/STM32F4xx_HAL_Driver/Src/stm32f4xx_hal_pcd.o
                0x000000000800415e                HAL_PCD_Start
 .text.HAL_PCD_IRQHandler
                0x00000000080041c4      0x93e ./Drivers/STM32F4xx_HAL_Driver/Src/stm32f4xx_hal_pcd.o
                0x00000000080041c4                HAL_PCD_IRQHandler
 .text.HAL_PCD_SetAddress
                0x0000000008004b02       0x4a ./Drivers/STM32F4xx_HAL_Driver/Src/stm32f4xx_hal_pcd.o
                0x0000000008004b02                HAL_PCD_SetAddress
 .text.HAL_PCD_EP_Open
                0x0000000008004b4c       0xd0 ./Drivers/STM32F4xx_HAL_Driver/Src/stm32f4xx_hal_pcd.o
                0x0000000008004b4c                HAL_PCD_EP_Open
 .text.HAL_PCD_EP_Close
                0x0000000008004c1c       0x94 ./Drivers/STM32F4xx_HAL_Driver/Src/stm32f4xx_hal_pcd.o
                0x0000000008004c1c                HAL_PCD_EP_Close
 .text.HAL_PCD_EP_Receive
                0x0000000008004cb0       0x96 ./Drivers/STM32F4xx_HAL_Driver/Src/stm32f4xx_hal_pcd.o
                0x0000000008004cb0                HAL_PCD_EP_Receive
 .text.HAL_PCD_EP_Transmit
                0x0000000008004d46       0x94 ./Drivers/STM32F4xx_HAL_Driver/Src/stm32f4xx_hal_pcd.o
                0x0000000008004d46                HAL_PCD_EP_Transmit
 .text.HAL_PCD_EP_SetStall
                0x0000000008004dda       0xc8 ./Drivers/STM32F4xx_HAL_Driver/Src/stm32f4xx_hal_pcd.o
                0x0000000008004dda                HAL_PCD_EP_SetStall
 .text.HAL_PCD_EP_ClrStall
                0x0000000008004ea2       0xac ./Drivers/STM32F4xx_HAL_Driver/Src/stm32f4xx_hal_pcd.o
                0x0000000008004ea2                HAL_PCD_EP_ClrStall
 .text.HAL_PCD_EP_Abort
                0x0000000008004f4e       0x62 ./Drivers/STM32F4xx_HAL_Driver/Src/stm32f4xx_hal_pcd.o
                0x0000000008004f4e                HAL_PCD_EP_Abort
 .text.PCD_WriteEmptyTxFifo
                0x0000000008004fb0      0x11a ./Drivers/STM32F4xx_HAL_Driver/Src/stm32f4xx_hal_pcd.o
 *fill*         0x00000000080050ca        0x2 
 .text.PCD_EP_OutXfrComplete_int
                0x00000000080050cc      0x1d0 ./Drivers/STM32F4xx_HAL_Driver/Src/stm32f4xx_hal_pcd.o
 .text.PCD_EP_OutSetupPacket_int
                0x000000000800529c       0x8c ./Drivers/STM32F4xx_HAL_Driver/Src/stm32f4xx_hal_pcd.o
 .text.HAL_PCDEx_SetTxFiFo
                0x0000000008005328       0x8e ./Drivers/STM32F4xx_HAL_Driver/Src/stm32f4xx_hal_pcd_ex.o
                0x0000000008005328                HAL_PCDEx_SetTxFiFo
 .text.HAL_PCDEx_SetRxFiFo
                0x00000000080053b6       0x22 ./Drivers/STM32F4xx_HAL_Driver/Src/stm32f4xx_hal_pcd_ex.o
                0x00000000080053b6                HAL_PCDEx_SetRxFiFo
 .text.HAL_PCDEx_LPM_Callback
                0x00000000080053d8       0x18 ./Drivers/STM32F4xx_HAL_Driver/Src/stm32f4xx_hal_pcd_ex.o
                0x00000000080053d8                HAL_PCDEx_LPM_Callback
 .text.HAL_RCC_OscConfig
                0x00000000080053f0      0x4f0 ./Drivers/STM32F4xx_HAL_Driver/Src/stm32f4xx_hal_rcc.o
                0x00000000080053f0                HAL_RCC_OscConfig
 .text.HAL_RCC_ClockConfig
                0x00000000080058e0      0x1cc ./Drivers/STM32F4xx_HAL_Driver/Src/stm32f4xx_hal_rcc.o
                0x00000000080058e0                HAL_RCC_ClockConfig
 .text.HAL_RCC_GetSysClockFreq
                0x0000000008005aac      0x20c ./Drivers/STM32F4xx_HAL_Driver/Src/stm32f4xx_hal_rcc.o
                0x0000000008005aac                HAL_RCC_GetSysClockFreq
 .text.HAL_RCC_GetHCLKFreq
                0x0000000008005cb8       0x18 ./Drivers/STM32F4xx_HAL_Driver/Src/stm32f4xx_hal_rcc.o
                0x0000000008005cb8                HAL_RCC_GetHCLKFreq
 .text.HAL_RCC_GetPCLK1Freq
                0x0000000008005cd0       0x28 ./Drivers/STM32F4xx_HAL_Driver/Src/stm32f4xx_hal_rcc.o
                0x0000000008005cd0                HAL_RCC_GetPCLK1Freq
 .text.HAL_RCC_GetPCLK2Freq
                0x0000000008005cf8       0x28 ./Drivers/STM32F4xx_HAL_Driver/Src/stm32f4xx_hal_rcc.o
                0x0000000008005cf8                HAL_RCC_GetPCLK2Freq
 .text.HAL_RCCEx_PeriphCLKConfig
                0x0000000008005d20      0x1e0 ./Drivers/STM32F4xx_HAL_Driver/Src/stm32f4xx_hal_rcc_ex.o
                0x0000000008005d20                HAL_RCCEx_PeriphCLKConfig
 .text.HAL_RCCEx_GetPeriphCLKFreq
                0x0000000008005f00       0xc0 ./Drivers/STM32F4xx_HAL_Driver/Src/stm32f4xx_hal_rcc_ex.o
                0x0000000008005f00                HAL_RCCEx_GetPeriphCLKFreq
 .text.HAL_SPI_Init
                0x0000000008005fc0      0x112 ./Drivers/STM32F4xx_HAL_Driver/Src/stm32f4xx_hal_spi.o
                0x0000000008005fc0                HAL_SPI_Init
 .text.HAL_SPI_Transmit
                0x00000000080060d2      0x278 ./Drivers/STM32F4xx_HAL_Driver/Src/stm32f4xx_hal_spi.o
                0x00000000080060d2                HAL_SPI_Transmit
 *fill*         0x000000000800634a        0x2 
 .text.SPI_WaitFlagStateUntilTimeout
                0x000000000800634c      0x110 ./Drivers/STM32F4xx_HAL_Driver/Src/stm32f4xx_hal_spi.o
 .text.SPI_EndRxTxTransaction
                0x000000000800645c       0x84 ./Drivers/STM32F4xx_HAL_Driver/Src/stm32f4xx_hal_spi.o
 .text.HAL_UART_Init
                0x00000000080064e0       0x9a ./Drivers/STM32F4xx_HAL_Driver/Src/stm32f4xx_hal_uart.o
                0x00000000080064e0                HAL_UART_Init
 .text.HAL_UART_Transmit
                0x000000000800657a      0x124 ./Drivers/STM32F4xx_HAL_Driver/Src/stm32f4xx_hal_uart.o
                0x000000000800657a                HAL_UART_Transmit
 .text.HAL_UART_Receive
                0x000000000800669e      0x144 ./Drivers/STM32F4xx_HAL_Driver/Src/stm32f4xx_hal_uart.o
                0x000000000800669e                HAL_UART_Receive
 .text.UART_WaitOnFlagUntilTimeout
                0x00000000080067e2       0xdc ./Drivers/STM32F4xx_HAL_Driver/Src/stm32f4xx_hal_uart.o
 *fill*         0x00000000080068be        0x2 
 .text.UART_SetConfig
                0x00000000080068c0      0x4e8 ./Drivers/STM32F4xx_HAL_Driver/Src/stm32f4xx_hal_uart.o
 .text.USB_CoreInit
                0x0000000008006da8       0xc2 ./Drivers/STM32F4xx_HAL_Driver/Src/stm32f4xx_ll_usb.o
                0x0000000008006da8                USB_CoreInit
 *fill*         0x0000000008006e6a        0x2 
 .text.USB_SetTurnaroundTime
                0x0000000008006e6c      0x144 ./Drivers/STM32F4xx_HAL_Driver/Src/stm32f4xx_ll_usb.o
                0x0000000008006e6c                USB_SetTurnaroundTime
 .text.USB_EnableGlobalInt
                0x0000000008006fb0       0x22 ./Drivers/STM32F4xx_HAL_Driver/Src/stm32f4xx_ll_usb.o
                0x0000000008006fb0                USB_EnableGlobalInt
 .text.USB_DisableGlobalInt
                0x0000000008006fd2       0x22 ./Drivers/STM32F4xx_HAL_Driver/Src/stm32f4xx_ll_usb.o
                0x0000000008006fd2                USB_DisableGlobalInt
 .text.USB_SetCurrentMode
                0x0000000008006ff4       0x98 ./Drivers/STM32F4xx_HAL_Driver/Src/stm32f4xx_ll_usb.o
                0x0000000008006ff4                USB_SetCurrentMode
 .text.USB_DevInit
                0x000000000800708c      0x2c8 ./Drivers/STM32F4xx_HAL_Driver/Src/stm32f4xx_ll_usb.o
                0x000000000800708c                USB_DevInit
 .text.USB_FlushTxFifo
                0x0000000008007354       0x68 ./Drivers/STM32F4xx_HAL_Driver/Src/stm32f4xx_ll_usb.o
                0x0000000008007354                USB_FlushTxFifo
 .text.USB_FlushRxFifo
                0x00000000080073bc       0x60 ./Drivers/STM32F4xx_HAL_Driver/Src/stm32f4xx_ll_usb.o
                0x00000000080073bc                USB_FlushRxFifo
 .text.USB_SetDevSpeed
                0x000000000800741c       0x32 ./Drivers/STM32F4xx_HAL_Driver/Src/stm32f4xx_ll_usb.o
                0x000000000800741c                USB_SetDevSpeed
 .text.USB_GetDevSpeed
                0x000000000800744e       0x4a ./Drivers/STM32F4xx_HAL_Driver/Src/stm32f4xx_ll_usb.o
                0x000000000800744e                USB_GetDevSpeed
 .text.USB_ActivateEndpoint
                0x0000000008007498      0x10e ./Drivers/STM32F4xx_HAL_Driver/Src/stm32f4xx_ll_usb.o
                0x0000000008007498                USB_ActivateEndpoint
 *fill*         0x00000000080075a6        0x2 
 .text.USB_DeactivateEndpoint
                0x00000000080075a8      0x1b8 ./Drivers/STM32F4xx_HAL_Driver/Src/stm32f4xx_ll_usb.o
                0x00000000080075a8                USB_DeactivateEndpoint
 .text.USB_EPStartXfer
                0x0000000008007760      0x490 ./Drivers/STM32F4xx_HAL_Driver/Src/stm32f4xx_ll_usb.o
                0x0000000008007760                USB_EPStartXfer
 .text.USB_EP0StartXfer
                0x0000000008007bf0      0x2b0 ./Drivers/STM32F4xx_HAL_Driver/Src/stm32f4xx_ll_usb.o
                0x0000000008007bf0                USB_EP0StartXfer
 .text.USB_EPStopXfer
                0x0000000008007ea0      0x154 ./Drivers/STM32F4xx_HAL_Driver/Src/stm32f4xx_ll_usb.o
                0x0000000008007ea0                USB_EPStopXfer
 .text.USB_WritePacket
                0x0000000008007ff4       0x7c ./Drivers/STM32F4xx_HAL_Driver/Src/stm32f4xx_ll_usb.o
                0x0000000008007ff4                USB_WritePacket
 .text.USB_ReadPacket
                0x0000000008008070       0xb0 ./Drivers/STM32F4xx_HAL_Driver/Src/stm32f4xx_ll_usb.o
                0x0000000008008070                USB_ReadPacket
 .text.USB_EPSetStall
                0x0000000008008120       0xdc ./Drivers/STM32F4xx_HAL_Driver/Src/stm32f4xx_ll_usb.o
                0x0000000008008120                USB_EPSetStall
 .text.USB_EPClearStall
                0x00000000080081fc       0xcc ./Drivers/STM32F4xx_HAL_Driver/Src/stm32f4xx_ll_usb.o
                0x00000000080081fc                USB_EPClearStall
 .text.USB_SetDevAddress
                0x00000000080082c8       0x4c ./Drivers/STM32F4xx_HAL_Driver/Src/stm32f4xx_ll_usb.o
                0x00000000080082c8                USB_SetDevAddress
 .text.USB_DevConnect
                0x0000000008008314       0x42 ./Drivers/STM32F4xx_HAL_Driver/Src/stm32f4xx_ll_usb.o
                0x0000000008008314                USB_DevConnect
 .text.USB_DevDisconnect
                0x0000000008008356       0x42 ./Drivers/STM32F4xx_HAL_Driver/Src/stm32f4xx_ll_usb.o
                0x0000000008008356                USB_DevDisconnect
 .text.USB_ReadInterrupts
                0x0000000008008398       0x26 ./Drivers/STM32F4xx_HAL_Driver/Src/stm32f4xx_ll_usb.o
                0x0000000008008398                USB_ReadInterrupts
 .text.USB_ReadDevAllOutEpInterrupt
                0x00000000080083be       0x34 ./Drivers/STM32F4xx_HAL_Driver/Src/stm32f4xx_ll_usb.o
                0x00000000080083be                USB_ReadDevAllOutEpInterrupt
 .text.USB_ReadDevAllInEpInterrupt
                0x00000000080083f2       0x34 ./Drivers/STM32F4xx_HAL_Driver/Src/stm32f4xx_ll_usb.o
                0x00000000080083f2                USB_ReadDevAllInEpInterrupt
 .text.USB_ReadDevOutEPInterrupt
                0x0000000008008426       0x3c ./Drivers/STM32F4xx_HAL_Driver/Src/stm32f4xx_ll_usb.o
                0x0000000008008426                USB_ReadDevOutEPInterrupt
 .text.USB_ReadDevInEPInterrupt
                0x0000000008008462       0x5c ./Drivers/STM32F4xx_HAL_Driver/Src/stm32f4xx_ll_usb.o
                0x0000000008008462                USB_ReadDevInEPInterrupt
 .text.USB_GetMode
                0x00000000080084be       0x1c ./Drivers/STM32F4xx_HAL_Driver/Src/stm32f4xx_ll_usb.o
                0x00000000080084be                USB_GetMode
 .text.USB_ActivateSetup
                0x00000000080084da       0x46 ./Drivers/STM32F4xx_HAL_Driver/Src/stm32f4xx_ll_usb.o
                0x00000000080084da                USB_ActivateSetup
 .text.USB_EP0_OutStart
                0x0000000008008520       0xbc ./Drivers/STM32F4xx_HAL_Driver/Src/stm32f4xx_ll_usb.o
                0x0000000008008520                USB_EP0_OutStart
 .text.USB_CoreReset
                0x00000000080085dc       0x68 ./Drivers/STM32F4xx_HAL_Driver/Src/stm32f4xx_ll_usb.o
 .text.USBD_HID_Init
                0x0000000008008644       0xcc ./Middlewares/ST/STM32_USB_Device_Library/Class/HID/Src/usbd_hid.o
 .text.USBD_HID_DeInit
                0x0000000008008710       0x90 ./Middlewares/ST/STM32_USB_Device_Library/Class/HID/Src/usbd_hid.o
 .text.USBD_HID_Setup
                0x00000000080087a0      0x210 ./Middlewares/ST/STM32_USB_Device_Library/Class/HID/Src/usbd_hid.o
 .text.USBD_HID_GetFSCfgDesc
                0x00000000080089b0       0x34 ./Middlewares/ST/STM32_USB_Device_Library/Class/HID/Src/usbd_hid.o
 .text.USBD_HID_GetHSCfgDesc
                0x00000000080089e4       0x34 ./Middlewares/ST/STM32_USB_Device_Library/Class/HID/Src/usbd_hid.o
 .text.USBD_HID_GetOtherSpeedCfgDesc
                0x0000000008008a18       0x34 ./Middlewares/ST/STM32_USB_Device_Library/Class/HID/Src/usbd_hid.o
 .text.USBD_HID_DataIn
                0x0000000008008a4c       0x2c ./Middlewares/ST/STM32_USB_Device_Library/Class/HID/Src/usbd_hid.o
 .text.USBD_HID_GetDeviceQualifierDesc
                0x0000000008008a78       0x20 ./Middlewares/ST/STM32_USB_Device_Library/Class/HID/Src/usbd_hid.o
 .text.USBD_Init
                0x0000000008008a98       0x60 ./Middlewares/ST/STM32_USB_Device_Library/Core/Src/usbd_core.o
                0x0000000008008a98                USBD_Init
 .text.USBD_RegisterClass
                0x0000000008008af8       0x6c ./Middlewares/ST/STM32_USB_Device_Library/Core/Src/usbd_core.o
                0x0000000008008af8                USBD_RegisterClass
 .text.USBD_Start
                0x0000000008008b64       0x18 ./Middlewares/ST/STM32_USB_Device_Library/Core/Src/usbd_core.o
                0x0000000008008b64                USBD_Start
 .text.USBD_RunTestMode
                0x0000000008008b7c       0x16 ./Middlewares/ST/STM32_USB_Device_Library/Core/Src/usbd_core.o
                0x0000000008008b7c                USBD_RunTestMode
 .text.USBD_SetClassConfig
                0x0000000008008b92       0x38 ./Middlewares/ST/STM32_USB_Device_Library/Core/Src/usbd_core.o
                0x0000000008008b92                USBD_SetClassConfig
 .text.USBD_ClrClassConfig
                0x0000000008008bca       0x34 ./Middlewares/ST/STM32_USB_Device_Library/Core/Src/usbd_core.o
                0x0000000008008bca                USBD_ClrClassConfig
 .text.USBD_LL_SetupStage
                0x0000000008008bfe       0xaa ./Middlewares/ST/STM32_USB_Device_Library/Core/Src/usbd_core.o
                0x0000000008008bfe                USBD_LL_SetupStage
 .text.USBD_LL_DataOutStage
                0x0000000008008ca8      0x166 ./Middlewares/ST/STM32_USB_Device_Library/Core/Src/usbd_core.o
                0x0000000008008ca8                USBD_LL_DataOutStage
 .text.USBD_LL_DataInStage
                0x0000000008008e0e      0x164 ./Middlewares/ST/STM32_USB_Device_Library/Core/Src/usbd_core.o
                0x0000000008008e0e                USBD_LL_DataInStage
 .text.USBD_LL_Reset
                0x0000000008008f72       0xa4 ./Middlewares/ST/STM32_USB_Device_Library/Core/Src/usbd_core.o
                0x0000000008008f72                USBD_LL_Reset
 .text.USBD_LL_SetSpeed
                0x0000000008009016       0x20 ./Middlewares/ST/STM32_USB_Device_Library/Core/Src/usbd_core.o
                0x0000000008009016                USBD_LL_SetSpeed
 .text.USBD_LL_Suspend
                0x0000000008009036       0x2c ./Middlewares/ST/STM32_USB_Device_Library/Core/Src/usbd_core.o
                0x0000000008009036                USBD_LL_Suspend
 .text.USBD_LL_Resume
                0x0000000008009062       0x30 ./Middlewares/ST/STM32_USB_Device_Library/Core/Src/usbd_core.o
                0x0000000008009062                USBD_LL_Resume
 .text.USBD_LL_SOF
                0x0000000008009092       0x40 ./Middlewares/ST/STM32_USB_Device_Library/Core/Src/usbd_core.o
                0x0000000008009092                USBD_LL_SOF
 .text.USBD_LL_IsoINIncomplete
                0x00000000080090d2       0x64 ./Middlewares/ST/STM32_USB_Device_Library/Core/Src/usbd_core.o
                0x00000000080090d2                USBD_LL_IsoINIncomplete
 .text.USBD_LL_IsoOUTIncomplete
                0x0000000008009136       0x64 ./Middlewares/ST/STM32_USB_Device_Library/Core/Src/usbd_core.o
                0x0000000008009136                USBD_LL_IsoOUTIncomplete
 .text.USBD_LL_DevConnected
                0x000000000800919a       0x16 ./Middlewares/ST/STM32_USB_Device_Library/Core/Src/usbd_core.o
                0x000000000800919a                USBD_LL_DevConnected
 .text.USBD_LL_DevDisconnected
                0x00000000080091b0       0x46 ./Middlewares/ST/STM32_USB_Device_Library/Core/Src/usbd_core.o
                0x00000000080091b0                USBD_LL_DevDisconnected
 .text.USBD_CoreFindIF
                0x00000000080091f6       0x1a ./Middlewares/ST/STM32_USB_Device_Library/Core/Src/usbd_core.o
                0x00000000080091f6                USBD_CoreFindIF
 .text.USBD_CoreFindEP
                0x0000000008009210       0x1a ./Middlewares/ST/STM32_USB_Device_Library/Core/Src/usbd_core.o
                0x0000000008009210                USBD_CoreFindEP
 .text.USBD_GetEpDesc
                0x000000000800922a       0x74 ./Middlewares/ST/STM32_USB_Device_Library/Core/Src/usbd_core.o
                0x000000000800922a                USBD_GetEpDesc
 .text.USBD_GetNextDesc
                0x000000000800929e       0x3a ./Middlewares/ST/STM32_USB_Device_Library/Core/Src/usbd_core.o
                0x000000000800929e                USBD_GetNextDesc
 .text.SWAPBYTE
                0x00000000080092d8       0x3c ./Middlewares/ST/STM32_USB_Device_Library/Core/Src/usbd_ctlreq.o
 .text.USBD_StdDevReq
                0x0000000008009314       0xe4 ./Middlewares/ST/STM32_USB_Device_Library/Core/Src/usbd_ctlreq.o
                0x0000000008009314                USBD_StdDevReq
 .text.USBD_StdItfReq
                0x00000000080093f8       0xd8 ./Middlewares/ST/STM32_USB_Device_Library/Core/Src/usbd_ctlreq.o
                0x00000000080093f8                USBD_StdItfReq
 .text.USBD_StdEPReq
                0x00000000080094d0      0x33a ./Middlewares/ST/STM32_USB_Device_Library/Core/Src/usbd_ctlreq.o
                0x00000000080094d0                USBD_StdEPReq
 *fill*         0x000000000800980a        0x2 
 .text.USBD_GetDescriptor
                0x000000000800980c      0x2d4 ./Middlewares/ST/STM32_USB_Device_Library/Core/Src/usbd_ctlreq.o
 .text.USBD_SetAddress
                0x0000000008009ae0       0x88 ./Middlewares/ST/STM32_USB_Device_Library/Core/Src/usbd_ctlreq.o
 .text.USBD_SetConfig
                0x0000000008009b68      0x154 ./Middlewares/ST/STM32_USB_Device_Library/Core/Src/usbd_ctlreq.o
 .text.USBD_GetConfig
                0x0000000008009cbc       0x6c ./Middlewares/ST/STM32_USB_Device_Library/Core/Src/usbd_ctlreq.o
 .text.USBD_GetStatus
                0x0000000008009d28       0x68 ./Middlewares/ST/STM32_USB_Device_Library/Core/Src/usbd_ctlreq.o
 .text.USBD_SetFeature
                0x0000000008009d90       0x52 ./Middlewares/ST/STM32_USB_Device_Library/Core/Src/usbd_ctlreq.o
 .text.USBD_ClrFeature
                0x0000000008009de2       0x44 ./Middlewares/ST/STM32_USB_Device_Library/Core/Src/usbd_ctlreq.o
 .text.USBD_ParseSetupRequest
                0x0000000008009e26       0x74 ./Middlewares/ST/STM32_USB_Device_Library/Core/Src/usbd_ctlreq.o
                0x0000000008009e26                USBD_ParseSetupRequest
 .text.USBD_CtlError
                0x0000000008009e9a       0x22 ./Middlewares/ST/STM32_USB_Device_Library/Core/Src/usbd_ctlreq.o
                0x0000000008009e9a                USBD_CtlError
 .text.USBD_GetString
                0x0000000008009ebc       0x8c ./Middlewares/ST/STM32_USB_Device_Library/Core/Src/usbd_ctlreq.o
                0x0000000008009ebc                USBD_GetString
 .text.USBD_GetLen
                0x0000000008009f48       0x34 ./Middlewares/ST/STM32_USB_Device_Library/Core/Src/usbd_ctlreq.o
 .text.USBD_CtlSendData
                0x0000000008009f7c       0x36 ./Middlewares/ST/STM32_USB_Device_Library/Core/Src/usbd_ioreq.o
                0x0000000008009f7c                USBD_CtlSendData
 .text.USBD_CtlContinueSendData
                0x0000000008009fb2       0x22 ./Middlewares/ST/STM32_USB_Device_Library/Core/Src/usbd_ioreq.o
                0x0000000008009fb2                USBD_CtlContinueSendData
 .text.USBD_CtlContinueRx
                0x0000000008009fd4       0x22 ./Middlewares/ST/STM32_USB_Device_Library/Core/Src/usbd_ioreq.o
                0x0000000008009fd4                USBD_CtlContinueRx
 .text.USBD_CtlSendStatus
                0x0000000008009ff6       0x26 ./Middlewares/ST/STM32_USB_Device_Library/Core/Src/usbd_ioreq.o
                0x0000000008009ff6                USBD_CtlSendStatus
 .text.USBD_CtlReceiveStatus
                0x000000000800a01c       0x26 ./Middlewares/ST/STM32_USB_Device_Library/Core/Src/usbd_ioreq.o
                0x000000000800a01c                USBD_CtlReceiveStatus
 *fill*         0x000000000800a042        0x2 
 .text.MX_USB_DEVICE_Init
                0x000000000800a044       0x4c ./USB_DEVICE/App/usb_device.o
                0x000000000800a044                MX_USB_DEVICE_Init
 .text.USBD_FS_DeviceDescriptor
                0x000000000800a090       0x24 ./USB_DEVICE/App/usbd_desc.o
                0x000000000800a090                USBD_FS_DeviceDescriptor
 .text.USBD_FS_LangIDStrDescriptor
                0x000000000800a0b4       0x24 ./USB_DEVICE/App/usbd_desc.o
                0x000000000800a0b4                USBD_FS_LangIDStrDescriptor
 .text.USBD_FS_ProductStrDescriptor
                0x000000000800a0d8       0x3c ./USB_DEVICE/App/usbd_desc.o
                0x000000000800a0d8                USBD_FS_ProductStrDescriptor
 .text.USBD_FS_ManufacturerStrDescriptor
                0x000000000800a114       0x28 ./USB_DEVICE/App/usbd_desc.o
                0x000000000800a114                USBD_FS_ManufacturerStrDescriptor
 .text.USBD_FS_SerialStrDescriptor
                0x000000000800a13c       0x24 ./USB_DEVICE/App/usbd_desc.o
                0x000000000800a13c                USBD_FS_SerialStrDescriptor
 .text.USBD_FS_ConfigStrDescriptor
                0x000000000800a160       0x3c ./USB_DEVICE/App/usbd_desc.o
                0x000000000800a160                USBD_FS_ConfigStrDescriptor
 .text.USBD_FS_InterfaceStrDescriptor
                0x000000000800a19c       0x3c ./USB_DEVICE/App/usbd_desc.o
                0x000000000800a19c                USBD_FS_InterfaceStrDescriptor
 .text.Get_SerialNum
                0x000000000800a1d8       0x58 ./USB_DEVICE/App/usbd_desc.o
 .text.IntToUnicode
                0x000000000800a230       0x7e ./USB_DEVICE/App/usbd_desc.o
 *fill*         0x000000000800a2ae        0x2 
 .text.HAL_PCD_MspInit
                0x000000000800a2b0       0xc4 ./USB_DEVICE/Target/usbd_conf.o
                0x000000000800a2b0                HAL_PCD_MspInit
 .text.HAL_PCD_SetupStageCallback
                0x000000000800a374       0x24 ./USB_DEVICE/Target/usbd_conf.o
                0x000000000800a374                HAL_PCD_SetupStageCallback
 .text.HAL_PCD_DataOutStageCallback
                0x000000000800a398       0x36 ./USB_DEVICE/Target/usbd_conf.o
                0x000000000800a398                HAL_PCD_DataOutStageCallback
 .text.HAL_PCD_DataInStageCallback
                0x000000000800a3ce       0x34 ./USB_DEVICE/Target/usbd_conf.o
                0x000000000800a3ce                HAL_PCD_DataInStageCallback
 .text.HAL_PCD_SOFCallback
                0x000000000800a402       0x1c ./USB_DEVICE/Target/usbd_conf.o
                0x000000000800a402                HAL_PCD_SOFCallback
 .text.HAL_PCD_ResetCallback
                0x000000000800a41e       0x3c ./USB_DEVICE/Target/usbd_conf.o
                0x000000000800a41e                HAL_PCD_ResetCallback
 *fill*         0x000000000800a45a        0x2 
 .text.HAL_PCD_SuspendCallback
                0x000000000800a45c       0x4c ./USB_DEVICE/Target/usbd_conf.o
                0x000000000800a45c                HAL_PCD_SuspendCallback
 .text.HAL_PCD_ResumeCallback
                0x000000000800a4a8       0x1c ./USB_DEVICE/Target/usbd_conf.o
                0x000000000800a4a8                HAL_PCD_ResumeCallback
 .text.HAL_PCD_ISOOUTIncompleteCallback
                0x000000000800a4c4       0x24 ./USB_DEVICE/Target/usbd_conf.o
                0x000000000800a4c4                HAL_PCD_ISOOUTIncompleteCallback
 .text.HAL_PCD_ISOINIncompleteCallback
                0x000000000800a4e8       0x24 ./USB_DEVICE/Target/usbd_conf.o
                0x000000000800a4e8                HAL_PCD_ISOINIncompleteCallback
 .text.HAL_PCD_ConnectCallback
                0x000000000800a50c       0x1c ./USB_DEVICE/Target/usbd_conf.o
                0x000000000800a50c                HAL_PCD_ConnectCallback
 .text.HAL_PCD_DisconnectCallback
                0x000000000800a528       0x1c ./USB_DEVICE/Target/usbd_conf.o
                0x000000000800a528                HAL_PCD_DisconnectCallback
 .text.USBD_LL_Init
                0x000000000800a544       0x98 ./USB_DEVICE/Target/usbd_conf.o
                0x000000000800a544                USBD_LL_Init
 .text.USBD_LL_Start
                0x000000000800a5dc       0x36 ./USB_DEVICE/Target/usbd_conf.o
                0x000000000800a5dc                USBD_LL_Start
 .text.USBD_LL_OpenEP
                0x000000000800a612       0x4c ./USB_DEVICE/Target/usbd_conf.o
                0x000000000800a612                USBD_LL_OpenEP
 .text.USBD_LL_CloseEP
                0x000000000800a65e       0x3e ./USB_DEVICE/Target/usbd_conf.o
                0x000000000800a65e                USBD_LL_CloseEP
 .text.USBD_LL_StallEP
                0x000000000800a69c       0x3e ./USB_DEVICE/Target/usbd_conf.o
                0x000000000800a69c                USBD_LL_StallEP
 .text.USBD_LL_ClearStallEP
                0x000000000800a6da       0x3e ./USB_DEVICE/Target/usbd_conf.o
                0x000000000800a6da                USBD_LL_ClearStallEP
 .text.USBD_LL_IsStallEP
                0x000000000800a718       0x58 ./USB_DEVICE/Target/usbd_conf.o
                0x000000000800a718                USBD_LL_IsStallEP
 .text.USBD_LL_SetUSBAddress
                0x000000000800a770       0x3e ./USB_DEVICE/Target/usbd_conf.o
                0x000000000800a770                USBD_LL_SetUSBAddress
 .text.USBD_LL_Transmit
                0x000000000800a7ae       0x42 ./USB_DEVICE/Target/usbd_conf.o
                0x000000000800a7ae                USBD_LL_Transmit
 .text.USBD_LL_PrepareReceive
                0x000000000800a7f0       0x42 ./USB_DEVICE/Target/usbd_conf.o
                0x000000000800a7f0                USBD_LL_PrepareReceive
 *fill*         0x000000000800a832        0x2 
 .text.USBD_static_malloc
                0x000000000800a834       0x1c ./USB_DEVICE/Target/usbd_conf.o
                0x000000000800a834                USBD_static_malloc
 .text.USBD_static_free
                0x000000000800a850       0x14 ./USB_DEVICE/Target/usbd_conf.o
                0x000000000800a850                USBD_static_free
 .text.USBD_Get_USB_Status
                0x000000000800a864       0x58 ./USB_DEVICE/Target/usbd_conf.o
                0x000000000800a864                USBD_Get_USB_Status
 .text.sprintf  0x000000000800a8bc       0x40 /Applications/STM32CubeIDE.app/Contents/Eclipse/plugins/com.st.stm32cube.ide.mcu.externaltools.gnu-tools-for-stm32.11.3.rel1.macos64_1.1.1.202309131626/tools/bin/../lib/gcc/arm-none-eabi/11.3.1/../../../../arm-none-eabi/lib/thumb/v7e-m+fp/hard/libc_nano.a(libc_a-sprintf.o)
                0x000000000800a8bc                sprintf
                0x000000000800a8bc                siprintf
 .text.strcat   0x000000000800a8fc       0x1e /Applications/STM32CubeIDE.app/Contents/Eclipse/plugins/com.st.stm32cube.ide.mcu.externaltools.gnu-tools-for-stm32.11.3.rel1.macos64_1.1.1.202309131626/tools/bin/../lib/gcc/arm-none-eabi/11.3.1/../../../../arm-none-eabi/lib/thumb/v7e-m+fp/hard/libc_nano.a(libc_a-strcat.o)
                0x000000000800a8fc                strcat
 .text.strstr   0x000000000800a91a       0x2c /Applications/STM32CubeIDE.app/Contents/Eclipse/plugins/com.st.stm32cube.ide.mcu.externaltools.gnu-tools-for-stm32.11.3.rel1.macos64_1.1.1.202309131626/tools/bin/../lib/gcc/arm-none-eabi/11.3.1/../../../../arm-none-eabi/lib/thumb/v7e-m+fp/hard/libc_nano.a(libc_a-strstr.o)
                0x000000000800a91a                strstr
 .text.memset   0x000000000800a946       0x10 /Applications/STM32CubeIDE.app/Contents/Eclipse/plugins/com.st.stm32cube.ide.mcu.externaltools.gnu-tools-for-stm32.11.3.rel1.macos64_1.1.1.202309131626/tools/bin/../lib/gcc/arm-none-eabi/11.3.1/../../../../arm-none-eabi/lib/thumb/v7e-m+fp/hard/libc_nano.a(libc_a-memset.o)
                0x000000000800a946                memset
 *fill*         0x000000000800a956        0x2 
 .text.__errno  0x000000000800a958        0xc /Applications/STM32CubeIDE.app/Contents/Eclipse/plugins/com.st.stm32cube.ide.mcu.externaltools.gnu-tools-for-stm32.11.3.rel1.macos64_1.1.1.202309131626/tools/bin/../lib/gcc/arm-none-eabi/11.3.1/../../../../arm-none-eabi/lib/thumb/v7e-m+fp/hard/libc_nano.a(libc_a-errno.o)
                0x000000000800a958                __errno
 .text.__libc_init_array
                0x000000000800a964       0x48 /Applications/STM32CubeIDE.app/Contents/Eclipse/plugins/com.st.stm32cube.ide.mcu.externaltools.gnu-tools-for-stm32.11.3.rel1.macos64_1.1.1.202309131626/tools/bin/../lib/gcc/arm-none-eabi/11.3.1/../../../../arm-none-eabi/lib/thumb/v7e-m+fp/hard/libc_nano.a(libc_a-init.o)
                0x000000000800a964                __libc_init_array
 .text.__retarget_lock_acquire_recursive
                0x000000000800a9ac        0x2 /Applications/STM32CubeIDE.app/Contents/Eclipse/plugins/com.st.stm32cube.ide.mcu.externaltools.gnu-tools-for-stm32.11.3.rel1.macos64_1.1.1.202309131626/tools/bin/../lib/gcc/arm-none-eabi/11.3.1/../../../../arm-none-eabi/lib/thumb/v7e-m+fp/hard/libc_nano.a(libc_a-lock.o)
                0x000000000800a9ac                __retarget_lock_acquire_recursive
 .text.__retarget_lock_release_recursive
                0x000000000800a9ae        0x2 /Applications/STM32CubeIDE.app/Contents/Eclipse/plugins/com.st.stm32cube.ide.mcu.externaltools.gnu-tools-for-stm32.11.3.rel1.macos64_1.1.1.202309131626/tools/bin/../lib/gcc/arm-none-eabi/11.3.1/../../../../arm-none-eabi/lib/thumb/v7e-m+fp/hard/libc_nano.a(libc_a-lock.o)
                0x000000000800a9ae                __retarget_lock_release_recursive
 .text.memcpy   0x000000000800a9b0       0x1c /Applications/STM32CubeIDE.app/Contents/Eclipse/plugins/com.st.stm32cube.ide.mcu.externaltools.gnu-tools-for-stm32.11.3.rel1.macos64_1.1.1.202309131626/tools/bin/../lib/gcc/arm-none-eabi/11.3.1/../../../../arm-none-eabi/lib/thumb/v7e-m+fp/hard/libc_nano.a(libc_a-memcpy-stub.o)
                0x000000000800a9b0                memcpy
 .text.strcpy   0x000000000800a9cc       0x10 /Applications/STM32CubeIDE.app/Contents/Eclipse/plugins/com.st.stm32cube.ide.mcu.externaltools.gnu-tools-for-stm32.11.3.rel1.macos64_1.1.1.202309131626/tools/bin/../lib/gcc/arm-none-eabi/11.3.1/../../../../arm-none-eabi/lib/thumb/v7e-m+fp/hard/libc_nano.a(libc_a-strcpy.o)
                0x000000000800a9cc                strcpy
 .text.__ssputs_r
                0x000000000800a9dc       0xb4 /Applications/STM32CubeIDE.app/Contents/Eclipse/plugins/com.st.stm32cube.ide.mcu.externaltools.gnu-tools-for-stm32.11.3.rel1.macos64_1.1.1.202309131626/tools/bin/../lib/gcc/arm-none-eabi/11.3.1/../../../../arm-none-eabi/lib/thumb/v7e-m+fp/hard/libc_nano.a(libc_a-nano-svfprintf.o)
                0x000000000800a9dc                __ssputs_r
 .text._svfprintf_r
                0x000000000800aa90      0x1fc /Applications/STM32CubeIDE.app/Contents/Eclipse/plugins/com.st.stm32cube.ide.mcu.externaltools.gnu-tools-for-stm32.11.3.rel1.macos64_1.1.1.202309131626/tools/bin/../lib/gcc/arm-none-eabi/11.3.1/../../../../arm-none-eabi/lib/thumb/v7e-m+fp/hard/libc_nano.a(libc_a-nano-svfprintf.o)
                0x000000000800aa90                _svfprintf_r
                0x000000000800aa90                _svfiprintf_r
 .text.sbrk_aligned
                0x000000000800ac8c       0x40 /Applications/STM32CubeIDE.app/Contents/Eclipse/plugins/com.st.stm32cube.ide.mcu.externaltools.gnu-tools-for-stm32.11.3.rel1.macos64_1.1.1.202309131626/tools/bin/../lib/gcc/arm-none-eabi/11.3.1/../../../../arm-none-eabi/lib/thumb/v7e-m+fp/hard/libc_nano.a(libc_a-mallocr.o)
 .text._malloc_r
                0x000000000800accc      0x100 /Applications/STM32CubeIDE.app/Contents/Eclipse/plugins/com.st.stm32cube.ide.mcu.externaltools.gnu-tools-for-stm32.11.3.rel1.macos64_1.1.1.202309131626/tools/bin/../lib/gcc/arm-none-eabi/11.3.1/../../../../arm-none-eabi/lib/thumb/v7e-m+fp/hard/libc_nano.a(libc_a-mallocr.o)
                0x000000000800accc                _malloc_r
 .text._printf_common
                0x000000000800adcc       0xda /Applications/STM32CubeIDE.app/Contents/Eclipse/plugins/com.st.stm32cube.ide.mcu.externaltools.gnu-tools-for-stm32.11.3.rel1.macos64_1.1.1.202309131626/tools/bin/../lib/gcc/arm-none-eabi/11.3.1/../../../../arm-none-eabi/lib/thumb/v7e-m+fp/hard/libc_nano.a(libc_a-nano-vfprintf_i.o)
                0x000000000800adcc                _printf_common
 *fill*         0x000000000800aea6        0x2 
 .text._printf_i
                0x000000000800aea8      0x244 /Applications/STM32CubeIDE.app/Contents/Eclipse/plugins/com.st.stm32cube.ide.mcu.externaltools.gnu-tools-for-stm32.11.3.rel1.macos64_1.1.1.202309131626/tools/bin/../lib/gcc/arm-none-eabi/11.3.1/../../../../arm-none-eabi/lib/thumb/v7e-m+fp/hard/libc_nano.a(libc_a-nano-vfprintf_i.o)
                0x000000000800aea8                _printf_i
 .text.__malloc_lock
                0x000000000800b0ec        0xc /Applications/STM32CubeIDE.app/Contents/Eclipse/plugins/com.st.stm32cube.ide.mcu.externaltools.gnu-tools-for-stm32.11.3.rel1.macos64_1.1.1.202309131626/tools/bin/../lib/gcc/arm-none-eabi/11.3.1/../../../../arm-none-eabi/lib/thumb/v7e-m+fp/hard/libc_nano.a(libc_a-mlock.o)
                0x000000000800b0ec                __malloc_lock
 .text.__malloc_unlock
                0x000000000800b0f8        0xc /Applications/STM32CubeIDE.app/Contents/Eclipse/plugins/com.st.stm32cube.ide.mcu.externaltools.gnu-tools-for-stm32.11.3.rel1.macos64_1.1.1.202309131626/tools/bin/../lib/gcc/arm-none-eabi/11.3.1/../../../../arm-none-eabi/lib/thumb/v7e-m+fp/hard/libc_nano.a(libc_a-mlock.o)
                0x000000000800b0f8                __malloc_unlock
 .text._realloc_r
                0x000000000800b104       0x5e /Applications/STM32CubeIDE.app/Contents/Eclipse/plugins/com.st.stm32cube.ide.mcu.externaltools.gnu-tools-for-stm32.11.3.rel1.macos64_1.1.1.202309131626/tools/bin/../lib/gcc/arm-none-eabi/11.3.1/../../../../arm-none-eabi/lib/thumb/v7e-m+fp/hard/libc_nano.a(libc_a-reallocr.o)
                0x000000000800b104                _realloc_r
 .text.memmove  0x000000000800b162       0x34 /Applications/STM32CubeIDE.app/Contents/Eclipse/plugins/com.st.stm32cube.ide.mcu.externaltools.gnu-tools-for-stm32.11.3.rel1.macos64_1.1.1.202309131626/tools/bin/../lib/gcc/arm-none-eabi/11.3.1/../../../../arm-none-eabi/lib/thumb/v7e-m+fp/hard/libc_nano.a(libc_a-memmove.o)
                0x000000000800b162                memmove
 *fill*         0x000000000800b196        0x2 
 .text._sbrk_r  0x000000000800b198       0x20 /Applications/STM32CubeIDE.app/Contents/Eclipse/plugins/com.st.stm32cube.ide.mcu.externaltools.gnu-tools-for-stm32.11.3.rel1.macos64_1.1.1.202309131626/tools/bin/../lib/gcc/arm-none-eabi/11.3.1/../../../../arm-none-eabi/lib/thumb/v7e-m+fp/hard/libc_nano.a(libc_a-sbrkr.o)
                0x000000000800b198                _sbrk_r
 .text._free_r  0x000000000800b1b8       0x98 /Applications/STM32CubeIDE.app/Contents/Eclipse/plugins/com.st.stm32cube.ide.mcu.externaltools.gnu-tools-for-stm32.11.3.rel1.macos64_1.1.1.202309131626/tools/bin/../lib/gcc/arm-none-eabi/11.3.1/../../../../arm-none-eabi/lib/thumb/v7e-m+fp/hard/libc_nano.a(libc_a-freer.o)
                0x000000000800b1b8                _free_r
 .text._malloc_usable_size_r
                0x000000000800b250       0x10 /Applications/STM32CubeIDE.app/Contents/Eclipse/plugins/com.st.stm32cube.ide.mcu.externaltools.gnu-tools-for-stm32.11.3.rel1.macos64_1.1.1.202309131626/tools/bin/../lib/gcc/arm-none-eabi/11.3.1/../../../../arm-none-eabi/lib/thumb/v7e-m+fp/hard/libc_nano.a(libc_a-msizer.o)
                0x000000000800b250                _malloc_usable_size_r
 *(.glue_7)
 .glue_7        0x000000000800b260        0x0 linker stubs
 *(.glue_7t)
 .glue_7t       0x000000000800b260        0x0 linker stubs
 *(.eh_frame)
 .eh_frame      0x000000000800b260        0x0 /Applications/STM32CubeIDE.app/Contents/Eclipse/plugins/com.st.stm32cube.ide.mcu.externaltools.gnu-tools-for-stm32.11.3.rel1.macos64_1.1.1.202309131626/tools/bin/../lib/gcc/arm-none-eabi/11.3.1/thumb/v7e-m+fp/hard/crtbegin.o
 *(.init)
 .init          0x000000000800b260        0x4 /Applications/STM32CubeIDE.app/Contents/Eclipse/plugins/com.st.stm32cube.ide.mcu.externaltools.gnu-tools-for-stm32.11.3.rel1.macos64_1.1.1.202309131626/tools/bin/../lib/gcc/arm-none-eabi/11.3.1/thumb/v7e-m+fp/hard/crti.o
                0x000000000800b260                _init
 .init          0x000000000800b264        0x8 /Applications/STM32CubeIDE.app/Contents/Eclipse/plugins/com.st.stm32cube.ide.mcu.externaltools.gnu-tools-for-stm32.11.3.rel1.macos64_1.1.1.202309131626/tools/bin/../lib/gcc/arm-none-eabi/11.3.1/thumb/v7e-m+fp/hard/crtn.o
 *(.fini)
 .fini          0x000000000800b26c        0x4 /Applications/STM32CubeIDE.app/Contents/Eclipse/plugins/com.st.stm32cube.ide.mcu.externaltools.gnu-tools-for-stm32.11.3.rel1.macos64_1.1.1.202309131626/tools/bin/../lib/gcc/arm-none-eabi/11.3.1/thumb/v7e-m+fp/hard/crti.o
                0x000000000800b26c                _fini
 .fini          0x000000000800b270        0x8 /Applications/STM32CubeIDE.app/Contents/Eclipse/plugins/com.st.stm32cube.ide.mcu.externaltools.gnu-tools-for-stm32.11.3.rel1.macos64_1.1.1.202309131626/tools/bin/../lib/gcc/arm-none-eabi/11.3.1/thumb/v7e-m+fp/hard/crtn.o
                0x000000000800b278                . = ALIGN (0x4)
                0x000000000800b278                _etext = .

.vfp11_veneer   0x000000000800b278        0x0
 .vfp11_veneer  0x000000000800b278        0x0 linker stubs

.v4_bx          0x000000000800b278        0x0
 .v4_bx         0x000000000800b278        0x0 linker stubs

.iplt           0x000000000800b278        0x0
 .iplt          0x000000000800b278        0x0 /Applications/STM32CubeIDE.app/Contents/Eclipse/plugins/com.st.stm32cube.ide.mcu.externaltools.gnu-tools-for-stm32.11.3.rel1.macos64_1.1.1.202309131626/tools/bin/../lib/gcc/arm-none-eabi/11.3.1/thumb/v7e-m+fp/hard/crtbegin.o

.rodata         0x000000000800b278      0x9f8
                0x000000000800b278                . = ALIGN (0x4)
 *(.rodata)
 .rodata        0x000000000800b278      0x254 ./Core/Src/main.o
 .rodata        0x000000000800b4cc       0x46 ./USB_DEVICE/App/usbd_desc.o
 *(.rodata*)
 *fill*         0x000000000800b512        0x2 
 .rodata.base_font
                0x000000000800b514      0x600 ./Core/Src/lcd5110.o
 .rodata.lcd5110_def_scr
                0x000000000800bb14        0xe ./Core/Src/lcd5110.o
                0x000000000800bb14                lcd5110_def_scr
 *fill*         0x000000000800bb22        0x2 
 .rodata.AHBPrescTable
                0x000000000800bb24       0x10 ./Core/Src/system_stm32f4xx.o
                0x000000000800bb24                AHBPrescTable
 .rodata.APBPrescTable
                0x000000000800bb34        0x8 ./Core/Src/system_stm32f4xx.o
                0x000000000800bb34                APBPrescTable
 .rodata._ctype_
                0x000000000800bb3c      0x101 /Applications/STM32CubeIDE.app/Contents/Eclipse/plugins/com.st.stm32cube.ide.mcu.externaltools.gnu-tools-for-stm32.11.3.rel1.macos64_1.1.1.202309131626/tools/bin/../lib/gcc/arm-none-eabi/11.3.1/../../../../arm-none-eabi/lib/thumb/v7e-m+fp/hard/libc_nano.a(libc_a-ctype_.o)
                0x000000000800bb3c                _ctype_
 .rodata._svfprintf_r.str1.1
                0x000000000800bc3d       0x11 /Applications/STM32CubeIDE.app/Contents/Eclipse/plugins/com.st.stm32cube.ide.mcu.externaltools.gnu-tools-for-stm32.11.3.rel1.macos64_1.1.1.202309131626/tools/bin/../lib/gcc/arm-none-eabi/11.3.1/../../../../arm-none-eabi/lib/thumb/v7e-m+fp/hard/libc_nano.a(libc_a-nano-svfprintf.o)
 .rodata._printf_i.str1.1
                0x000000000800bc4e       0x22 /Applications/STM32CubeIDE.app/Contents/Eclipse/plugins/com.st.stm32cube.ide.mcu.externaltools.gnu-tools-for-stm32.11.3.rel1.macos64_1.1.1.202309131626/tools/bin/../lib/gcc/arm-none-eabi/11.3.1/../../../../arm-none-eabi/lib/thumb/v7e-m+fp/hard/libc_nano.a(libc_a-nano-vfprintf_i.o)
                0x000000000800bc70                . = ALIGN (0x4)

.ARM.extab      0x000000000800bc70        0x0
                0x000000000800bc70                . = ALIGN (0x4)
 *(.ARM.extab* .gnu.linkonce.armextab.*)
                0x000000000800bc70                . = ALIGN (0x4)

.ARM            0x000000000800bc70        0x8
                0x000000000800bc70                . = ALIGN (0x4)
                0x000000000800bc70                __exidx_start = .
 *(.ARM.exidx*)
 .ARM.exidx     0x000000000800bc70        0x8 /Applications/STM32CubeIDE.app/Contents/Eclipse/plugins/com.st.stm32cube.ide.mcu.externaltools.gnu-tools-for-stm32.11.3.rel1.macos64_1.1.1.202309131626/tools/bin/../lib/gcc/arm-none-eabi/11.3.1/thumb/v7e-m+fp/hard/libgcc.a(_udivmoddi4.o)
                0x000000000800bc78                __exidx_end = .
                0x000000000800bc78                . = ALIGN (0x4)

.rel.dyn        0x000000000800bc78        0x0
 .rel.iplt      0x000000000800bc78        0x0 /Applications/STM32CubeIDE.app/Contents/Eclipse/plugins/com.st.stm32cube.ide.mcu.externaltools.gnu-tools-for-stm32.11.3.rel1.macos64_1.1.1.202309131626/tools/bin/../lib/gcc/arm-none-eabi/11.3.1/thumb/v7e-m+fp/hard/crtbegin.o

.preinit_array  0x000000000800bc78        0x0
                0x000000000800bc78                . = ALIGN (0x4)
                0x000000000800bc78                PROVIDE (__preinit_array_start = .)
 *(.preinit_array*)
                0x000000000800bc78                PROVIDE (__preinit_array_end = .)
                0x000000000800bc78                . = ALIGN (0x4)

.init_array     0x000000000800bc78        0x4
                0x000000000800bc78                . = ALIGN (0x4)
                0x000000000800bc78                PROVIDE (__init_array_start = .)
 *(SORT_BY_NAME(.init_array.*))
 *(.init_array*)
 .init_array    0x000000000800bc78        0x4 /Applications/STM32CubeIDE.app/Contents/Eclipse/plugins/com.st.stm32cube.ide.mcu.externaltools.gnu-tools-for-stm32.11.3.rel1.macos64_1.1.1.202309131626/tools/bin/../lib/gcc/arm-none-eabi/11.3.1/thumb/v7e-m+fp/hard/crtbegin.o
                0x000000000800bc7c                PROVIDE (__init_array_end = .)
                0x000000000800bc7c                . = ALIGN (0x4)

.fini_array     0x000000000800bc7c        0x4
                0x000000000800bc7c                . = ALIGN (0x4)
                [!provide]                        PROVIDE (__fini_array_start = .)
 *(SORT_BY_NAME(.fini_array.*))
 *(.fini_array*)
 .fini_array    0x000000000800bc7c        0x4 /Applications/STM32CubeIDE.app/Contents/Eclipse/plugins/com.st.stm32cube.ide.mcu.externaltools.gnu-tools-for-stm32.11.3.rel1.macos64_1.1.1.202309131626/tools/bin/../lib/gcc/arm-none-eabi/11.3.1/thumb/v7e-m+fp/hard/crtbegin.o
                [!provide]                        PROVIDE (__fini_array_end = .)
                0x000000000800bc80                . = ALIGN (0x4)
                0x000000000800bc80                _sidata = LOADADDR (.data)

.data           0x0000000020000000      0x18c load address 0x000000000800bc80
                0x0000000020000000                . = ALIGN (0x4)
                0x0000000020000000                _sdata = .
 *(.data)
 *(.data*)
 .data.ROW_1_Port
                0x0000000020000000        0x4 ./Core/Src/main.o
                0x0000000020000000                ROW_1_Port
 .data.ROW_2_Port
                0x0000000020000004        0x4 ./Core/Src/main.o
                0x0000000020000004                ROW_2_Port
 .data.ROW_3_Port
                0x0000000020000008        0x4 ./Core/Src/main.o
                0x0000000020000008                ROW_3_Port
 .data.ROW_4_Port
                0x000000002000000c        0x4 ./Core/Src/main.o
                0x000000002000000c                ROW_4_Port
 .data.COL_1_Port
                0x0000000020000010        0x4 ./Core/Src/main.o
                0x0000000020000010                COL_1_Port
 .data.COL_2_Port
                0x0000000020000014        0x4 ./Core/Src/main.o
                0x0000000020000014                COL_2_Port
 .data.COL_3_Port
                0x0000000020000018        0x4 ./Core/Src/main.o
                0x0000000020000018                COL_3_Port
 .data.COL_4_Port
                0x000000002000001c        0x4 ./Core/Src/main.o
                0x000000002000001c                COL_4_Port
 .data.SystemCoreClock
                0x0000000020000020        0x4 ./Core/Src/system_stm32f4xx.o
                0x0000000020000020                SystemCoreClock
 .data.uwTickPrio
                0x0000000020000024        0x4 ./Drivers/STM32F4xx_HAL_Driver/Src/stm32f4xx_hal.o
                0x0000000020000024                uwTickPrio
 .data.uwTickFreq
                0x0000000020000028        0x1 ./Drivers/STM32F4xx_HAL_Driver/Src/stm32f4xx_hal.o
                0x0000000020000028                uwTickFreq
 *fill*         0x0000000020000029        0x3 
 .data.USBD_HID
                0x000000002000002c       0x38 ./Middlewares/ST/STM32_USB_Device_Library/Class/HID/Src/usbd_hid.o
                0x000000002000002c                USBD_HID
 .data.USBD_HID_CfgDesc
                0x0000000020000064       0x22 ./Middlewares/ST/STM32_USB_Device_Library/Class/HID/Src/usbd_hid.o
 *fill*         0x0000000020000086        0x2 
 .data.USBD_HID_Desc
                0x0000000020000088        0x9 ./Middlewares/ST/STM32_USB_Device_Library/Class/HID/Src/usbd_hid.o
 *fill*         0x0000000020000091        0x3 
 .data.USBD_HID_DeviceQualifierDesc
                0x0000000020000094        0xa ./Middlewares/ST/STM32_USB_Device_Library/Class/HID/Src/usbd_hid.o
 *fill*         0x000000002000009e        0x2 
 .data.HID_MOUSE_ReportDesc
                0x00000000200000a0       0x4a ./Middlewares/ST/STM32_USB_Device_Library/Class/HID/Src/usbd_hid.o
 .data.HIDInEpAdd
                0x00000000200000ea        0x1 ./Middlewares/ST/STM32_USB_Device_Library/Class/HID/Src/usbd_hid.o
 *fill*         0x00000000200000eb        0x1 
 .data.FS_Desc  0x00000000200000ec       0x1c ./USB_DEVICE/App/usbd_desc.o
                0x00000000200000ec                FS_Desc
 .data.USBD_FS_DeviceDesc
                0x0000000020000108       0x12 ./USB_DEVICE/App/usbd_desc.o
                0x0000000020000108                USBD_FS_DeviceDesc
 *fill*         0x000000002000011a        0x2 
 .data.USBD_LangIDDesc
                0x000000002000011c        0x4 ./USB_DEVICE/App/usbd_desc.o
                0x000000002000011c                USBD_LangIDDesc
 .data.USBD_StringSerial
                0x0000000020000120       0x1a ./USB_DEVICE/App/usbd_desc.o
                0x0000000020000120                USBD_StringSerial
 *fill*         0x000000002000013a        0x2 
 .data._impure_data
                0x000000002000013c       0x4c /Applications/STM32CubeIDE.app/Contents/Eclipse/plugins/com.st.stm32cube.ide.mcu.externaltools.gnu-tools-for-stm32.11.3.rel1.macos64_1.1.1.202309131626/tools/bin/../lib/gcc/arm-none-eabi/11.3.1/../../../../arm-none-eabi/lib/thumb/v7e-m+fp/hard/libc_nano.a(libc_a-impure.o)
                0x000000002000013c                _impure_data
 .data._impure_ptr
                0x0000000020000188        0x4 /Applications/STM32CubeIDE.app/Contents/Eclipse/plugins/com.st.stm32cube.ide.mcu.externaltools.gnu-tools-for-stm32.11.3.rel1.macos64_1.1.1.202309131626/tools/bin/../lib/gcc/arm-none-eabi/11.3.1/../../../../arm-none-eabi/lib/thumb/v7e-m+fp/hard/libc_nano.a(libc_a-impure.o)
                0x0000000020000188                _impure_ptr
 *(.RamFunc)
 *(.RamFunc*)
                0x000000002000018c                . = ALIGN (0x4)
                0x000000002000018c                _edata = .

.igot.plt       0x000000002000018c        0x0 load address 0x000000000800be0c
 .igot.plt      0x000000002000018c        0x0 /Applications/STM32CubeIDE.app/Contents/Eclipse/plugins/com.st.stm32cube.ide.mcu.externaltools.gnu-tools-for-stm32.11.3.rel1.macos64_1.1.1.202309131626/tools/bin/../lib/gcc/arm-none-eabi/11.3.1/thumb/v7e-m+fp/hard/crtbegin.o
                0x000000002000018c                . = ALIGN (0x4)

.bss            0x000000002000018c      0xf10 load address 0x000000000800be0c
                0x000000002000018c                _sbss = .
                0x000000002000018c                __bss_start__ = _sbss
 *(.bss)
 .bss           0x000000002000018c       0x1c /Applications/STM32CubeIDE.app/Contents/Eclipse/plugins/com.st.stm32cube.ide.mcu.externaltools.gnu-tools-for-stm32.11.3.rel1.macos64_1.1.1.202309131626/tools/bin/../lib/gcc/arm-none-eabi/11.3.1/thumb/v7e-m+fp/hard/crtbegin.o
 *(.bss*)
 .bss.hi2c1     0x00000000200001a8       0x54 ./Core/Src/i2c.o
                0x00000000200001a8                hi2c1
 .bss.hi2s2     0x00000000200001fc       0x48 ./Core/Src/i2s.o
                0x00000000200001fc                hi2s2
 .bss.hi2s3     0x0000000020000244       0x48 ./Core/Src/i2s.o
                0x0000000020000244                hi2s3
 .bss.lcd1      0x000000002000028c      0x224 ./Core/Src/main.o
                0x000000002000028c                lcd1
 .bss.hspi1     0x00000000200004b0       0x58 ./Core/Src/spi.o
                0x00000000200004b0                hspi1
 .bss.__sbrk_heap_end
                0x0000000020000508        0x4 ./Core/Src/sysmem.o
 .bss.huart1    0x000000002000050c       0x44 ./Core/Src/usart.o
                0x000000002000050c                huart1
 .bss.uwTick    0x0000000020000550        0x4 ./Drivers/STM32F4xx_HAL_Driver/Src/stm32f4xx_hal.o
                0x0000000020000550                uwTick
 .bss.cfgidx.0  0x0000000020000554        0x1 ./Middlewares/ST/STM32_USB_Device_Library/Core/Src/usbd_ctlreq.o
 *fill*         0x0000000020000555        0x3 
 .bss.hUsbDeviceFS
                0x0000000020000558      0x2dc ./USB_DEVICE/App/usb_device.o
                0x0000000020000558                hUsbDeviceFS
 .bss.USBD_StrDesc
                0x0000000020000834      0x200 ./USB_DEVICE/App/usbd_desc.o
                0x0000000020000834                USBD_StrDesc
 .bss.hpcd_USB_OTG_FS
                0x0000000020000a34      0x50c ./USB_DEVICE/Target/usbd_conf.o
                0x0000000020000a34                hpcd_USB_OTG_FS
 .bss.mem.0     0x0000000020000f40       0x14 ./USB_DEVICE/Target/usbd_conf.o
 .bss.__sf      0x0000000020000f54      0x138 /Applications/STM32CubeIDE.app/Contents/Eclipse/plugins/com.st.stm32cube.ide.mcu.externaltools.gnu-tools-for-stm32.11.3.rel1.macos64_1.1.1.202309131626/tools/bin/../lib/gcc/arm-none-eabi/11.3.1/../../../../arm-none-eabi/lib/thumb/v7e-m+fp/hard/libc_nano.a(libc_a-findfp.o)
                0x0000000020000f54                __sf
 .bss.__lock___malloc_recursive_mutex
                0x000000002000108c        0x1 /Applications/STM32CubeIDE.app/Contents/Eclipse/plugins/com.st.stm32cube.ide.mcu.externaltools.gnu-tools-for-stm32.11.3.rel1.macos64_1.1.1.202309131626/tools/bin/../lib/gcc/arm-none-eabi/11.3.1/../../../../arm-none-eabi/lib/thumb/v7e-m+fp/hard/libc_nano.a(libc_a-lock.o)
                0x000000002000108c                __lock___malloc_recursive_mutex
 *fill*         0x000000002000108d        0x3 
 .bss.__malloc_free_list
                0x0000000020001090        0x4 /Applications/STM32CubeIDE.app/Contents/Eclipse/plugins/com.st.stm32cube.ide.mcu.externaltools.gnu-tools-for-stm32.11.3.rel1.macos64_1.1.1.202309131626/tools/bin/../lib/gcc/arm-none-eabi/11.3.1/../../../../arm-none-eabi/lib/thumb/v7e-m+fp/hard/libc_nano.a(libc_a-mallocr.o)
                0x0000000020001090                __malloc_free_list
 .bss.__malloc_sbrk_start
                0x0000000020001094        0x4 /Applications/STM32CubeIDE.app/Contents/Eclipse/plugins/com.st.stm32cube.ide.mcu.externaltools.gnu-tools-for-stm32.11.3.rel1.macos64_1.1.1.202309131626/tools/bin/../lib/gcc/arm-none-eabi/11.3.1/../../../../arm-none-eabi/lib/thumb/v7e-m+fp/hard/libc_nano.a(libc_a-mallocr.o)
                0x0000000020001094                __malloc_sbrk_start
 .bss.errno     0x0000000020001098        0x4 /Applications/STM32CubeIDE.app/Contents/Eclipse/plugins/com.st.stm32cube.ide.mcu.externaltools.gnu-tools-for-stm32.11.3.rel1.macos64_1.1.1.202309131626/tools/bin/../lib/gcc/arm-none-eabi/11.3.1/../../../../arm-none-eabi/lib/thumb/v7e-m+fp/hard/libc_nano.a(libc_a-reent.o)
                0x0000000020001098                errno
 *(COMMON)
                0x000000002000109c                . = ALIGN (0x4)
                0x000000002000109c                _ebss = .
                0x000000002000109c                __bss_end__ = _ebss

._user_heap_stack
                0x000000002000109c      0x604 load address 0x000000000800be0c
                0x00000000200010a0                . = ALIGN (0x8)
 *fill*         0x000000002000109c        0x4 
                [!provide]                        PROVIDE (end = .)
                0x00000000200010a0                PROVIDE (_end = .)
                0x00000000200012a0                . = (. + _Min_Heap_Size)
 *fill*         0x00000000200010a0      0x200 
                0x00000000200016a0                . = (. + _Min_Stack_Size)
 *fill*         0x00000000200012a0      0x400 
                0x00000000200016a0                . = ALIGN (0x8)

/DISCARD/
 libc.a(*)
 libm.a(*)
 libgcc.a(*)

.ARM.attributes
                0x0000000000000000       0x30
 *(.ARM.attributes)
 .ARM.attributes
                0x0000000000000000       0x1e /Applications/STM32CubeIDE.app/Contents/Eclipse/plugins/com.st.stm32cube.ide.mcu.externaltools.gnu-tools-for-stm32.11.3.rel1.macos64_1.1.1.202309131626/tools/bin/../lib/gcc/arm-none-eabi/11.3.1/thumb/v7e-m+fp/hard/crti.o
 .ARM.attributes
                0x000000000000001e       0x34 /Applications/STM32CubeIDE.app/Contents/Eclipse/plugins/com.st.stm32cube.ide.mcu.externaltools.gnu-tools-for-stm32.11.3.rel1.macos64_1.1.1.202309131626/tools/bin/../lib/gcc/arm-none-eabi/11.3.1/thumb/v7e-m+fp/hard/crtbegin.o
 .ARM.attributes
                0x0000000000000052       0x34 ./Core/Src/gpio.o
 .ARM.attributes
                0x0000000000000086       0x34 ./Core/Src/i2c.o
 .ARM.attributes
                0x00000000000000ba       0x34 ./Core/Src/i2s.o
 .ARM.attributes
                0x00000000000000ee       0x34 ./Core/Src/lcd5110.o
 .ARM.attributes
                0x0000000000000122       0x34 ./Core/Src/lcd5110_hal.o
 .ARM.attributes
                0x0000000000000156       0x34 ./Core/Src/lcd5110_ll.o
 .ARM.attributes
                0x000000000000018a       0x34 ./Core/Src/main.o
 .ARM.attributes
                0x00000000000001be       0x34 ./Core/Src/spi.o
 .ARM.attributes
                0x00000000000001f2       0x34 ./Core/Src/stm32f4xx_hal_msp.o
 .ARM.attributes
                0x0000000000000226       0x34 ./Core/Src/stm32f4xx_it.o
 .ARM.attributes
                0x000000000000025a       0x34 ./Core/Src/sysmem.o
 .ARM.attributes
                0x000000000000028e       0x34 ./Core/Src/system_stm32f4xx.o
 .ARM.attributes
                0x00000000000002c2       0x34 ./Core/Src/usart.o
 .ARM.attributes
                0x00000000000002f6       0x21 ./Core/Startup/startup_stm32f411vetx.o
 .ARM.attributes
                0x0000000000000317       0x34 ./Drivers/STM32F4xx_HAL_Driver/Src/stm32f4xx_hal.o
 .ARM.attributes
                0x000000000000034b       0x34 ./Drivers/STM32F4xx_HAL_Driver/Src/stm32f4xx_hal_cortex.o
 .ARM.attributes
                0x000000000000037f       0x34 ./Drivers/STM32F4xx_HAL_Driver/Src/stm32f4xx_hal_gpio.o
 .ARM.attributes
                0x00000000000003b3       0x34 ./Drivers/STM32F4xx_HAL_Driver/Src/stm32f4xx_hal_i2c.o
 .ARM.attributes
                0x00000000000003e7       0x34 ./Drivers/STM32F4xx_HAL_Driver/Src/stm32f4xx_hal_i2s.o
 .ARM.attributes
                0x000000000000041b       0x34 ./Drivers/STM32F4xx_HAL_Driver/Src/stm32f4xx_hal_i2s_ex.o
 .ARM.attributes
                0x000000000000044f       0x34 ./Drivers/STM32F4xx_HAL_Driver/Src/stm32f4xx_hal_pcd.o
 .ARM.attributes
                0x0000000000000483       0x34 ./Drivers/STM32F4xx_HAL_Driver/Src/stm32f4xx_hal_pcd_ex.o
 .ARM.attributes
                0x00000000000004b7       0x34 ./Drivers/STM32F4xx_HAL_Driver/Src/stm32f4xx_hal_rcc.o
 .ARM.attributes
                0x00000000000004eb       0x34 ./Drivers/STM32F4xx_HAL_Driver/Src/stm32f4xx_hal_rcc_ex.o
 .ARM.attributes
                0x000000000000051f       0x34 ./Drivers/STM32F4xx_HAL_Driver/Src/stm32f4xx_hal_spi.o
 .ARM.attributes
                0x0000000000000553       0x34 ./Drivers/STM32F4xx_HAL_Driver/Src/stm32f4xx_hal_uart.o
 .ARM.attributes
                0x0000000000000587       0x34 ./Drivers/STM32F4xx_HAL_Driver/Src/stm32f4xx_ll_usb.o
 .ARM.attributes
                0x00000000000005bb       0x34 ./Middlewares/ST/STM32_USB_Device_Library/Class/HID/Src/usbd_hid.o
 .ARM.attributes
                0x00000000000005ef       0x34 ./Middlewares/ST/STM32_USB_Device_Library/Core/Src/usbd_core.o
 .ARM.attributes
                0x0000000000000623       0x34 ./Middlewares/ST/STM32_USB_Device_Library/Core/Src/usbd_ctlreq.o
 .ARM.attributes
                0x0000000000000657       0x34 ./Middlewares/ST/STM32_USB_Device_Library/Core/Src/usbd_ioreq.o
 .ARM.attributes
                0x000000000000068b       0x34 ./USB_DEVICE/App/usb_device.o
 .ARM.attributes
                0x00000000000006bf       0x34 ./USB_DEVICE/App/usbd_desc.o
 .ARM.attributes
                0x00000000000006f3       0x34 ./USB_DEVICE/Target/usbd_conf.o
 .ARM.attributes
                0x0000000000000727       0x34 /Applications/STM32CubeIDE.app/Contents/Eclipse/plugins/com.st.stm32cube.ide.mcu.externaltools.gnu-tools-for-stm32.11.3.rel1.macos64_1.1.1.202309131626/tools/bin/../lib/gcc/arm-none-eabi/11.3.1/../../../../arm-none-eabi/lib/thumb/v7e-m+fp/hard/libc_nano.a(libc_a-sprintf.o)
 .ARM.attributes
                0x000000000000075b       0x34 /Applications/STM32CubeIDE.app/Contents/Eclipse/plugins/com.st.stm32cube.ide.mcu.externaltools.gnu-tools-for-stm32.11.3.rel1.macos64_1.1.1.202309131626/tools/bin/../lib/gcc/arm-none-eabi/11.3.1/../../../../arm-none-eabi/lib/thumb/v7e-m+fp/hard/libc_nano.a(libc_a-findfp.o)
 .ARM.attributes
                0x000000000000078f       0x34 /Applications/STM32CubeIDE.app/Contents/Eclipse/plugins/com.st.stm32cube.ide.mcu.externaltools.gnu-tools-for-stm32.11.3.rel1.macos64_1.1.1.202309131626/tools/bin/../lib/gcc/arm-none-eabi/11.3.1/../../../../arm-none-eabi/lib/thumb/v7e-m+fp/hard/libc_nano.a(libc_a-strcat.o)
 .ARM.attributes
                0x00000000000007c3       0x34 /Applications/STM32CubeIDE.app/Contents/Eclipse/plugins/com.st.stm32cube.ide.mcu.externaltools.gnu-tools-for-stm32.11.3.rel1.macos64_1.1.1.202309131626/tools/bin/../lib/gcc/arm-none-eabi/11.3.1/../../../../arm-none-eabi/lib/thumb/v7e-m+fp/hard/libc_nano.a(libc_a-strstr.o)
 .ARM.attributes
                0x00000000000007f7       0x34 /Applications/STM32CubeIDE.app/Contents/Eclipse/plugins/com.st.stm32cube.ide.mcu.externaltools.gnu-tools-for-stm32.11.3.rel1.macos64_1.1.1.202309131626/tools/bin/../lib/gcc/arm-none-eabi/11.3.1/../../../../arm-none-eabi/lib/thumb/v7e-m+fp/hard/libc_nano.a(libc_a-memset.o)
 .ARM.attributes
                0x000000000000082b       0x34 /Applications/STM32CubeIDE.app/Contents/Eclipse/plugins/com.st.stm32cube.ide.mcu.externaltools.gnu-tools-for-stm32.11.3.rel1.macos64_1.1.1.202309131626/tools/bin/../lib/gcc/arm-none-eabi/11.3.1/../../../../arm-none-eabi/lib/thumb/v7e-m+fp/hard/libc_nano.a(libc_a-impure.o)
 .ARM.attributes
                0x000000000000085f       0x34 /Applications/STM32CubeIDE.app/Contents/Eclipse/plugins/com.st.stm32cube.ide.mcu.externaltools.gnu-tools-for-stm32.11.3.rel1.macos64_1.1.1.202309131626/tools/bin/../lib/gcc/arm-none-eabi/11.3.1/../../../../arm-none-eabi/lib/thumb/v7e-m+fp/hard/libc_nano.a(libc_a-errno.o)
 .ARM.attributes
                0x0000000000000893       0x34 /Applications/STM32CubeIDE.app/Contents/Eclipse/plugins/com.st.stm32cube.ide.mcu.externaltools.gnu-tools-for-stm32.11.3.rel1.macos64_1.1.1.202309131626/tools/bin/../lib/gcc/arm-none-eabi/11.3.1/../../../../arm-none-eabi/lib/thumb/v7e-m+fp/hard/libc_nano.a(libc_a-init.o)
 .ARM.attributes
                0x00000000000008c7       0x34 /Applications/STM32CubeIDE.app/Contents/Eclipse/plugins/com.st.stm32cube.ide.mcu.externaltools.gnu-tools-for-stm32.11.3.rel1.macos64_1.1.1.202309131626/tools/bin/../lib/gcc/arm-none-eabi/11.3.1/../../../../arm-none-eabi/lib/thumb/v7e-m+fp/hard/libc_nano.a(libc_a-lock.o)
 .ARM.attributes
                0x00000000000008fb       0x34 /Applications/STM32CubeIDE.app/Contents/Eclipse/plugins/com.st.stm32cube.ide.mcu.externaltools.gnu-tools-for-stm32.11.3.rel1.macos64_1.1.1.202309131626/tools/bin/../lib/gcc/arm-none-eabi/11.3.1/../../../../arm-none-eabi/lib/thumb/v7e-m+fp/hard/libc_nano.a(libc_a-memcpy-stub.o)
 .ARM.attributes
                0x000000000000092f       0x17 /Applications/STM32CubeIDE.app/Contents/Eclipse/plugins/com.st.stm32cube.ide.mcu.externaltools.gnu-tools-for-stm32.11.3.rel1.macos64_1.1.1.202309131626/tools/bin/../lib/gcc/arm-none-eabi/11.3.1/../../../../arm-none-eabi/lib/thumb/v7e-m+fp/hard/libc_nano.a(libc_a-strlen.o)
 .ARM.attributes
                0x0000000000000946       0x34 /Applications/STM32CubeIDE.app/Contents/Eclipse/plugins/com.st.stm32cube.ide.mcu.externaltools.gnu-tools-for-stm32.11.3.rel1.macos64_1.1.1.202309131626/tools/bin/../lib/gcc/arm-none-eabi/11.3.1/../../../../arm-none-eabi/lib/thumb/v7e-m+fp/hard/libc_nano.a(libc_a-strcpy.o)
 .ARM.attributes
                0x000000000000097a       0x34 /Applications/STM32CubeIDE.app/Contents/Eclipse/plugins/com.st.stm32cube.ide.mcu.externaltools.gnu-tools-for-stm32.11.3.rel1.macos64_1.1.1.202309131626/tools/bin/../lib/gcc/arm-none-eabi/11.3.1/../../../../arm-none-eabi/lib/thumb/v7e-m+fp/hard/libc_nano.a(libc_a-ctype_.o)
 .ARM.attributes
                0x00000000000009ae       0x34 /Applications/STM32CubeIDE.app/Contents/Eclipse/plugins/com.st.stm32cube.ide.mcu.externaltools.gnu-tools-for-stm32.11.3.rel1.macos64_1.1.1.202309131626/tools/bin/../lib/gcc/arm-none-eabi/11.3.1/../../../../arm-none-eabi/lib/thumb/v7e-m+fp/hard/libc_nano.a(libc_a-nano-svfprintf.o)
 .ARM.attributes
                0x00000000000009e2       0x34 /Applications/STM32CubeIDE.app/Contents/Eclipse/plugins/com.st.stm32cube.ide.mcu.externaltools.gnu-tools-for-stm32.11.3.rel1.macos64_1.1.1.202309131626/tools/bin/../lib/gcc/arm-none-eabi/11.3.1/../../../../arm-none-eabi/lib/thumb/v7e-m+fp/hard/libc_nano.a(libc_a-mallocr.o)
 .ARM.attributes
                0x0000000000000a16       0x34 /Applications/STM32CubeIDE.app/Contents/Eclipse/plugins/com.st.stm32cube.ide.mcu.externaltools.gnu-tools-for-stm32.11.3.rel1.macos64_1.1.1.202309131626/tools/bin/../lib/gcc/arm-none-eabi/11.3.1/../../../../arm-none-eabi/lib/thumb/v7e-m+fp/hard/libc_nano.a(libc_a-nano-vfprintf_i.o)
 .ARM.attributes
                0x0000000000000a4a       0x34 /Applications/STM32CubeIDE.app/Contents/Eclipse/plugins/com.st.stm32cube.ide.mcu.externaltools.gnu-tools-for-stm32.11.3.rel1.macos64_1.1.1.202309131626/tools/bin/../lib/gcc/arm-none-eabi/11.3.1/../../../../arm-none-eabi/lib/thumb/v7e-m+fp/hard/libc_nano.a(libc_a-mlock.o)
 .ARM.attributes
                0x0000000000000a7e       0x34 /Applications/STM32CubeIDE.app/Contents/Eclipse/plugins/com.st.stm32cube.ide.mcu.externaltools.gnu-tools-for-stm32.11.3.rel1.macos64_1.1.1.202309131626/tools/bin/../lib/gcc/arm-none-eabi/11.3.1/../../../../arm-none-eabi/lib/thumb/v7e-m+fp/hard/libc_nano.a(libc_a-reallocr.o)
 .ARM.attributes
                0x0000000000000ab2       0x34 /Applications/STM32CubeIDE.app/Contents/Eclipse/plugins/com.st.stm32cube.ide.mcu.externaltools.gnu-tools-for-stm32.11.3.rel1.macos64_1.1.1.202309131626/tools/bin/../lib/gcc/arm-none-eabi/11.3.1/../../../../arm-none-eabi/lib/thumb/v7e-m+fp/hard/libc_nano.a(libc_a-memmove.o)
 .ARM.attributes