../Core/Src/main.c:81:6:keypad_init	32	static
../Core/Src/main.c:102:6:keypad_scan	40	static
../Core/Src/main.c:208:10:init_module	24	static
../Core/Src/main.c:220:6:free_module	16	static
../Core/Src/main.c:225:6:send_message	32	static
../Core/Src/main.c:237:6:call_number	32	static
../Core/Src/main.c:245:7:answer_call	24	static
../Core/Src/main.c:250:6:end_call	8	static
../Core/Src/main.c:254:6:read_message	24	static
../Core/Src/main.c:261:6:handle_interrupts	48	static
../Core/Src/main.c:438:10:init_screen	24	static
../Core/Src/main.c:317:5:main	576	static
../Core/Src/main.c:454:10:call_screen	56	static
../Core/Src/main.c:468:10:screen_on_read	16	static
../Core/Src/main.c:490:10:get_call_screen	16	static
../Core/Src/main.c:504:10:main_screen	72	static
../Core/Src/main.c:536:10:screen_for_message_sending	24	static
../Core/Src/main.c:552:10:type_message_scren	32	static
../Core/Src/main.c:856:6:SystemClock_Config	88	static
../Core/Src/main.c:901:6:PeriphCommonClock_Config	32	static
../Core/Src/main.c:920:6:HAL_UART_RxCpltCallback	16	static
../Core/Src/main.c:961:6:Error_Handler	4	static,ignoring_inline_asm
