../Core/Src/main.c:456:10:main_screen	72	static
../Core/Src/main.c:81:6:keypad_init	32	static
../Core/Src/main.c:102:6:keypad_scan	40	static
../Core/Src/main.c:185:10:init_module	16	static
../Core/Src/main.c:197:6:free_module	8	static
../Core/Src/main.c:202:6:send_message	24	static
../Core/Src/main.c:214:6:call_number	32	static
../Core/Src/main.c:223:7:answer_call	24	static
../Core/Src/main.c:231:6:end_call	16	static
../Core/Src/main.c:235:7:read_message	24	static
../Core/Src/main.c:246:6:handle_interrupts	16	static
../Core/Src/main.c:794:6:SystemClock_Config	88	static,ignoring_inline_asm
../Core/Src/main.c:839:6:PeriphCommonClock_Config	32	static,ignoring_inline_asm
../Core/Src/main.c:277:5:main	608	static
../Core/Src/main.c:858:6:HAL_UART_RxCpltCallback	16	static
../Core/Src/main.c:900:6:Error_Handler	0	static,ignoring_inline_asm
