../Core/Src/main.c:83:5:main	24	static
../Core/Src/main.c:160:6:SystemClock_Config	88	static
../Core/Src/main.c:205:6:PeriphCommonClock_Config	32	static
../Core/Src/main.c:226:13:MX_I2C1_Init	8	static
../Core/Src/main.c:260:13:MX_I2S2_Init	8	static
../Core/Src/main.c:294:13:MX_I2S3_Init	8	static
../Core/Src/main.c:328:13:MX_SPI1_Init	8	static
../Core/Src/main.c:366:13:MX_USART1_UART_Init	8	static
../Core/Src/main.c:399:13:MX_GPIO_Init	56	static
../Core/Src/main.c:482:6:Error_Handler	4	static,ignoring_inline_asm
