Archive member included to satisfy reference by file (symbol)

/Applications/STM32CubeIDE.app/Contents/Eclipse/plugins/com.st.stm32cube.ide.mcu.externaltools.gnu-tools-for-stm32.11.3.rel1.macos64_1.1.1.202309131626/tools/bin/../lib/gcc/arm-none-eabi/11.3.1/../../../../arm-none-eabi/lib/thumb/v7e-m+fp/hard/libc_nano.a(libc_a-exit.o)
                              /Applications/STM32CubeIDE.app/Contents/Eclipse/plugins/com.st.stm32cube.ide.mcu.externaltools.gnu-tools-for-stm32.11.3.rel1.macos64_1.1.1.202309131626/tools/bin/../lib/gcc/arm-none-eabi/11.3.1/../../../../arm-none-eabi/lib/thumb/v7e-m+fp/hard/crt0.o (exit)
/Applications/STM32CubeIDE.app/Contents/Eclipse/plugins/com.st.stm32cube.ide.mcu.externaltools.gnu-tools-for-stm32.11.3.rel1.macos64_1.1.1.202309131626/tools/bin/../lib/gcc/arm-none-eabi/11.3.1/../../../../arm-none-eabi/lib/thumb/v7e-m+fp/hard/libc_nano.a(libc_a-itoa.o)
                              ./Core/Src/lcd5110.o (itoa)
/Applications/STM32CubeIDE.app/Contents/Eclipse/plugins/com.st.stm32cube.ide.mcu.externaltools.gnu-tools-for-stm32.11.3.rel1.macos64_1.1.1.202309131626/tools/bin/../lib/gcc/arm-none-eabi/11.3.1/../../../../arm-none-eabi/lib/thumb/v7e-m+fp/hard/libc_nano.a(libc_a-findfp.o)
                              /Applications/STM32CubeIDE.app/Contents/Eclipse/plugins/com.st.stm32cube.ide.mcu.externaltools.gnu-tools-for-stm32.11.3.rel1.macos64_1.1.1.202309131626/tools/bin/../lib/gcc/arm-none-eabi/11.3.1/../../../../arm-none-eabi/lib/thumb/v7e-m+fp/hard/libc_nano.a(libc_a-exit.o) (__stdio_exit_handler)
/Applications/STM32CubeIDE.app/Contents/Eclipse/plugins/com.st.stm32cube.ide.mcu.externaltools.gnu-tools-for-stm32.11.3.rel1.macos64_1.1.1.202309131626/tools/bin/../lib/gcc/arm-none-eabi/11.3.1/../../../../arm-none-eabi/lib/thumb/v7e-m+fp/hard/libc_nano.a(libc_a-utoa.o)
                              /Applications/STM32CubeIDE.app/Contents/Eclipse/plugins/com.st.stm32cube.ide.mcu.externaltools.gnu-tools-for-stm32.11.3.rel1.macos64_1.1.1.202309131626/tools/bin/../lib/gcc/arm-none-eabi/11.3.1/../../../../arm-none-eabi/lib/thumb/v7e-m+fp/hard/libc_nano.a(libc_a-itoa.o) (__utoa)
/Applications/STM32CubeIDE.app/Contents/Eclipse/plugins/com.st.stm32cube.ide.mcu.externaltools.gnu-tools-for-stm32.11.3.rel1.macos64_1.1.1.202309131626/tools/bin/../lib/gcc/arm-none-eabi/11.3.1/../../../../arm-none-eabi/lib/thumb/v7e-m+fp/hard/libc_nano.a(libc_a-fwalk.o)
                              /Applications/STM32CubeIDE.app/Contents/Eclipse/plugins/com.st.stm32cube.ide.mcu.externaltools.gnu-tools-for-stm32.11.3.rel1.macos64_1.1.1.202309131626/tools/bin/../lib/gcc/arm-none-eabi/11.3.1/../../../../arm-none-eabi/lib/thumb/v7e-m+fp/hard/libc_nano.a(libc_a-findfp.o) (_fwalk_sglue)
/Applications/STM32CubeIDE.app/Contents/Eclipse/plugins/com.st.stm32cube.ide.mcu.externaltools.gnu-tools-for-stm32.11.3.rel1.macos64_1.1.1.202309131626/tools/bin/../lib/gcc/arm-none-eabi/11.3.1/../../../../arm-none-eabi/lib/thumb/v7e-m+fp/hard/libc_nano.a(libc_a-vsnprintf.o)
                              ./Core/Src/lcd5110.o (vsnprintf)
/Applications/STM32CubeIDE.app/Contents/Eclipse/plugins/com.st.stm32cube.ide.mcu.externaltools.gnu-tools-for-stm32.11.3.rel1.macos64_1.1.1.202309131626/tools/bin/../lib/gcc/arm-none-eabi/11.3.1/../../../../arm-none-eabi/lib/thumb/v7e-m+fp/hard/libc_nano.a(libc_a-memset.o)
                              /Applications/STM32CubeIDE.app/Contents/Eclipse/plugins/com.st.stm32cube.ide.mcu.externaltools.gnu-tools-for-stm32.11.3.rel1.macos64_1.1.1.202309131626/tools/bin/../lib/gcc/arm-none-eabi/11.3.1/../../../../arm-none-eabi/lib/thumb/v7e-m+fp/hard/crt0.o (memset)
/Applications/STM32CubeIDE.app/Contents/Eclipse/plugins/com.st.stm32cube.ide.mcu.externaltools.gnu-tools-for-stm32.11.3.rel1.macos64_1.1.1.202309131626/tools/bin/../lib/gcc/arm-none-eabi/11.3.1/../../../../arm-none-eabi/lib/thumb/v7e-m+fp/hard/libc_nano.a(libc_a-impure.o)
                              /Applications/STM32CubeIDE.app/Contents/Eclipse/plugins/com.st.stm32cube.ide.mcu.externaltools.gnu-tools-for-stm32.11.3.rel1.macos64_1.1.1.202309131626/tools/bin/../lib/gcc/arm-none-eabi/11.3.1/../../../../arm-none-eabi/lib/thumb/v7e-m+fp/hard/libc_nano.a(libc_a-vsnprintf.o) (_impure_ptr)
/Applications/STM32CubeIDE.app/Contents/Eclipse/plugins/com.st.stm32cube.ide.mcu.externaltools.gnu-tools-for-stm32.11.3.rel1.macos64_1.1.1.202309131626/tools/bin/../lib/gcc/arm-none-eabi/11.3.1/../../../../arm-none-eabi/lib/thumb/v7e-m+fp/hard/libc_nano.a(libc_a-errno.o)
                              ./Core/Src/syscalls.o (__errno)
/Applications/STM32CubeIDE.app/Contents/Eclipse/plugins/com.st.stm32cube.ide.mcu.externaltools.gnu-tools-for-stm32.11.3.rel1.macos64_1.1.1.202309131626/tools/bin/../lib/gcc/arm-none-eabi/11.3.1/../../../../arm-none-eabi/lib/thumb/v7e-m+fp/hard/libc_nano.a(libc_a-init.o)
[...]
Memory Configuration

Name             Origin             Length             Attributes
RAM              0x0000000020000000 0x0000000000020000 xrw
FLASH            0x0000000008000000 0x0000000000080000 xr
*default*        0x0000000000000000 0xffffffffffffffff

Linker script and memory map

LOAD /Applications/STM32CubeIDE.app/Contents/Eclipse/plugins/com.st.stm32cube.ide.mcu.externaltools.gnu-tools-for-stm32.11.3.rel1.macos64_1.1.1.202309131626/tools/bin/../lib/gcc/arm-none-eabi/11.3.1/thumb/v7e-m+fp/hard/crti.o
LOAD /Applications/STM32CubeIDE.app/Contents/Eclipse/plugins/com.st.stm32cube.ide.mcu.externaltools.gnu-tools-for-stm32.11.3.rel1.macos64_1.1.1.202309131626/tools/bin/../lib/gcc/arm-none-eabi/11.3.1/thumb/v7e-m+fp/hard/crtbegin.o
LOAD /Applications/STM32CubeIDE.app/Contents/Eclipse/plugins/com.st.stm32cube.ide.mcu.externaltools.gnu-tools-for-stm32.11.3.rel1.macos64_1.1.1.202309131626/tools/bin/../lib/gcc/arm-none-eabi/11.3.1/../../../../arm-none-eabi/lib/thumb/v7e-m+fp/hard/crt0.o
LOAD ./Core/Src/gpio.o
LOAD ./Core/Src/i2c.o
LOAD ./Core/Src/i2s.o
LOAD ./Core/Src/lcd5110.o
LOAD ./Core/Src/lcd5110_hal.o
LOAD ./Core/Src/lcd5110_ll.o
LOAD ./Core/Src/main.o
LOAD ./Core/Src/spi.o
LOAD ./Core/Src/stm32f4xx_hal_msp.o
LOAD ./Core/Src/stm32f4xx_it.o
LOAD ./Core/Src/syscalls.o
LOAD ./Core/Src/sysmem.o
LOAD ./Core/Src/system_stm32f4xx.o
LOAD ./Core/Startup/startup_stm32f411vetx.o
LOAD ./Drivers/STM32F4xx_HAL_Driver/Src/stm32f4xx_hal.o
LOAD ./Drivers/STM32F4xx_HAL_Driver/Src/stm32f4xx_hal_cortex.o
LOAD ./Drivers/STM32F4xx_HAL_Driver/Src/stm32f4xx_hal_dma.o
LOAD ./Drivers/STM32F4xx_HAL_Driver/Src/stm32f4xx_hal_dma_ex.o
LOAD ./Drivers/STM32F4xx_HAL_Driver/Src/stm32f4xx_hal_exti.o
LOAD ./Drivers/STM32F4xx_HAL_Driver/Src/stm32f4xx_hal_flash.o
LOAD ./Drivers/STM32F4xx_HAL_Driver/Src/stm32f4xx_hal_flash_ex.o
LOAD ./Drivers/STM32F4xx_HAL_Driver/Src/stm32f4xx_hal_flash_ramfunc.o
LOAD ./Drivers/STM32F4xx_HAL_Driver/Src/stm32f4xx_hal_gpio.o
LOAD ./Drivers/STM32F4xx_HAL_Driver/Src/stm32f4xx_hal_i2c.o
LOAD ./Drivers/STM32F4xx_HAL_Driver/Src/stm32f4xx_hal_i2c_ex.o
LOAD ./Drivers/STM32F4xx_HAL_Driver/Src/stm32f4xx_hal_i2s.o
LOAD ./Drivers/STM32F4xx_HAL_Driver/Src/stm32f4xx_hal_i2s_ex.o
LOAD ./Drivers/STM32F4xx_HAL_Driver/Src/stm32f4xx_hal_pcd.o
LOAD ./Drivers/STM32F4xx_HAL_Driver/Src/stm32f4xx_hal_pcd_ex.o
LOAD ./Drivers/STM32F4xx_HAL_Driver/Src/stm32f4xx_hal_pwr.o
LOAD ./Drivers/STM32F4xx_HAL_Driver/Src/stm32f4xx_hal_pwr_ex.o
LOAD ./Drivers/STM32F4xx_HAL_Driver/Src/stm32f4xx_hal_rcc.o
LOAD ./Drivers/STM32F4xx_HAL_Driver/Src/stm32f4xx_hal_rcc_ex.o
LOAD ./Drivers/STM32F4xx_HAL_Driver/Src/stm32f4xx_hal_spi.o
LOAD ./Drivers/STM32F4xx_HAL_Driver/Src/stm32f4xx_hal_tim.o
LOAD ./Drivers/STM32F4xx_HAL_Driver/Src/stm32f4xx_hal_tim_ex.o
LOAD ./Drivers/STM32F4xx_HAL_Driver/Src/stm32f4xx_ll_usb.o
LOAD ./Middlewares/ST/STM32_USB_Device_Library/Class/HID/Src/usbd_hid.o
LOAD ./Middlewares/ST/STM32_USB_Device_Library/Core/Src/usbd_core.o
LOAD ./Middlewares/ST/STM32_USB_Device_Library/Core/Src/usbd_ctlreq.o
LOAD ./Middlewares/ST/STM32_USB_Device_Library/Core/Src/usbd_ioreq.o
LOAD ./USB_DEVICE/App/usb_device.o
LOAD ./USB_DEVICE/App/usbd_desc.o
LOAD ./USB_DEVICE/Target/usbd_conf.o
START GROUP
LOAD /Applications/STM32CubeIDE.app/Contents/Eclipse/plugins/com.st.stm32cube.ide.mcu.externaltools.gnu-tools-for-stm32.11.3.rel1.macos64_1.1.1.202309131626/tools/bin/../lib/gcc/arm-none-eabi/11.3.1/../../../../arm-none-eabi/lib/thumb/v7e-m+fp/hard/libc_nano.a
LOAD /Applications/STM32CubeIDE.app/Contents/Eclipse/plugins/com.st.stm32cube.ide.mcu.externaltools.gnu-tools-for-stm32.11.3.rel1.macos64_1.1.1.202309131626/tools/bin/../lib/gcc/arm-none-eabi/11.3.1/../../../../arm-none-eabi/lib/thumb/v7e-m+fp/hard/libm.a
END GROUP
START GROUP
LOAD /Applications/STM32CubeIDE.app/Contents/Eclipse/plugins/com.st.stm32cube.ide.mcu.externaltools.gnu-tools-for-stm32.11.3.rel1.macos64_1.1.1.202309131626/tools/bin/../lib/gcc/arm-none-eabi/11.3.1/thumb/v7e-m+fp/hard/libgcc.a
LOAD /Applications/STM32CubeIDE.app/Contents/Eclipse/plugins/com.st.stm32cube.ide.mcu.externaltools.gnu-tools-for-stm32.11.3.rel1.macos64_1.1.1.202309131626/tools/bin/../lib/gcc/arm-none-eabi/11.3.1/../../../../arm-none-eabi/lib/thumb/v7e-m+fp/hard/libc_nano.a
END GROUP
START GROUP
LOAD /Applications/STM32CubeIDE.app/Contents/Eclipse/plugins/com.st.stm32cube.ide.mcu.externaltools.gnu-tools-for-stm32.11.3.rel1.macos64_1.1.1.202309131626/tools/bin/../lib/gcc/arm-none-eabi/11.3.1/thumb/v7e-m+fp/hard/libgcc.a
LOAD /Applications/STM32CubeIDE.app/Contents/Eclipse/plugins/com.st.stm32cube.ide.mcu.externaltools.gnu-tools-for-stm32.11.3.rel1.macos64_1.1.1.202309131626/tools/bin/../lib/gcc/arm-none-eabi/11.3.1/../../../../arm-none-eabi/lib/thumb/v7e-m+fp/hard/libc_nano.a
LOAD /Applications/STM32CubeIDE.app/Contents/Eclipse/plugins/com.st.stm32cube.ide.mcu.externaltools.gnu-tools-for-stm32.11.3.rel1.macos64_1.1.1.202309131626/tools/bin/../lib/gcc/arm-none-eabi/11.3.1/../../../../arm-none-eabi/lib/thumb/v7e-m+fp/hard/libnosys.a
END GROUP
START GROUP
LOAD /Applications/STM32CubeIDE.app/Contents/Eclipse/plugins/com.st.stm32cube.ide.mcu.externaltools.gnu-tools-for-stm32.11.3.rel1.macos64_1.1.1.202309131626/tools/bin/../lib/gcc/arm-none-eabi/11.3.1/thumb/v7e-m+fp/hard/libgcc.a
LOAD /Applications/STM32CubeIDE.app/Contents/Eclipse/plugins/com.st.stm32cube.ide.mcu.externaltools.gnu-tools-for-stm32.11.3.rel1.macos64_1.1.1.202309131626/tools/bin/../lib/gcc/arm-none-eabi/11.3.1/../../../../arm-none-eabi/lib/thumb/v7e-m+fp/hard/libc_nano.a
LOAD /Applications/STM32CubeIDE.app/Contents/Eclipse/plugins/com.st.stm32cube.ide.mcu.externaltools.gnu-tools-for-stm32.11.3.rel1.macos64_1.1.1.202309131626/tools/bin/../lib/gcc/arm-none-eabi/11.3.1/../../../../arm-none-eabi/lib/thumb/v7e-m+fp/hard/libnosys.a
END GROUP
LOAD /Applications/STM32CubeIDE.app/Contents/Eclipse/plugins/com.st.stm32cube.ide.mcu.externaltools.gnu-tools-for-stm32.11.3.rel1.macos64_1.1.1.202309131626/tools/bin/../lib/gcc/arm-none-eabi/11.3.1/thumb/v7e-m+fp/hard/crtend.o
LOAD /Applications/STM32CubeIDE.app/Contents/Eclipse/plugins/com.st.stm32cube.ide.mcu.externaltools.gnu-tools-for-stm32.11.3.rel1.macos64_1.1.1.202309131626/tools/bin/../lib/gcc/arm-none-eabi/11.3.1/thumb/v7e-m+fp/hard/crtn.o
                0x0000000020020000                _estack = (ORIGIN (RAM) + LENGTH (RAM))
                0x0000000000000200                _Min_Heap_Size = 0x200
                0x0000000000000400                _Min_Stack_Size = 0x400

.isr_vector     0x0000000008000000      0x198
                0x0000000008000000                . = ALIGN (0x4)
 *(.isr_vector)
 .isr_vector    0x0000000008000000      0x198 ./Core/Startup/startup_stm32f411vetx.o
                0x0000000008000000                g_pfnVectors
                0x0000000008000198                . = ALIGN (0x4)

.text           0x0000000008000198     0x9180
                0x0000000008000198                . = ALIGN (0x4)
 *(.text)
 .text          0x0000000008000198       0x40 /Applications/STM32CubeIDE.app/Contents/Eclipse/plugins/com.st.stm32cube.ide.mcu.externaltools.gnu-tools-for-stm32.11.3.rel1.macos64_1.1.1.202309131626/tools/bin/../lib/gcc/arm-none-eabi/11.3.1/thumb/v7e-m+fp/hard/crtbegin.o
 .text          0x00000000080001d8       0x30 /Applications/STM32CubeIDE.app/Contents/Eclipse/plugins/com.st.stm32cube.ide.mcu.externaltools.gnu-tools-for-stm32.11.3.rel1.macos64_1.1.1.202309131626/tools/bin/../lib/gcc/arm-none-eabi/11.3.1/thumb/v7e-m+fp/hard/libgcc.a(_aeabi_uldivmod.o)
                0x00000000080001d8                __aeabi_uldivmod
 .text          0x0000000008000208      0x2c8 /Applications/STM32CubeIDE.app/Contents/Eclipse/plugins/com.st.stm32cube.ide.mcu.externaltools.gnu-tools-for-stm32.11.3.rel1.macos64_1.1.1.202309131626/tools/bin/../lib/gcc/arm-none-eabi/11.3.1/thumb/v7e-m+fp/hard/libgcc.a(_udivmoddi4.o)
                0x0000000008000208                __udivmoddi4
 .text          0x00000000080004d0        0x4 /Applications/STM32CubeIDE.app/Contents/Eclipse/plugins/com.st.stm32cube.ide.mcu.externaltools.gnu-tools-for-stm32.11.3.rel1.macos64_1.1.1.202309131626/tools/bin/../lib/gcc/arm-none-eabi/11.3.1/thumb/v7e-m+fp/hard/libgcc.a(_dvmd_tls.o)
                0x00000000080004d0                __aeabi_ldiv0
                0x00000000080004d0                __aeabi_idiv0
 *(.text*)
 .text.MX_GPIO_Init
                0x00000000080004d4      0x274 ./Core/Src/gpio.o
                0x00000000080004d4                MX_GPIO_Init
 .text.MX_I2C1_Init
                0x0000000008000748       0x5c ./Core/Src/i2c.o
                0x0000000008000748                MX_I2C1_Init
 .text.HAL_I2C_MspInit
                0x00000000080007a4       0x90 ./Core/Src/i2c.o
                0x00000000080007a4                HAL_I2C_MspInit
 .text.MX_I2S2_Init
                0x0000000008000834       0x5c ./Core/Src/i2s.o
                0x0000000008000834                MX_I2S2_Init
 .text.MX_I2S3_Init
                0x0000000008000890       0x60 ./Core/Src/i2s.o
                0x0000000008000890                MX_I2S3_Init
 .text.HAL_I2S_MspInit
                0x00000000080008f0      0x19c ./Core/Src/i2s.o
                0x00000000080008f0                HAL_I2S_MspInit
 .text.LCD5110_refresh
                0x0000000008000a8c       0x18 ./Core/Src/lcd5110.o
                0x0000000008000a8c                LCD5110_refresh
 .text.LCD5110_set_cursor
                0x0000000008000aa4       0x24 ./Core/Src/lcd5110.o
                0x0000000008000aa4                LCD5110_set_cursor
 .text.LCD5110_clear_scr
                0x0000000008000ac8       0x22 ./Core/Src/lcd5110.o
                0x0000000008000ac8                LCD5110_clear_scr
 .text.LCD5110_print
                0x0000000008000aea       0x24 ./Core/Src/lcd5110.o
                0x0000000008000aea                LCD5110_print
 .text.LCD5110_max
                0x0000000008000b0e       0x20 ./Core/Src/lcd5110.o
 .text.LCD5110_min
                0x0000000008000b2e       0x20 ./Core/Src/lcd5110.o
 .text.LCD5110_wline
                0x0000000008000b4e      0x198 ./Core/Src/lcd5110.o
                0x0000000008000b4e                LCD5110_wline
 .text.LCD5110_wrect
                0x0000000008000ce6      0x134 ./Core/Src/lcd5110.o
                0x0000000008000ce6                LCD5110_wrect
 .text.LCD5110_rect
                0x0000000008000e1a       0x24 ./Core/Src/lcd5110.o
                0x0000000008000e1a                LCD5110_rect
 .text.LCD5110_rect_fill
                0x0000000008000e3e       0x6e ./Core/Src/lcd5110.o
                0x0000000008000e3e                LCD5110_rect_fill
 .text.LCD5110_wputchar
                0x0000000008000eac       0xb0 ./Core/Src/lcd5110.o
                0x0000000008000eac                LCD5110_wputchar
 .text.LCD5110_wset_cursor
                0x0000000008000f5c       0x2a ./Core/Src/lcd5110.o
                0x0000000008000f5c                LCD5110_wset_cursor
 .text.LCD5110_wendl
                0x0000000008000f86       0x40 ./Core/Src/lcd5110.o
                0x0000000008000f86                LCD5110_wendl
 *fill*         0x0000000008000fc6        0x2 
 .text.LCD5110_wprint
                0x0000000008000fc8       0xd0 ./Core/Src/lcd5110.o
                0x0000000008000fc8                LCD5110_wprint
 .text.xy_to_pix
                0x0000000008001098       0x48 ./Core/Src/lcd5110_hal.o
 .text.LCD5110_clrscr
                0x00000000080010e0       0x36 ./Core/Src/lcd5110_hal.o
                0x00000000080010e0                LCD5110_clrscr
 .text.LCD5110_putpix
                0x0000000008001116       0x80 ./Core/Src/lcd5110_hal.o
                0x0000000008001116                LCD5110_putpix
 .text.LCD5110_drawBitmap
                0x0000000008001196       0xa2 ./Core/Src/lcd5110_hal.o
                0x0000000008001196                LCD5110_drawBitmap
 .text.send_byte_to_LCD5110
                0x0000000008001238       0x26 ./Core/Src/lcd5110_ll.o
 .text.send_data_to_LCD5110
                0x000000000800125e       0x28 ./Core/Src/lcd5110_ll.o
 .text.LCD5110_CE_off
                0x0000000008001286       0x20 ./Core/Src/lcd5110_ll.o
 .text.LCD5110_DC_on
                0x00000000080012a6       0x20 ./Core/Src/lcd5110_ll.o
 .text.LCD5110_DC_off
                0x00000000080012c6       0x20 ./Core/Src/lcd5110_ll.o
 .text.LCD5110_RST_on
                0x00000000080012e6       0x20 ./Core/Src/lcd5110_ll.o
 .text.LCD5110_RST_off
                0x0000000008001306       0x20 ./Core/Src/lcd5110_ll.o
 .text.LCD5110_set_function
                0x0000000008001326       0x34 ./Core/Src/lcd5110_ll.o
 .text.LCD5110_set_mode_base
                0x000000000800135a       0x2e ./Core/Src/lcd5110_ll.o
 .text.LCD5110_set_voltage_ext
                0x0000000008001388       0x32 ./Core/Src/lcd5110_ll.o
 .text.LCD5110_set_temp_coef_ext
                0x00000000080013ba       0x30 ./Core/Src/lcd5110_ll.o
 .text.LCD5110_set_bias_ext
                0x00000000080013ea       0x30 ./Core/Src/lcd5110_ll.o
 .text.LCD5110_set_X_base
                0x000000000800141a       0x3e ./Core/Src/lcd5110_ll.o
 .text.LCD5110_set_Y_base
                0x0000000008001458       0x3e ./Core/Src/lcd5110_ll.o
 .text.LCD5110_set_XY_base
                0x0000000008001496       0x4a ./Core/Src/lcd5110_ll.o
 .text.SPI_enable
                0x00000000080014e0       0x28 ./Core/Src/lcd5110_ll.o
 .text.LCD5110_init
                0x0000000008001508       0x8a ./Core/Src/lcd5110_ll.o
                0x0000000008001508                LCD5110_init
 .text.LCD5110_refresh_ll
                0x0000000008001592       0x3c ./Core/Src/lcd5110_ll.o
                0x0000000008001592                LCD5110_refresh_ll
 *fill*         0x00000000080015ce        0x2 
 .text.keypad_init
                0x00000000080015d0       0xc8 ./Core/Src/main.o
                0x00000000080015d0                keypad_init
 .text.keypad_scan
                0x0000000008001698      0x1d0 ./Core/Src/main.o
                0x0000000008001698                keypad_scan
 .text.init_screen.0
                0x0000000008001868       0x98 ./Core/Src/main.o
 .text.main     0x0000000008001900      0x23c ./Core/Src/main.o
                0x0000000008001900                main
 .text.call_screen.1
                0x0000000008001b3c       0x5c ./Core/Src/main.o
 .text.SystemClock_Config
                0x0000000008001b98       0xd0 ./Core/Src/main.o
                0x0000000008001b98                SystemClock_Config
 .text.PeriphCommonClock_Config
                0x0000000008001c68       0x40 ./Core/Src/main.o
                0x0000000008001c68                PeriphCommonClock_Config
 .text.Error_Handler
                0x0000000008001ca8        0xa ./Core/Src/main.o
                0x0000000008001ca8                Error_Handler
 *fill*         0x0000000008001cb2        0x2 
 .text.MX_SPI1_Init
                0x0000000008001cb4       0x6c ./Core/Src/spi.o
                0x0000000008001cb4                MX_SPI1_Init
 .text.HAL_SPI_MspInit
                0x0000000008001d20       0x90 ./Core/Src/spi.o
                0x0000000008001d20                HAL_SPI_MspInit
 .text.HAL_MspInit
                0x0000000008001db0       0x50 ./Core/Src/stm32f4xx_hal_msp.o
                0x0000000008001db0                HAL_MspInit
 .text.NMI_Handler
                0x0000000008001e00        0x6 ./Core/Src/stm32f4xx_it.o
                0x0000000008001e00                NMI_Handler
 .text.HardFault_Handler
                0x0000000008001e06        0x6 ./Core/Src/stm32f4xx_it.o
                0x0000000008001e06                HardFault_Handler
 .text.MemManage_Handler
                0x0000000008001e0c        0x6 ./Core/Src/stm32f4xx_it.o
                0x0000000008001e0c                MemManage_Handler
 .text.BusFault_Handler
                0x0000000008001e12        0x6 ./Core/Src/stm32f4xx_it.o
                0x0000000008001e12                BusFault_Handler
 .text.UsageFault_Handler
                0x0000000008001e18        0x6 ./Core/Src/stm32f4xx_it.o
                0x0000000008001e18                UsageFault_Handler
 .text.SVC_Handler
                0x0000000008001e1e        0xe ./Core/Src/stm32f4xx_it.o
                0x0000000008001e1e                SVC_Handler
 .text.DebugMon_Handler
                0x0000000008001e2c        0xe ./Core/Src/stm32f4xx_it.o
                0x0000000008001e2c                DebugMon_Handler
 .text.PendSV_Handler
                0x0000000008001e3a        0xe ./Core/Src/stm32f4xx_it.o
                0x0000000008001e3a                PendSV_Handler
 .text.SysTick_Handler
                0x0000000008001e48        0xc ./Core/Src/stm32f4xx_it.o
                0x0000000008001e48                SysTick_Handler
 .text.EXTI0_IRQHandler
                0x0000000008001e54        0xe ./Core/Src/stm32f4xx_it.o
                0x0000000008001e54                EXTI0_IRQHandler
 .text.EXTI1_IRQHandler
                0x0000000008001e62        0xe ./Core/Src/stm32f4xx_it.o
                0x0000000008001e62                EXTI1_IRQHandler
 .text.EXTI2_IRQHandler
                0x0000000008001e70        0xe ./Core/Src/stm32f4xx_it.o
                0x0000000008001e70                EXTI2_IRQHandler
 .text.EXTI3_IRQHandler
                0x0000000008001e7e        0xe ./Core/Src/stm32f4xx_it.o
                0x0000000008001e7e                EXTI3_IRQHandler
 .text.OTG_FS_IRQHandler
                0x0000000008001e8c       0x14 ./Core/Src/stm32f4xx_it.o
                0x0000000008001e8c                OTG_FS_IRQHandler
 .text.SystemInit
                0x0000000008001ea0       0x24 ./Core/Src/system_stm32f4xx.o
                0x0000000008001ea0                SystemInit
 .text.Reset_Handler
                0x0000000008001ec4       0x50 ./Core/Startup/startup_stm32f411vetx.o
                0x0000000008001ec4                Reset_Handler
 .text.Default_Handler
                0x0000000008001f14        0x2 ./Core/Startup/startup_stm32f411vetx.o
                0x0000000008001f14                DMA1_Stream3_IRQHandler
                0x0000000008001f14                SPI4_IRQHandler
                0x0000000008001f14                TIM1_CC_IRQHandler
                0x0000000008001f14                DMA2_Stream5_IRQHandler
                0x0000000008001f14                DMA1_Stream5_IRQHandler
                0x0000000008001f14                PVD_IRQHandler
                0x0000000008001f14                SDIO_IRQHandler
                0x0000000008001f14                TAMP_STAMP_IRQHandler
                0x0000000008001f14                TIM1_UP_TIM10_IRQHandler
                0x0000000008001f14                I2C3_ER_IRQHandler
                0x0000000008001f14                I2C2_EV_IRQHandler
                0x0000000008001f14                DMA1_Stream2_IRQHandler
                0x0000000008001f14                FPU_IRQHandler
                0x0000000008001f14                DMA2_Stream2_IRQHandler
                0x0000000008001f14                SPI1_IRQHandler
                0x0000000008001f14                TIM1_BRK_TIM9_IRQHandler
                0x0000000008001f14                DMA2_Stream3_IRQHandler
                0x0000000008001f14                USART6_IRQHandler
                0x0000000008001f14                DMA2_Stream0_IRQHandler
                0x0000000008001f14                TIM4_IRQHandler
                0x0000000008001f14                I2C1_EV_IRQHandler
                0x0000000008001f14                DMA1_Stream6_IRQHandler
                0x0000000008001f14                DMA1_Stream1_IRQHandler
                0x0000000008001f14                TIM3_IRQHandler
                0x0000000008001f14                RCC_IRQHandler
                0x0000000008001f14                Default_Handler
                0x0000000008001f14                EXTI15_10_IRQHandler
                0x0000000008001f14                ADC_IRQHandler
                0x0000000008001f14                DMA1_Stream7_IRQHandler
                0x0000000008001f14                SPI5_IRQHandler
                0x0000000008001f14                TIM5_IRQHandler
                0x0000000008001f14                DMA2_Stream7_IRQHandler
                0x0000000008001f14                I2C3_EV_IRQHandler
                0x0000000008001f14                EXTI9_5_IRQHandler
                0x0000000008001f14                RTC_WKUP_IRQHandler
                0x0000000008001f14                SPI2_IRQHandler
                0x0000000008001f14                DMA1_Stream0_IRQHandler
                0x0000000008001f14                EXTI4_IRQHandler
                0x0000000008001f14                WWDG_IRQHandler
                0x0000000008001f14                TIM2_IRQHandler
                0x0000000008001f14                OTG_FS_WKUP_IRQHandler
                0x0000000008001f14                TIM1_TRG_COM_TIM11_IRQHandler
                0x0000000008001f14                USART2_IRQHandler
                0x0000000008001f14                I2C2_ER_IRQHandler
                0x0000000008001f14                DMA2_Stream1_IRQHandler
                0x0000000008001f14                FLASH_IRQHandler
                0x0000000008001f14                DMA2_Stream4_IRQHandler
                0x0000000008001f14                USART1_IRQHandler
                0x0000000008001f14                SPI3_IRQHandler
                0x0000000008001f14                DMA1_Stream4_IRQHandler
                0x0000000008001f14                I2C1_ER_IRQHandler
                0x0000000008001f14                DMA2_Stream6_IRQHandler
                0x0000000008001f14                RTC_Alarm_IRQHandler
 *fill*         0x0000000008001f16        0x2 
 .text.HAL_Init
                0x0000000008001f18       0x44 ./Drivers/STM32F4xx_HAL_Driver/Src/stm32f4xx_hal.o
                0x0000000008001f18                HAL_Init
 .text.HAL_InitTick
                0x0000000008001f5c       0x60 ./Drivers/STM32F4xx_HAL_Driver/Src/stm32f4xx_hal.o
                0x0000000008001f5c                HAL_InitTick
 .text.HAL_IncTick
                0x0000000008001fbc       0x28 ./Drivers/STM32F4xx_HAL_Driver/Src/stm32f4xx_hal.o
                0x0000000008001fbc                HAL_IncTick
 .text.HAL_GetTick
                0x0000000008001fe4       0x18 ./Drivers/STM32F4xx_HAL_Driver/Src/stm32f4xx_hal.o
                0x0000000008001fe4                HAL_GetTick
 .text.HAL_Delay
                0x0000000008001ffc       0x48 ./Drivers/STM32F4xx_HAL_Driver/Src/stm32f4xx_hal.o
                0x0000000008001ffc                HAL_Delay
 .text.__NVIC_SetPriorityGrouping
                0x0000000008002044       0x48 ./Drivers/STM32F4xx_HAL_Driver/Src/stm32f4xx_hal_cortex.o
 .text.__NVIC_GetPriorityGrouping
                0x000000000800208c       0x1c ./Drivers/STM32F4xx_HAL_Driver/Src/stm32f4xx_hal_cortex.o
 .text.__NVIC_EnableIRQ
                0x00000000080020a8       0x3c ./Drivers/STM32F4xx_HAL_Driver/Src/stm32f4xx_hal_cortex.o
 .text.__NVIC_SetPriority
                0x00000000080020e4       0x54 ./Drivers/STM32F4xx_HAL_Driver/Src/stm32f4xx_hal_cortex.o
 .text.NVIC_EncodePriority
                0x0000000008002138       0x66 ./Drivers/STM32F4xx_HAL_Driver/Src/stm32f4xx_hal_cortex.o
 *fill*         0x000000000800219e        0x2 
 .text.SysTick_Config
                0x00000000080021a0       0x44 ./Drivers/STM32F4xx_HAL_Driver/Src/stm32f4xx_hal_cortex.o
 .text.HAL_NVIC_SetPriorityGrouping
                0x00000000080021e4       0x16 ./Drivers/STM32F4xx_HAL_Driver/Src/stm32f4xx_hal_cortex.o
                0x00000000080021e4                HAL_NVIC_SetPriorityGrouping
 .text.HAL_NVIC_SetPriority
                0x00000000080021fa       0x38 ./Drivers/STM32F4xx_HAL_Driver/Src/stm32f4xx_hal_cortex.o
                0x00000000080021fa                HAL_NVIC_SetPriority
 .text.HAL_NVIC_EnableIRQ
                0x0000000008002232       0x1c ./Drivers/STM32F4xx_HAL_Driver/Src/stm32f4xx_hal_cortex.o
                0x0000000008002232                HAL_NVIC_EnableIRQ
 .text.HAL_SYSTICK_Config
                0x000000000800224e       0x18 ./Drivers/STM32F4xx_HAL_Driver/Src/stm32f4xx_hal_cortex.o
                0x000000000800224e                HAL_SYSTICK_Config
 *fill*         0x0000000008002266        0x2 
 .text.HAL_GPIO_Init
                0x0000000008002268      0x308 ./Drivers/STM32F4xx_HAL_Driver/Src/stm32f4xx_hal_gpio.o
                0x0000000008002268                HAL_GPIO_Init
 .text.HAL_GPIO_ReadPin
                0x0000000008002570       0x30 ./Drivers/STM32F4xx_HAL_Driver/Src/stm32f4xx_hal_gpio.o
                0x0000000008002570                HAL_GPIO_ReadPin
 .text.HAL_GPIO_WritePin
                0x00000000080025a0       0x32 ./Drivers/STM32F4xx_HAL_Driver/Src/stm32f4xx_hal_gpio.o
                0x00000000080025a0                HAL_GPIO_WritePin
 *fill*         0x00000000080025d2        0x2 
 .text.HAL_GPIO_EXTI_IRQHandler
                0x00000000080025d4       0x30 ./Drivers/STM32F4xx_HAL_Driver/Src/stm32f4xx_hal_gpio.o
                0x00000000080025d4                HAL_GPIO_EXTI_IRQHandler
 .text.HAL_GPIO_EXTI_Callback
                0x0000000008002604       0x16 ./Drivers/STM32F4xx_HAL_Driver/Src/stm32f4xx_hal_gpio.o
                0x0000000008002604                HAL_GPIO_EXTI_Callback
 *fill*         0x000000000800261a        0x2 
 .text.HAL_I2C_Init
                0x000000000800261c      0x288 ./Drivers/STM32F4xx_HAL_Driver/Src/stm32f4xx_hal_i2c.o
                0x000000000800261c                HAL_I2C_Init
 .text.HAL_I2S_Init
                0x00000000080028a4      0x280 ./Drivers/STM32F4xx_HAL_Driver/Src/stm32f4xx_hal_i2s.o
                0x00000000080028a4                HAL_I2S_Init
 .text.HAL_I2S_TxCpltCallback
                0x0000000008002b24       0x14 ./Drivers/STM32F4xx_HAL_Driver/Src/stm32f4xx_hal_i2s.o
                0x0000000008002b24                HAL_I2S_TxCpltCallback
 .text.HAL_I2S_RxCpltCallback
                0x0000000008002b38       0x14 ./Drivers/STM32F4xx_HAL_Driver/Src/stm32f4xx_hal_i2s.o
                0x0000000008002b38                HAL_I2S_RxCpltCallback
 .text.HAL_I2S_ErrorCallback
                0x0000000008002b4c       0x14 ./Drivers/STM32F4xx_HAL_Driver/Src/stm32f4xx_hal_i2s.o
                0x0000000008002b4c                HAL_I2S_ErrorCallback
 .text.I2S_Transmit_IT
                0x0000000008002b60       0x5c ./Drivers/STM32F4xx_HAL_Driver/Src/stm32f4xx_hal_i2s.o
 .text.I2S_Receive_IT
                0x0000000008002bbc       0x5e ./Drivers/STM32F4xx_HAL_Driver/Src/stm32f4xx_hal_i2s.o
 .text.I2S_IRQHandler
                0x0000000008002c1a      0x114 ./Drivers/STM32F4xx_HAL_Driver/Src/stm32f4xx_hal_i2s.o
 *fill*         0x0000000008002d2e        0x2 
 .text.HAL_I2SEx_FullDuplex_IRQHandler
                0x0000000008002d30      0x2a8 ./Drivers/STM32F4xx_HAL_Driver/Src/stm32f4xx_hal_i2s_ex.o
                0x0000000008002d30                HAL_I2SEx_FullDuplex_IRQHandler
 .text.HAL_I2SEx_TxRxCpltCallback
                0x0000000008002fd8       0x14 ./Drivers/STM32F4xx_HAL_Driver/Src/stm32f4xx_hal_i2s_ex.o
                0x0000000008002fd8                HAL_I2SEx_TxRxCpltCallback
 .text.I2SEx_TxISR_I2S
                0x0000000008002fec       0x62 ./Drivers/STM32F4xx_HAL_Driver/Src/stm32f4xx_hal_i2s_ex.o
 *fill*         0x000000000800304e        0x2 
 .text.I2SEx_TxISR_I2SExt
                0x0000000008003050       0x98 ./Drivers/STM32F4xx_HAL_Driver/Src/stm32f4xx_hal_i2s_ex.o
 .text.I2SEx_RxISR_I2S
                0x00000000080030e8       0x64 ./Drivers/STM32F4xx_HAL_Driver/Src/stm32f4xx_hal_i2s_ex.o
 .text.I2SEx_RxISR_I2SExt
                0x000000000800314c       0x98 ./Drivers/STM32F4xx_HAL_Driver/Src/stm32f4xx_hal_i2s_ex.o
 .text.HAL_PCD_Init
                0x00000000080031e4      0x23a ./Drivers/STM32F4xx_HAL_Driver/Src/stm32f4xx_hal_pcd.o
                0x00000000080031e4                HAL_PCD_Init
 .text.HAL_PCD_Start
                0x000000000800341e       0x66 ./Drivers/STM32F4xx_HAL_Driver/Src/stm32f4xx_hal_pcd.o
                0x000000000800341e                HAL_PCD_Start
 .text.HAL_PCD_IRQHandler
                0x0000000008003484      0x93e ./Drivers/STM32F4xx_HAL_Driver/Src/stm32f4xx_hal_pcd.o
                0x0000000008003484                HAL_PCD_IRQHandler
 .text.HAL_PCD_SetAddress
                0x0000000008003dc2       0x4a ./Drivers/STM32F4xx_HAL_Driver/Src/stm32f4xx_hal_pcd.o
                0x0000000008003dc2                HAL_PCD_SetAddress
 .text.HAL_PCD_EP_Open
                0x0000000008003e0c       0xd0 ./Drivers/STM32F4xx_HAL_Driver/Src/stm32f4xx_hal_pcd.o
                0x0000000008003e0c                HAL_PCD_EP_Open
 .text.HAL_PCD_EP_Close
                0x0000000008003edc       0x94 ./Drivers/STM32F4xx_HAL_Driver/Src/stm32f4xx_hal_pcd.o
                0x0000000008003edc                HAL_PCD_EP_Close
 .text.HAL_PCD_EP_Receive
                0x0000000008003f70       0x96 ./Drivers/STM32F4xx_HAL_Driver/Src/stm32f4xx_hal_pcd.o
                0x0000000008003f70                HAL_PCD_EP_Receive
 .text.HAL_PCD_EP_Transmit
                0x0000000008004006       0x94 ./Drivers/STM32F4xx_HAL_Driver/Src/stm32f4xx_hal_pcd.o
                0x0000000008004006                HAL_PCD_EP_Transmit
 .text.HAL_PCD_EP_SetStall
                0x000000000800409a       0xc8 ./Drivers/STM32F4xx_HAL_Driver/Src/stm32f4xx_hal_pcd.o
                0x000000000800409a                HAL_PCD_EP_SetStall
 .text.HAL_PCD_EP_ClrStall
                0x0000000008004162       0xac ./Drivers/STM32F4xx_HAL_Driver/Src/stm32f4xx_hal_pcd.o
                0x0000000008004162                HAL_PCD_EP_ClrStall
 .text.HAL_PCD_EP_Abort
                0x000000000800420e       0x62 ./Drivers/STM32F4xx_HAL_Driver/Src/stm32f4xx_hal_pcd.o
                0x000000000800420e                HAL_PCD_EP_Abort
 .text.PCD_WriteEmptyTxFifo
                0x0000000008004270      0x11a ./Drivers/STM32F4xx_HAL_Driver/Src/stm32f4xx_hal_pcd.o
 *fill*         0x000000000800438a        0x2 
 .text.PCD_EP_OutXfrComplete_int
                0x000000000800438c      0x1d0 ./Drivers/STM32F4xx_HAL_Driver/Src/stm32f4xx_hal_pcd.o
 .text.PCD_EP_OutSetupPacket_int
                0x000000000800455c       0x8c ./Drivers/STM32F4xx_HAL_Driver/Src/stm32f4xx_hal_pcd.o
 .text.HAL_PCDEx_SetTxFiFo
                0x00000000080045e8       0x8e ./Drivers/STM32F4xx_HAL_Driver/Src/stm32f4xx_hal_pcd_ex.o
                0x00000000080045e8                HAL_PCDEx_SetTxFiFo
 .text.HAL_PCDEx_SetRxFiFo
                0x0000000008004676       0x22 ./Drivers/STM32F4xx_HAL_Driver/Src/stm32f4xx_hal_pcd_ex.o
                0x0000000008004676                HAL_PCDEx_SetRxFiFo
 .text.HAL_PCDEx_LPM_Callback
                0x0000000008004698       0x18 ./Drivers/STM32F4xx_HAL_Driver/Src/stm32f4xx_hal_pcd_ex.o
                0x0000000008004698                HAL_PCDEx_LPM_Callback
 .text.HAL_RCC_OscConfig
                0x00000000080046b0      0x4f0 ./Drivers/STM32F4xx_HAL_Driver/Src/stm32f4xx_hal_rcc.o
                0x00000000080046b0                HAL_RCC_OscConfig
 .text.HAL_RCC_ClockConfig
                0x0000000008004ba0      0x1cc ./Drivers/STM32F4xx_HAL_Driver/Src/stm32f4xx_hal_rcc.o
                0x0000000008004ba0                HAL_RCC_ClockConfig
 .text.HAL_RCC_GetSysClockFreq
                0x0000000008004d6c      0x20c ./Drivers/STM32F4xx_HAL_Driver/Src/stm32f4xx_hal_rcc.o
                0x0000000008004d6c                HAL_RCC_GetSysClockFreq
 .text.HAL_RCC_GetHCLKFreq
                0x0000000008004f78       0x18 ./Drivers/STM32F4xx_HAL_Driver/Src/stm32f4xx_hal_rcc.o
                0x0000000008004f78                HAL_RCC_GetHCLKFreq
 .text.HAL_RCC_GetPCLK1Freq
                0x0000000008004f90       0x28 ./Drivers/STM32F4xx_HAL_Driver/Src/stm32f4xx_hal_rcc.o
                0x0000000008004f90                HAL_RCC_GetPCLK1Freq
 .text.HAL_RCCEx_PeriphCLKConfig
                0x0000000008004fb8      0x1e0 ./Drivers/STM32F4xx_HAL_Driver/Src/stm32f4xx_hal_rcc_ex.o
                0x0000000008004fb8                HAL_RCCEx_PeriphCLKConfig
 .text.HAL_RCCEx_GetPeriphCLKFreq
                0x0000000008005198       0xc0 ./Drivers/STM32F4xx_HAL_Driver/Src/stm32f4xx_hal_rcc_ex.o
                0x0000000008005198                HAL_RCCEx_GetPeriphCLKFreq
 .text.HAL_SPI_Init
                0x0000000008005258      0x112 ./Drivers/STM32F4xx_HAL_Driver/Src/stm32f4xx_hal_spi.o
                0x0000000008005258                HAL_SPI_Init
 .text.HAL_SPI_Transmit
                0x000000000800536a      0x278 ./Drivers/STM32F4xx_HAL_Driver/Src/stm32f4xx_hal_spi.o
                0x000000000800536a                HAL_SPI_Transmit
 *fill*         0x00000000080055e2        0x2 
 .text.SPI_WaitFlagStateUntilTimeout
                0x00000000080055e4      0x110 ./Drivers/STM32F4xx_HAL_Driver/Src/stm32f4xx_hal_spi.o
 .text.SPI_EndRxTxTransaction
                0x00000000080056f4       0x84 ./Drivers/STM32F4xx_HAL_Driver/Src/stm32f4xx_hal_spi.o
 .text.USB_CoreInit
                0x0000000008005778       0xc2 ./Drivers/STM32F4xx_HAL_Driver/Src/stm32f4xx_ll_usb.o
                0x0000000008005778                USB_CoreInit
 *fill*         0x000000000800583a        0x2 
 .text.USB_SetTurnaroundTime
                0x000000000800583c      0x144 ./Drivers/STM32F4xx_HAL_Driver/Src/stm32f4xx_ll_usb.o
                0x000000000800583c                USB_SetTurnaroundTime
 .text.USB_EnableGlobalInt
                0x0000000008005980       0x22 ./Drivers/STM32F4xx_HAL_Driver/Src/stm32f4xx_ll_usb.o
                0x0000000008005980                USB_EnableGlobalInt
 .text.USB_DisableGlobalInt
                0x00000000080059a2       0x22 ./Drivers/STM32F4xx_HAL_Driver/Src/stm32f4xx_ll_usb.o
                0x00000000080059a2                USB_DisableGlobalInt
 .text.USB_SetCurrentMode
                0x00000000080059c4       0x98 ./Drivers/STM32F4xx_HAL_Driver/Src/stm32f4xx_ll_usb.o
                0x00000000080059c4                USB_SetCurrentMode
 .text.USB_DevInit
                0x0000000008005a5c      0x2c8 ./Drivers/STM32F4xx_HAL_Driver/Src/stm32f4xx_ll_usb.o
                0x0000000008005a5c                USB_DevInit
 .text.USB_FlushTxFifo
                0x0000000008005d24       0x68 ./Drivers/STM32F4xx_HAL_Driver/Src/stm32f4xx_ll_usb.o
                0x0000000008005d24                USB_FlushTxFifo
 .text.USB_FlushRxFifo
                0x0000000008005d8c       0x60 ./Drivers/STM32F4xx_HAL_Driver/Src/stm32f4xx_ll_usb.o
                0x0000000008005d8c                USB_FlushRxFifo
 .text.USB_SetDevSpeed
                0x0000000008005dec       0x32 ./Drivers/STM32F4xx_HAL_Driver/Src/stm32f4xx_ll_usb.o
                0x0000000008005dec                USB_SetDevSpeed
 .text.USB_GetDevSpeed
                0x0000000008005e1e       0x4a ./Drivers/STM32F4xx_HAL_Driver/Src/stm32f4xx_ll_usb.o
                0x0000000008005e1e                USB_GetDevSpeed
 .text.USB_ActivateEndpoint
                0x0000000008005e68      0x10e ./Drivers/STM32F4xx_HAL_Driver/Src/stm32f4xx_ll_usb.o
                0x0000000008005e68                USB_ActivateEndpoint
 *fill*         0x0000000008005f76        0x2 
 .text.USB_DeactivateEndpoint
                0x0000000008005f78      0x1b8 ./Drivers/STM32F4xx_HAL_Driver/Src/stm32f4xx_ll_usb.o
                0x0000000008005f78                USB_DeactivateEndpoint
 .text.USB_EPStartXfer
                0x0000000008006130      0x490 ./Drivers/STM32F4xx_HAL_Driver/Src/stm32f4xx_ll_usb.o
                0x0000000008006130                USB_EPStartXfer
 .text.USB_EP0StartXfer
                0x00000000080065c0      0x2b0 ./Drivers/STM32F4xx_HAL_Driver/Src/stm32f4xx_ll_usb.o
                0x00000000080065c0                USB_EP0StartXfer
 .text.USB_EPStopXfer
                0x0000000008006870      0x154 ./Drivers/STM32F4xx_HAL_Driver/Src/stm32f4xx_ll_usb.o
                0x0000000008006870                USB_EPStopXfer
 .text.USB_WritePacket
                0x00000000080069c4       0x7c ./Drivers/STM32F4xx_HAL_Driver/Src/stm32f4xx_ll_usb.o
                0x00000000080069c4                USB_WritePacket
 .text.USB_ReadPacket
                0x0000000008006a40       0xb0 ./Drivers/STM32F4xx_HAL_Driver/Src/stm32f4xx_ll_usb.o
                0x0000000008006a40                USB_ReadPacket
 .text.USB_EPSetStall
                0x0000000008006af0       0xdc ./Drivers/STM32F4xx_HAL_Driver/Src/stm32f4xx_ll_usb.o
                0x0000000008006af0                USB_EPSetStall
 .text.USB_EPClearStall
                0x0000000008006bcc       0xcc ./Drivers/STM32F4xx_HAL_Driver/Src/stm32f4xx_ll_usb.o
                0x0000000008006bcc                USB_EPClearStall
 .text.USB_SetDevAddress
                0x0000000008006c98       0x4c ./Drivers/STM32F4xx_HAL_Driver/Src/stm32f4xx_ll_usb.o
                0x0000000008006c98                USB_SetDevAddress
 .text.USB_DevConnect
                0x0000000008006ce4       0x42 ./Drivers/STM32F4xx_HAL_Driver/Src/stm32f4xx_ll_usb.o
                0x0000000008006ce4                USB_DevConnect
 .text.USB_DevDisconnect
                0x0000000008006d26       0x42 ./Drivers/STM32F4xx_HAL_Driver/Src/stm32f4xx_ll_usb.o
                0x0000000008006d26                USB_DevDisconnect
 .text.USB_ReadInterrupts
                0x0000000008006d68       0x26 ./Drivers/STM32F4xx_HAL_Driver/Src/stm32f4xx_ll_usb.o
                0x0000000008006d68                USB_ReadInterrupts
 .text.USB_ReadDevAllOutEpInterrupt
                0x0000000008006d8e       0x34 ./Drivers/STM32F4xx_HAL_Driver/Src/stm32f4xx_ll_usb.o
                0x0000000008006d8e                USB_ReadDevAllOutEpInterrupt
 .text.USB_ReadDevAllInEpInterrupt
                0x0000000008006dc2       0x34 ./Drivers/STM32F4xx_HAL_Driver/Src/stm32f4xx_ll_usb.o
                0x0000000008006dc2                USB_ReadDevAllInEpInterrupt
 .text.USB_ReadDevOutEPInterrupt
                0x0000000008006df6       0x3c ./Drivers/STM32F4xx_HAL_Driver/Src/stm32f4xx_ll_usb.o
                0x0000000008006df6                USB_ReadDevOutEPInterrupt
 .text.USB_ReadDevInEPInterrupt
                0x0000000008006e32       0x5c ./Drivers/STM32F4xx_HAL_Driver/Src/stm32f4xx_ll_usb.o
                0x0000000008006e32                USB_ReadDevInEPInterrupt
 .text.USB_GetMode
                0x0000000008006e8e       0x1c ./Drivers/STM32F4xx_HAL_Driver/Src/stm32f4xx_ll_usb.o
                0x0000000008006e8e                USB_GetMode
 .text.USB_ActivateSetup
                0x0000000008006eaa       0x46 ./Drivers/STM32F4xx_HAL_Driver/Src/stm32f4xx_ll_usb.o
                0x0000000008006eaa                USB_ActivateSetup
 .text.USB_EP0_OutStart
                0x0000000008006ef0       0xbc ./Drivers/STM32F4xx_HAL_Driver/Src/stm32f4xx_ll_usb.o
                0x0000000008006ef0                USB_EP0_OutStart
 .text.USB_CoreReset
                0x0000000008006fac       0x68 ./Drivers/STM32F4xx_HAL_Driver/Src/stm32f4xx_ll_usb.o
 .text.USBD_HID_Init
                0x0000000008007014       0xcc ./Middlewares/ST/STM32_USB_Device_Library/Class/HID/Src/usbd_hid.o
 .text.USBD_HID_DeInit
                0x00000000080070e0       0x90 ./Middlewares/ST/STM32_USB_Device_Library/Class/HID/Src/usbd_hid.o
 .text.USBD_HID_Setup
                0x0000000008007170      0x210 ./Middlewares/ST/STM32_USB_Device_Library/Class/HID/Src/usbd_hid.o
 .text.USBD_HID_GetFSCfgDesc
                0x0000000008007380       0x34 ./Middlewares/ST/STM32_USB_Device_Library/Class/HID/Src/usbd_hid.o
 .text.USBD_HID_GetHSCfgDesc
                0x00000000080073b4       0x34 ./Middlewares/ST/STM32_USB_Device_Library/Class/HID/Src/usbd_hid.o
 .text.USBD_HID_GetOtherSpeedCfgDesc
                0x00000000080073e8       0x34 ./Middlewares/ST/STM32_USB_Device_Library/Class/HID/Src/usbd_hid.o
 .text.USBD_HID_DataIn
                0x000000000800741c       0x2c ./Middlewares/ST/STM32_USB_Device_Library/Class/HID/Src/usbd_hid.o
 .text.USBD_HID_GetDeviceQualifierDesc
                0x0000000008007448       0x20 ./Middlewares/ST/STM32_USB_Device_Library/Class/HID/Src/usbd_hid.o
 .text.USBD_Init
                0x0000000008007468       0x60 ./Middlewares/ST/STM32_USB_Device_Library/Core/Src/usbd_core.o
                0x0000000008007468                USBD_Init
 .text.USBD_RegisterClass
                0x00000000080074c8       0x6c ./Middlewares/ST/STM32_USB_Device_Library/Core/Src/usbd_core.o
                0x00000000080074c8                USBD_RegisterClass
 .text.USBD_Start
                0x0000000008007534       0x18 ./Middlewares/ST/STM32_USB_Device_Library/Core/Src/usbd_core.o
                0x0000000008007534                USBD_Start
 .text.USBD_RunTestMode
                0x000000000800754c       0x16 ./Middlewares/ST/STM32_USB_Device_Library/Core/Src/usbd_core.o
                0x000000000800754c                USBD_RunTestMode
 .text.USBD_SetClassConfig
                0x0000000008007562       0x38 ./Middlewares/ST/STM32_USB_Device_Library/Core/Src/usbd_core.o
                0x0000000008007562                USBD_SetClassConfig
 .text.USBD_ClrClassConfig
                0x000000000800759a       0x34 ./Middlewares/ST/STM32_USB_Device_Library/Core/Src/usbd_core.o
                0x000000000800759a                USBD_ClrClassConfig
 .text.USBD_LL_SetupStage
                0x00000000080075ce       0xaa ./Middlewares/ST/STM32_USB_Device_Library/Core/Src/usbd_core.o
                0x00000000080075ce                USBD_LL_SetupStage
 .text.USBD_LL_DataOutStage
                0x0000000008007678      0x166 ./Middlewares/ST/STM32_USB_Device_Library/Core/Src/usbd_core.o
                0x0000000008007678                USBD_LL_DataOutStage
 .text.USBD_LL_DataInStage
                0x00000000080077de      0x164 ./Middlewares/ST/STM32_USB_Device_Library/Core/Src/usbd_core.o
                0x00000000080077de                USBD_LL_DataInStage
 .text.USBD_LL_Reset
                0x0000000008007942       0xa4 ./Middlewares/ST/STM32_USB_Device_Library/Core/Src/usbd_core.o
                0x0000000008007942                USBD_LL_Reset
 .text.USBD_LL_SetSpeed
                0x00000000080079e6       0x20 ./Middlewares/ST/STM32_USB_Device_Library/Core/Src/usbd_core.o
                0x00000000080079e6                USBD_LL_SetSpeed
 .text.USBD_LL_Suspend
                0x0000000008007a06       0x2c ./Middlewares/ST/STM32_USB_Device_Library/Core/Src/usbd_core.o
                0x0000000008007a06                USBD_LL_Suspend
 .text.USBD_LL_Resume
                0x0000000008007a32       0x30 ./Middlewares/ST/STM32_USB_Device_Library/Core/Src/usbd_core.o
                0x0000000008007a32                USBD_LL_Resume
 .text.USBD_LL_SOF
                0x0000000008007a62       0x40 ./Middlewares/ST/STM32_USB_Device_Library/Core/Src/usbd_core.o
                0x0000000008007a62                USBD_LL_SOF
 .text.USBD_LL_IsoINIncomplete
                0x0000000008007aa2       0x64 ./Middlewares/ST/STM32_USB_Device_Library/Core/Src/usbd_core.o
                0x0000000008007aa2                USBD_LL_IsoINIncomplete
 .text.USBD_LL_IsoOUTIncomplete
                0x0000000008007b06       0x64 ./Middlewares/ST/STM32_USB_Device_Library/Core/Src/usbd_core.o
                0x0000000008007b06                USBD_LL_IsoOUTIncomplete
 .text.USBD_LL_DevConnected
                0x0000000008007b6a       0x16 ./Middlewares/ST/STM32_USB_Device_Library/Core/Src/usbd_core.o
                0x0000000008007b6a                USBD_LL_DevConnected
 .text.USBD_LL_DevDisconnected
                0x0000000008007b80       0x46 ./Middlewares/ST/STM32_USB_Device_Library/Core/Src/usbd_core.o
                0x0000000008007b80                USBD_LL_DevDisconnected
 .text.USBD_CoreFindIF
                0x0000000008007bc6       0x1a ./Middlewares/ST/STM32_USB_Device_Library/Core/Src/usbd_core.o
                0x0000000008007bc6                USBD_CoreFindIF
 .text.USBD_CoreFindEP
                0x0000000008007be0       0x1a ./Middlewares/ST/STM32_USB_Device_Library/Core/Src/usbd_core.o
                0x0000000008007be0                USBD_CoreFindEP
 .text.USBD_GetEpDesc
                0x0000000008007bfa       0x74 ./Middlewares/ST/STM32_USB_Device_Library/Core/Src/usbd_core.o
                0x0000000008007bfa                USBD_GetEpDesc
 .text.USBD_GetNextDesc
                0x0000000008007c6e       0x3a ./Middlewares/ST/STM32_USB_Device_Library/Core/Src/usbd_core.o
                0x0000000008007c6e                USBD_GetNextDesc
 .text.SWAPBYTE
                0x0000000008007ca8       0x3c ./Middlewares/ST/STM32_USB_Device_Library/Core/Src/usbd_ctlreq.o
 .text.USBD_StdDevReq
                0x0000000008007ce4       0xe4 ./Middlewares/ST/STM32_USB_Device_Library/Core/Src/usbd_ctlreq.o
                0x0000000008007ce4                USBD_StdDevReq
 .text.USBD_StdItfReq
                0x0000000008007dc8       0xd8 ./Middlewares/ST/STM32_USB_Device_Library/Core/Src/usbd_ctlreq.o
                0x0000000008007dc8                USBD_StdItfReq
 .text.USBD_StdEPReq
                0x0000000008007ea0      0x33a ./Middlewares/ST/STM32_USB_Device_Library/Core/Src/usbd_ctlreq.o
                0x0000000008007ea0                USBD_StdEPReq
 *fill*         0x00000000080081da        0x2 
 .text.USBD_GetDescriptor
                0x00000000080081dc      0x2d4 ./Middlewares/ST/STM32_USB_Device_Library/Core/Src/usbd_ctlreq.o
 .text.USBD_SetAddress
                0x00000000080084b0       0x88 ./Middlewares/ST/STM32_USB_Device_Library/Core/Src/usbd_ctlreq.o
 .text.USBD_SetConfig
                0x0000000008008538      0x154 ./Middlewares/ST/STM32_USB_Device_Library/Core/Src/usbd_ctlreq.o
 .text.USBD_GetConfig
                0x000000000800868c       0x6c ./Middlewares/ST/STM32_USB_Device_Library/Core/Src/usbd_ctlreq.o
 .text.USBD_GetStatus
                0x00000000080086f8       0x68 ./Middlewares/ST/STM32_USB_Device_Library/Core/Src/usbd_ctlreq.o
 .text.USBD_SetFeature
                0x0000000008008760       0x52 ./Middlewares/ST/STM32_USB_Device_Library/Core/Src/usbd_ctlreq.o
 .text.USBD_ClrFeature
                0x00000000080087b2       0x44 ./Middlewares/ST/STM32_USB_Device_Library/Core/Src/usbd_ctlreq.o
 .text.USBD_ParseSetupRequest
                0x00000000080087f6       0x74 ./Middlewares/ST/STM32_USB_Device_Library/Core/Src/usbd_ctlreq.o
                0x00000000080087f6                USBD_ParseSetupRequest
 .text.USBD_CtlError
                0x000000000800886a       0x22 ./Middlewares/ST/STM32_USB_Device_Library/Core/Src/usbd_ctlreq.o
                0x000000000800886a                USBD_CtlError
 .text.USBD_GetString
                0x000000000800888c       0x8c ./Middlewares/ST/STM32_USB_Device_Library/Core/Src/usbd_ctlreq.o
                0x000000000800888c                USBD_GetString
 .text.USBD_GetLen
                0x0000000008008918       0x34 ./Middlewares/ST/STM32_USB_Device_Library/Core/Src/usbd_ctlreq.o
 .text.USBD_CtlSendData
                0x000000000800894c       0x36 ./Middlewares/ST/STM32_USB_Device_Library/Core/Src/usbd_ioreq.o
                0x000000000800894c                USBD_CtlSendData
 .text.USBD_CtlContinueSendData
                0x0000000008008982       0x22 ./Middlewares/ST/STM32_USB_Device_Library/Core/Src/usbd_ioreq.o
                0x0000000008008982                USBD_CtlContinueSendData
 .text.USBD_CtlContinueRx
                0x00000000080089a4       0x22 ./Middlewares/ST/STM32_USB_Device_Library/Core/Src/usbd_ioreq.o
                0x00000000080089a4                USBD_CtlContinueRx
 .text.USBD_CtlSendStatus
                0x00000000080089c6       0x26 ./Middlewares/ST/STM32_USB_Device_Library/Core/Src/usbd_ioreq.o
                0x00000000080089c6                USBD_CtlSendStatus
 .text.USBD_CtlReceiveStatus
                0x00000000080089ec       0x26 ./Middlewares/ST/STM32_USB_Device_Library/Core/Src/usbd_ioreq.o
                0x00000000080089ec                USBD_CtlReceiveStatus
 *fill*         0x0000000008008a12        0x2 
 .text.MX_USB_DEVICE_Init
                0x0000000008008a14       0x4c ./USB_DEVICE/App/usb_device.o
                0x0000000008008a14                MX_USB_DEVICE_Init
 .text.USBD_FS_DeviceDescriptor
                0x0000000008008a60       0x24 ./USB_DEVICE/App/usbd_desc.o
                0x0000000008008a60                USBD_FS_DeviceDescriptor
 .text.USBD_FS_LangIDStrDescriptor
                0x0000000008008a84       0x24 ./USB_DEVICE/App/usbd_desc.o
                0x0000000008008a84                USBD_FS_LangIDStrDescriptor
 .text.USBD_FS_ProductStrDescriptor
                0x0000000008008aa8       0x3c ./USB_DEVICE/App/usbd_desc.o
                0x0000000008008aa8                USBD_FS_ProductStrDescriptor
 .text.USBD_FS_ManufacturerStrDescriptor
                0x0000000008008ae4       0x28 ./USB_DEVICE/App/usbd_desc.o
                0x0000000008008ae4                USBD_FS_ManufacturerStrDescriptor
 .text.USBD_FS_SerialStrDescriptor
                0x0000000008008b0c       0x24 ./USB_DEVICE/App/usbd_desc.o
                0x0000000008008b0c                USBD_FS_SerialStrDescriptor
 .text.USBD_FS_ConfigStrDescriptor
                0x0000000008008b30       0x3c ./USB_DEVICE/App/usbd_desc.o
                0x0000000008008b30                USBD_FS_ConfigStrDescriptor
 .text.USBD_FS_InterfaceStrDescriptor
                0x0000000008008b6c       0x3c ./USB_DEVICE/App/usbd_desc.o
                0x0000000008008b6c                USBD_FS_InterfaceStrDescriptor
 .text.Get_SerialNum
                0x0000000008008ba8       0x58 ./USB_DEVICE/App/usbd_desc.o
 .text.IntToUnicode
                0x0000000008008c00       0x7e ./USB_DEVICE/App/usbd_desc.o
 *fill*         0x0000000008008c7e        0x2 
 .text.HAL_PCD_MspInit
                0x0000000008008c80       0xc4 ./USB_DEVICE/Target/usbd_conf.o
                0x0000000008008c80                HAL_PCD_MspInit
 .text.HAL_PCD_SetupStageCallback
                0x0000000008008d44       0x24 ./USB_DEVICE/Target/usbd_conf.o
                0x0000000008008d44                HAL_PCD_SetupStageCallback
 .text.HAL_PCD_DataOutStageCallback
                0x0000000008008d68       0x36 ./USB_DEVICE/Target/usbd_conf.o
                0x0000000008008d68                HAL_PCD_DataOutStageCallback
 .text.HAL_PCD_DataInStageCallback
                0x0000000008008d9e       0x34 ./USB_DEVICE/Target/usbd_conf.o
                0x0000000008008d9e                HAL_PCD_DataInStageCallback
 .text.HAL_PCD_SOFCallback
                0x0000000008008dd2       0x1c ./USB_DEVICE/Target/usbd_conf.o
                0x0000000008008dd2                HAL_PCD_SOFCallback
 .text.HAL_PCD_ResetCallback
                0x0000000008008dee       0x3c ./USB_DEVICE/Target/usbd_conf.o
                0x0000000008008dee                HAL_PCD_ResetCallback
 *fill*         0x0000000008008e2a        0x2 
 .text.HAL_PCD_SuspendCallback
                0x0000000008008e2c       0x4c ./USB_DEVICE/Target/usbd_conf.o
                0x0000000008008e2c                HAL_PCD_SuspendCallback
 .text.HAL_PCD_ResumeCallback
                0x0000000008008e78       0x1c ./USB_DEVICE/Target/usbd_conf.o
                0x0000000008008e78                HAL_PCD_ResumeCallback
 .text.HAL_PCD_ISOOUTIncompleteCallback
                0x0000000008008e94       0x24 ./USB_DEVICE/Target/usbd_conf.o
                0x0000000008008e94                HAL_PCD_ISOOUTIncompleteCallback
 .text.HAL_PCD_ISOINIncompleteCallback
                0x0000000008008eb8       0x24 ./USB_DEVICE/Target/usbd_conf.o
                0x0000000008008eb8                HAL_PCD_ISOINIncompleteCallback
 .text.HAL_PCD_ConnectCallback
                0x0000000008008edc       0x1c ./USB_DEVICE/Target/usbd_conf.o
                0x0000000008008edc                HAL_PCD_ConnectCallback
 .text.HAL_PCD_DisconnectCallback
                0x0000000008008ef8       0x1c ./USB_DEVICE/Target/usbd_conf.o
                0x0000000008008ef8                HAL_PCD_DisconnectCallback
 .text.USBD_LL_Init
                0x0000000008008f14       0x98 ./USB_DEVICE/Target/usbd_conf.o
                0x0000000008008f14                USBD_LL_Init
 .text.USBD_LL_Start
                0x0000000008008fac       0x36 ./USB_DEVICE/Target/usbd_conf.o
                0x0000000008008fac                USBD_LL_Start
 .text.USBD_LL_OpenEP
                0x0000000008008fe2       0x4c ./USB_DEVICE/Target/usbd_conf.o
                0x0000000008008fe2                USBD_LL_OpenEP
 .text.USBD_LL_CloseEP
                0x000000000800902e       0x3e ./USB_DEVICE/Target/usbd_conf.o
                0x000000000800902e                USBD_LL_CloseEP
 .text.USBD_LL_StallEP
                0x000000000800906c       0x3e ./USB_DEVICE/Target/usbd_conf.o
                0x000000000800906c                USBD_LL_StallEP
 .text.USBD_LL_ClearStallEP
                0x00000000080090aa       0x3e ./USB_DEVICE/Target/usbd_conf.o
                0x00000000080090aa                USBD_LL_ClearStallEP
 .text.USBD_LL_IsStallEP
                0x00000000080090e8       0x58 ./USB_DEVICE/Target/usbd_conf.o
                0x00000000080090e8                USBD_LL_IsStallEP
 .text.USBD_LL_SetUSBAddress
                0x0000000008009140       0x3e ./USB_DEVICE/Target/usbd_conf.o
                0x0000000008009140                USBD_LL_SetUSBAddress
 .text.USBD_LL_Transmit
                0x000000000800917e       0x42 ./USB_DEVICE/Target/usbd_conf.o
                0x000000000800917e                USBD_LL_Transmit
 .text.USBD_LL_PrepareReceive
                0x00000000080091c0       0x42 ./USB_DEVICE/Target/usbd_conf.o
                0x00000000080091c0                USBD_LL_PrepareReceive
 *fill*         0x0000000008009202        0x2 
 .text.USBD_static_malloc
                0x0000000008009204       0x1c ./USB_DEVICE/Target/usbd_conf.o
                0x0000000008009204                USBD_static_malloc
 .text.USBD_static_free
                0x0000000008009220       0x14 ./USB_DEVICE/Target/usbd_conf.o
                0x0000000008009220                USBD_static_free
 .text.USBD_Get_USB_Status
                0x0000000008009234       0x58 ./USB_DEVICE/Target/usbd_conf.o
                0x0000000008009234                USBD_Get_USB_Status
 .text.memset   0x000000000800928c       0x10 /Applications/STM32CubeIDE.app/Contents/Eclipse/plugins/com.st.stm32cube.ide.mcu.externaltools.gnu-tools-for-stm32.11.3.rel1.macos64_1.1.1.202309131626/tools/bin/../lib/gcc/arm-none-eabi/11.3.1/../../../../arm-none-eabi/lib/thumb/v7e-m+fp/hard/libc_nano.a(libc_a-memset.o)
                0x000000000800928c                memset
 .text.__libc_init_array
                0x000000000800929c       0x48 /Applications/STM32CubeIDE.app/Contents/Eclipse/plugins/com.st.stm32cube.ide.mcu.externaltools.gnu-tools-for-stm32.11.3.rel1.macos64_1.1.1.202309131626/tools/bin/../lib/gcc/arm-none-eabi/11.3.1/../../../../arm-none-eabi/lib/thumb/v7e-m+fp/hard/libc_nano.a(libc_a-init.o)
                0x000000000800929c                __libc_init_array
 .text.memcpy   0x00000000080092e4       0x1c /Applications/STM32CubeIDE.app/Contents/Eclipse/plugins/com.st.stm32cube.ide.mcu.externaltools.gnu-tools-for-stm32.11.3.rel1.macos64_1.1.1.202309131626/tools/bin/../lib/gcc/arm-none-eabi/11.3.1/../../../../arm-none-eabi/lib/thumb/v7e-m+fp/hard/libc_nano.a(libc_a-memcpy-stub.o)
                0x00000000080092e4                memcpy
 *(.glue_7)
 .glue_7        0x0000000008009300        0x0 linker stubs
 *(.glue_7t)
 .glue_7t       0x0000000008009300        0x0 linker stubs
 *(.eh_frame)
 .eh_frame      0x0000000008009300        0x0 /Applications/STM32CubeIDE.app/Contents/Eclipse/plugins/com.st.stm32cube.ide.mcu.externaltools.gnu-tools-for-stm32.11.3.rel1.macos64_1.1.1.202309131626/tools/bin/../lib/gcc/arm-none-eabi/11.3.1/thumb/v7e-m+fp/hard/crtbegin.o
 *(.init)
 .init          0x0000000008009300        0x4 /Applications/STM32CubeIDE.app/Contents/Eclipse/plugins/com.st.stm32cube.ide.mcu.externaltools.gnu-tools-for-stm32.11.3.rel1.macos64_1.1.1.202309131626/tools/bin/../lib/gcc/arm-none-eabi/11.3.1/thumb/v7e-m+fp/hard/crti.o
                0x0000000008009300                _init
 .init          0x0000000008009304        0x8 /Applications/STM32CubeIDE.app/Contents/Eclipse/plugins/com.st.stm32cube.ide.mcu.externaltools.gnu-tools-for-stm32.11.3.rel1.macos64_1.1.1.202309131626/tools/bin/../lib/gcc/arm-none-eabi/11.3.1/thumb/v7e-m+fp/hard/crtn.o
 *(.fini)
 .fini          0x000000000800930c        0x4 /Applications/STM32CubeIDE.app/Contents/Eclipse/plugins/com.st.stm32cube.ide.mcu.externaltools.gnu-tools-for-stm32.11.3.rel1.macos64_1.1.1.202309131626/tools/bin/../lib/gcc/arm-none-eabi/11.3.1/thumb/v7e-m+fp/hard/crti.o
                0x000000000800930c                _fini
 .fini          0x0000000008009310        0x8 /Applications/STM32CubeIDE.app/Contents/Eclipse/plugins/com.st.stm32cube.ide.mcu.externaltools.gnu-tools-for-stm32.11.3.rel1.macos64_1.1.1.202309131626/tools/bin/../lib/gcc/arm-none-eabi/11.3.1/thumb/v7e-m+fp/hard/crtn.o
                0x0000000008009318                . = ALIGN (0x4)
                0x0000000008009318                _etext = .

.vfp11_veneer   0x0000000008009318        0x0
 .vfp11_veneer  0x0000000008009318        0x0 linker stubs

.v4_bx          0x0000000008009318        0x0
 .v4_bx         0x0000000008009318        0x0 linker stubs

.iplt           0x0000000008009318        0x0
 .iplt          0x0000000008009318        0x0 /Applications/STM32CubeIDE.app/Contents/Eclipse/plugins/com.st.stm32cube.ide.mcu.externaltools.gnu-tools-for-stm32.11.3.rel1.macos64_1.1.1.202309131626/tools/bin/../lib/gcc/arm-none-eabi/11.3.1/thumb/v7e-m+fp/hard/crtbegin.o

.rodata         0x0000000008009318      0x834
                0x0000000008009318                . = ALIGN (0x4)
 *(.rodata)
 .rodata        0x0000000008009318       0xbf ./Core/Src/main.o
 *fill*         0x00000000080093d7        0x1 
 .rodata        0x00000000080093d8       0x46 ./USB_DEVICE/App/usbd_desc.o
 *(.rodata*)
 *fill*         0x000000000800941e        0x2 
 .rodata.base_font
                0x0000000008009420      0x600 ./Core/Src/lcd5110.o
 .rodata.lcd5110_def_scr
                0x0000000008009a20        0xe ./Core/Src/lcd5110.o
                0x0000000008009a20                lcd5110_def_scr
 *fill*         0x0000000008009a2e        0x2 
 .rodata.AHBPrescTable
                0x0000000008009a30       0x10 ./Core/Src/system_stm32f4xx.o
                0x0000000008009a30                AHBPrescTable
 .rodata.APBPrescTable
                0x0000000008009a40        0x8 ./Core/Src/system_stm32f4xx.o
                0x0000000008009a40                APBPrescTable
 .rodata._ctype_
                0x0000000008009a48      0x101 /Applications/STM32CubeIDE.app/Contents/Eclipse/plugins/com.st.stm32cube.ide.mcu.externaltools.gnu-tools-for-stm32.11.3.rel1.macos64_1.1.1.202309131626/tools/bin/../lib/gcc/arm-none-eabi/11.3.1/../../../../arm-none-eabi/lib/thumb/v7e-m+fp/hard/libc_nano.a(libc_a-ctype_.o)
                0x0000000008009a48                _ctype_
                0x0000000008009b4c                . = ALIGN (0x4)
 *fill*         0x0000000008009b49        0x3 

.ARM.extab      0x0000000008009b4c        0x0
                0x0000000008009b4c                . = ALIGN (0x4)
 *(.ARM.extab* .gnu.linkonce.armextab.*)
                0x0000000008009b4c                . = ALIGN (0x4)

.ARM            0x0000000008009b4c        0x8
                0x0000000008009b4c                . = ALIGN (0x4)
                0x0000000008009b4c                __exidx_start = .
 *(.ARM.exidx*)
 .ARM.exidx     0x0000000008009b4c        0x8 /Applications/STM32CubeIDE.app/Contents/Eclipse/plugins/com.st.stm32cube.ide.mcu.externaltools.gnu-tools-for-stm32.11.3.rel1.macos64_1.1.1.202309131626/tools/bin/../lib/gcc/arm-none-eabi/11.3.1/thumb/v7e-m+fp/hard/libgcc.a(_udivmoddi4.o)
                0x0000000008009b54                __exidx_end = .
                0x0000000008009b54                . = ALIGN (0x4)

.rel.dyn        0x0000000008009b54        0x0
 .rel.iplt      0x0000000008009b54        0x0 /Applications/STM32CubeIDE.app/Contents/Eclipse/plugins/com.st.stm32cube.ide.mcu.externaltools.gnu-tools-for-stm32.11.3.rel1.macos64_1.1.1.202309131626/tools/bin/../lib/gcc/arm-none-eabi/11.3.1/thumb/v7e-m+fp/hard/crtbegin.o

.preinit_array  0x0000000008009b54        0x0
                0x0000000008009b54                . = ALIGN (0x4)
                0x0000000008009b54                PROVIDE (__preinit_array_start = .)
 *(.preinit_array*)
                0x0000000008009b54                PROVIDE (__preinit_array_end = .)
                0x0000000008009b54                . = ALIGN (0x4)

.init_array     0x0000000008009b54        0x4
                0x0000000008009b54                . = ALIGN (0x4)
                0x0000000008009b54                PROVIDE (__init_array_start = .)
 *(SORT_BY_NAME(.init_array.*))
 *(.init_array*)
 .init_array    0x0000000008009b54        0x4 /Applications/STM32CubeIDE.app/Contents/Eclipse/plugins/com.st.stm32cube.ide.mcu.externaltools.gnu-tools-for-stm32.11.3.rel1.macos64_1.1.1.202309131626/tools/bin/../lib/gcc/arm-none-eabi/11.3.1/thumb/v7e-m+fp/hard/crtbegin.o
                0x0000000008009b58                PROVIDE (__init_array_end = .)
                0x0000000008009b58                . = ALIGN (0x4)

.fini_array     0x0000000008009b58        0x4
                0x0000000008009b58                . = ALIGN (0x4)
                [!provide]                        PROVIDE (__fini_array_start = .)
 *(SORT_BY_NAME(.fini_array.*))
 *(.fini_array*)
 .fini_array    0x0000000008009b58        0x4 /Applications/STM32CubeIDE.app/Contents/Eclipse/plugins/com.st.stm32cube.ide.mcu.externaltools.gnu-tools-for-stm32.11.3.rel1.macos64_1.1.1.202309131626/tools/bin/../lib/gcc/arm-none-eabi/11.3.1/thumb/v7e-m+fp/hard/crtbegin.o
                [!provide]                        PROVIDE (__fini_array_end = .)
                0x0000000008009b5c                . = ALIGN (0x4)
                0x0000000008009b5c                _sidata = LOADADDR (.data)

.data           0x0000000020000000      0x13c load address 0x0000000008009b5c
                0x0000000020000000                . = ALIGN (0x4)
                0x0000000020000000                _sdata = .
 *(.data)
 *(.data*)
 .data.ROW_1_Port
                0x0000000020000000        0x4 ./Core/Src/main.o
                0x0000000020000000                ROW_1_Port
 .data.ROW_2_Port
                0x0000000020000004        0x4 ./Core/Src/main.o
                0x0000000020000004                ROW_2_Port
 .data.ROW_3_Port
                0x0000000020000008        0x4 ./Core/Src/main.o
                0x0000000020000008                ROW_3_Port
 .data.ROW_4_Port
                0x000000002000000c        0x4 ./Core/Src/main.o
                0x000000002000000c                ROW_4_Port
 .data.COL_1_Port
                0x0000000020000010        0x4 ./Core/Src/main.o
                0x0000000020000010                COL_1_Port
 .data.COL_2_Port
                0x0000000020000014        0x4 ./Core/Src/main.o
                0x0000000020000014                COL_2_Port
 .data.COL_3_Port
                0x0000000020000018        0x4 ./Core/Src/main.o
                0x0000000020000018                COL_3_Port
 .data.COL_4_Port
                0x000000002000001c        0x4 ./Core/Src/main.o
                0x000000002000001c                COL_4_Port
 .data.SystemCoreClock
                0x0000000020000020        0x4 ./Core/Src/system_stm32f4xx.o
                0x0000000020000020                SystemCoreClock
 .data.uwTickPrio
                0x0000000020000024        0x4 ./Drivers/STM32F4xx_HAL_Driver/Src/stm32f4xx_hal.o
                0x0000000020000024                uwTickPrio
 .data.uwTickFreq
                0x0000000020000028        0x1 ./Drivers/STM32F4xx_HAL_Driver/Src/stm32f4xx_hal.o
                0x0000000020000028                uwTickFreq
 *fill*         0x0000000020000029        0x3 
 .data.USBD_HID
                0x000000002000002c       0x38 ./Middlewares/ST/STM32_USB_Device_Library/Class/HID/Src/usbd_hid.o
                0x000000002000002c                USBD_HID
 .data.USBD_HID_CfgDesc
                0x0000000020000064       0x22 ./Middlewares/ST/STM32_USB_Device_Library/Class/HID/Src/usbd_hid.o
 *fill*         0x0000000020000086        0x2 
 .data.USBD_HID_Desc
                0x0000000020000088        0x9 ./Middlewares/ST/STM32_USB_Device_Library/Class/HID/Src/usbd_hid.o
 *fill*         0x0000000020000091        0x3 
 .data.USBD_HID_DeviceQualifierDesc
                0x0000000020000094        0xa ./Middlewares/ST/STM32_USB_Device_Library/Class/HID/Src/usbd_hid.o
 *fill*         0x000000002000009e        0x2 
 .data.HID_MOUSE_ReportDesc
                0x00000000200000a0       0x4a ./Middlewares/ST/STM32_USB_Device_Library/Class/HID/Src/usbd_hid.o
 .data.HIDInEpAdd
                0x00000000200000ea        0x1 ./Middlewares/ST/STM32_USB_Device_Library/Class/HID/Src/usbd_hid.o
 *fill*         0x00000000200000eb        0x1 
 .data.FS_Desc  0x00000000200000ec       0x1c ./USB_DEVICE/App/usbd_desc.o
                0x00000000200000ec                FS_Desc
 .data.USBD_FS_DeviceDesc
                0x0000000020000108       0x12 ./USB_DEVICE/App/usbd_desc.o
                0x0000000020000108                USBD_FS_DeviceDesc
 *fill*         0x000000002000011a        0x2 
 .data.USBD_LangIDDesc
                0x000000002000011c        0x4 ./USB_DEVICE/App/usbd_desc.o
                0x000000002000011c                USBD_LangIDDesc
 .data.USBD_StringSerial
                0x0000000020000120       0x1a ./USB_DEVICE/App/usbd_desc.o
                0x0000000020000120                USBD_StringSerial
 *(.RamFunc)
 *(.RamFunc*)
                0x000000002000013c                . = ALIGN (0x4)
 *fill*         0x000000002000013a        0x2 
                0x000000002000013c                _edata = .

.igot.plt       0x000000002000013c        0x0 load address 0x0000000008009c98
 .igot.plt      0x000000002000013c        0x0 /Applications/STM32CubeIDE.app/Contents/Eclipse/plugins/com.st.stm32cube.ide.mcu.externaltools.gnu-tools-for-stm32.11.3.rel1.macos64_1.1.1.202309131626/tools/bin/../lib/gcc/arm-none-eabi/11.3.1/thumb/v7e-m+fp/hard/crtbegin.o
                0x000000002000013c                . = ALIGN (0x4)

.bss            0x000000002000013c      0xd80 load address 0x0000000008009c98
                0x000000002000013c                _sbss = .
                0x000000002000013c                __bss_start__ = _sbss
 *(.bss)
 .bss           0x000000002000013c       0x1c /Applications/STM32CubeIDE.app/Contents/Eclipse/plugins/com.st.stm32cube.ide.mcu.externaltools.gnu-tools-for-stm32.11.3.rel1.macos64_1.1.1.202309131626/tools/bin/../lib/gcc/arm-none-eabi/11.3.1/thumb/v7e-m+fp/hard/crtbegin.o
 *(.bss*)
 .bss.hi2c1     0x0000000020000158       0x54 ./Core/Src/i2c.o
                0x0000000020000158                hi2c1
 .bss.hi2s2     0x00000000200001ac       0x48 ./Core/Src/i2s.o
                0x00000000200001ac                hi2s2
 .bss.hi2s3     0x00000000200001f4       0x48 ./Core/Src/i2s.o
                0x00000000200001f4                hi2s3
 .bss.lcd1      0x000000002000023c      0x224 ./Core/Src/main.o
                0x000000002000023c                lcd1
 .bss.hspi1     0x0000000020000460       0x58 ./Core/Src/spi.o
                0x0000000020000460                hspi1
 .bss.uwTick    0x00000000200004b8        0x4 ./Drivers/STM32F4xx_HAL_Driver/Src/stm32f4xx_hal.o
                0x00000000200004b8                uwTick
 .bss.cfgidx.0  0x00000000200004bc        0x1 ./Middlewares/ST/STM32_USB_Device_Library/Core/Src/usbd_ctlreq.o
 *fill*         0x00000000200004bd        0x3 
 .bss.hUsbDeviceFS
                0x00000000200004c0      0x2dc ./USB_DEVICE/App/usb_device.o
                0x00000000200004c0                hUsbDeviceFS
 .bss.USBD_StrDesc
                0x000000002000079c      0x200 ./USB_DEVICE/App/usbd_desc.o
                0x000000002000079c                USBD_StrDesc
 .bss.hpcd_USB_OTG_FS
                0x000000002000099c      0x50c ./USB_DEVICE/Target/usbd_conf.o
                0x000000002000099c                hpcd_USB_OTG_FS
 .bss.mem.0     0x0000000020000ea8       0x14 ./USB_DEVICE/Target/usbd_conf.o
 *(COMMON)
                0x0000000020000ebc                . = ALIGN (0x4)
                0x0000000020000ebc                _ebss = .
                0x0000000020000ebc                __bss_end__ = _ebss

._user_heap_stack
                0x0000000020000ebc      0x604 load address 0x0000000008009c98
                0x0000000020000ec0                . = ALIGN (0x8)
 *fill*         0x0000000020000ebc        0x4 
                [!provide]                        PROVIDE (end = .)
                0x0000000020000ec0                PROVIDE (_end = .)
                0x00000000200010c0                . = (. + _Min_Heap_Size)
 *fill*         0x0000000020000ec0      0x200 
                0x00000000200014c0                . = (. + _Min_Stack_Size)
 *fill*         0x00000000200010c0      0x400 
                0x00000000200014c0                . = ALIGN (0x8)

/DISCARD/
 libc.a(*)
 libm.a(*)
 libgcc.a(*)

.ARM.attributes
                0x0000000000000000       0x30
 *(.ARM.attributes)
 .ARM.attributes
                0x0000000000000000       0x1e /Applications/STM32CubeIDE.app/Contents/Eclipse/plugins/com.st.stm32cube.ide.mcu.externaltools.gnu-tools-for-stm32.11.3.rel1.macos64_1.1.1.202309131626/tools/bin/../lib/gcc/arm-none-eabi/11.3.1/thumb/v7e-m+fp/hard/crti.o
 .ARM.attributes
                0x000000000000001e       0x34 /Applications/STM32CubeIDE.app/Contents/Eclipse/plugins/com.st.stm32cube.ide.mcu.externaltools.gnu-tools-for-stm32.11.3.rel1.macos64_1.1.1.202309131626/tools/bin/../lib/gcc/arm-none-eabi/11.3.1/thumb/v7e-m+fp/hard/crtbegin.o
 .ARM.attributes
                0x0000000000000052       0x34 ./Core/Src/gpio.o
 .ARM.attributes
                0x0000000000000086       0x34 ./Core/Src/i2c.o
 .ARM.attributes
                0x00000000000000ba       0x34 ./Core/Src/i2s.o
 .ARM.attributes
                0x00000000000000ee       0x34 ./Core/Src/lcd5110.o
 .ARM.attributes
                0x0000000000000122       0x34 ./Core/Src/lcd5110_hal.o
 .ARM.attributes
                0x0000000000000156       0x34 ./Core/Src/lcd5110_ll.o
 .ARM.attributes
                0x000000000000018a       0x34 ./Core/Src/main.o
 .ARM.attributes
                0x00000000000001be       0x34 ./Core/Src/spi.o
 .ARM.attributes
                0x00000000000001f2       0x34 ./Core/Src/stm32f4xx_hal_msp.o
 .ARM.attributes
                0x0000000000000226       0x34 ./Core/Src/stm32f4xx_it.o
 .ARM.attributes
                0x000000000000025a       0x34 ./Core/Src/system_stm32f4xx.o
 .ARM.attributes
                0x000000000000028e       0x21 ./Core/Startup/startup_stm32f411vetx.o
 .ARM.attributes
                0x00000000000002af       0x34 ./Drivers/STM32F4xx_HAL_Driver/Src/stm32f4xx_hal.o
 .ARM.attributes
                0x00000000000002e3       0x34 ./Drivers/STM32F4xx_HAL_Driver/Src/stm32f4xx_hal_cortex.o
 .ARM.attributes
                0x0000000000000317       0x34 ./Drivers/STM32F4xx_HAL_Driver/Src/stm32f4xx_hal_gpio.o
 .ARM.attributes
                0x000000000000034b       0x34 ./Drivers/STM32F4xx_HAL_Driver/Src/stm32f4xx_hal_i2c.o
 .ARM.attributes
                0x000000000000037f       0x34 ./Drivers/STM32F4xx_HAL_Driver/Src/stm32f4xx_hal_i2s.o
 .ARM.attributes
                0x00000000000003b3       0x34 ./Drivers/STM32F4xx_HAL_Driver/Src/stm32f4xx_hal_i2s_ex.o
 .ARM.attributes
                0x00000000000003e7       0x34 ./Drivers/STM32F4xx_HAL_Driver/Src/stm32f4xx_hal_pcd.o
 .ARM.attributes
                0x000000000000041b       0x34 ./Drivers/STM32F4xx_HAL_Driver/Src/stm32f4xx_hal_pcd_ex.o
 .ARM.attributes
                0x000000000000044f       0x34 ./Drivers/STM32F4xx_HAL_Driver/Src/stm32f4xx_hal_rcc.o
 .ARM.attributes
                0x0000000000000483       0x34 ./Drivers/STM32F4xx_HAL_Driver/Src/stm32f4xx_hal_rcc_ex.o
 .ARM.attributes
                0x00000000000004b7       0x34 ./Drivers/STM32F4xx_HAL_Driver/Src/stm32f4xx_hal_spi.o
 .ARM.attributes
                0x00000000000004eb       0x34 ./Drivers/STM32F4xx_HAL_Driver/Src/stm32f4xx_ll_usb.o
 .ARM.attributes
                0x000000000000051f       0x34 ./Middlewares/ST/STM32_USB_Device_Library/Class/HID/Src/usbd_hid.o
 .ARM.attributes
                0x0000000000000553       0x34 ./Middlewares/ST/STM32_USB_Device_Library/Core/Src/usbd_core.o
 .ARM.attributes
                0x0000000000000587       0x34 ./Middlewares/ST/STM32_USB_Device_Library/Core/Src/usbd_ctlreq.o
 .ARM.attributes
                0x00000000000005bb       0x34 ./Middlewares/ST/STM32_USB_Device_Library/Core/Src/usbd_ioreq.o
 .ARM.attributes
                0x00000000000005ef       0x34 ./USB_DEVICE/App/usb_device.o
 .ARM.attributes
                0x0000000000000623       0x34 ./USB_DEVICE/App/usbd_desc.o
 .ARM.attributes
                0x0000000000000657       0x34 ./USB_DEVICE/Target/usbd_conf.o
 .ARM.attributes
                0x000000000000068b       0x34 /Applications/STM32CubeIDE.app/Contents/Eclipse/plugins/com.st.stm32cube.ide.mcu.externaltools.gnu-tools-for-stm32.11.3.rel1.macos64_1.1.1.202309131626/tools/bin/../lib/gcc/arm-none-eabi/11.3.1/../../../../arm-none-eabi/lib/thumb/v7e-m+fp/hard/libc_nano.a(libc_a-memset.o)
 .ARM.attributes
                0x00000000000006bf       0x34 /Applications/STM32CubeIDE.app/Contents/Eclipse/plugins/com.st.stm32cube.ide.mcu.externaltools.gnu-tools-for-stm32.11.3.rel1.macos64_1.1.1.202309131626/tools/bin/../lib/gcc/arm-none-eabi/11.3.1/../../../../arm-none-eabi/lib/thumb/v7e-m+fp/hard/libc_nano.a(libc_a-init.o)
 .ARM.attributes
                0x00000000000006f3       0x34 /Applications/STM32CubeIDE.app/Contents/Eclipse/plugins/com.st.stm32cube.ide.mcu.externaltools.gnu-tools-for-stm32.11.3.rel1.macos64_1.1.1.202309131626/tools/bin/../lib/gcc/arm-none-eabi/11.3.1/../../../../arm-none-eabi/lib/thumb/v7e-m+fp/hard/libc_nano.a(libc_a-memcpy-stub.o)
 .ARM.attributes
                0x0000000000000727       0x34 /Applications/STM32CubeIDE.app/Contents/Eclipse/plugins/com.st.stm32cube.ide.mcu.externaltools.gnu-tools-for-stm32.11.3.rel1.macos64_1.1.1.202309131626/tools/bin/../lib/gcc/arm-none-eabi/11.3.1/../../../../arm-none-eabi/lib/thumb/v7e-m+fp/hard/libc_nano.a(libc_a-ctype_.o)
 .ARM.attributes
                0x000000000000075b       0x1e /Applications/STM32CubeIDE.app/Contents/Eclipse/plugins/com.st.stm32cube.ide.mcu.externaltools.gnu-tools-for-stm32.11.3.rel1.macos64_1.1.1.202309131626/tools/bin/../lib/gcc/arm-none-eabi/11.3.1/thumb/v7e-m+fp/hard/libgcc.a(_aeabi_uldivmod.o)
 .ARM.attributes
                0x0000000000000779       0x34 /Applications/STM32CubeIDE.app/Contents/Eclipse/plugins/com.st.stm32cube.ide.mcu.externaltools.gnu-tools-for-stm32.11.3.rel1.macos64_1.1.1.202309131626/tools/bin/../lib/gcc/arm-none-eabi/11.3.1/thumb/v7e-m+fp/hard/libgcc.a(_udivmoddi4.o)
 .ARM.attributes
                0x00000000000007ad       0x1e /Applications/STM32CubeIDE.app/Contents/Eclipse/plugins/com.st.stm32cube.ide.mcu.externaltools.gnu-tools-for-stm32.11.3.rel1.macos64_1.1.1.202309131626/tools/bin/../lib/gcc/arm-none-eabi/11.3.1/thumb/v7e-m+fp/hard/libgcc.a(_dvmd_tls.o)
 .ARM.attributes
                0x00000000000007cb       0x1e /Applications/STM32CubeIDE.app/Contents/Eclipse/plugins/com.st.stm32cube.ide.mcu.externaltools.gnu-tools-for-stm32.11.3.rel1.macos64_1.1.1.202309131626/tools/bin/../lib/gcc/arm-none-eabi/11.3.1/thumb/v7e-m+fp/hard/crtn.o
OUTPUT(411_test2.elf elf32-littlearm)
LOAD linker stubs
LOAD /Applications/STM32CubeIDE.app/Contents/Eclipse/plugins/com.st.stm32cube.ide.mcu.externaltools.gnu-tools-for-stm32.11.3.rel1.macos64_1.1.1.202309131626/tools/bin/../lib/gcc/arm-none-eabi/11.3.1/../../../../arm-none-eabi/lib/thumb/v7e-m+fp/hard/libc.a
LOAD /Applications/STM32CubeIDE.app/Contents/Eclipse/plugins/com.st.stm32cube.ide.mcu.externaltools.gnu-tools-for-stm32.11.3.rel1.macos64_1.1.1.202309131626/tools/bin/../lib/gcc/arm-none-eabi/11.3.1/../../../../arm-none-eabi/lib/thumb/v7e-m+fp/hard/libm.a
LOAD /Applications/STM32CubeIDE.app/Contents/Eclipse/plugins/com.st.stm32cube.ide.mcu.externaltools.gnu-tools-for-stm32.11.3.rel1.macos64_1.1.1.202309131626/tools/bin/../lib/gcc/arm-none-eabi/11.3.1/thumb/v7e-m+fp/hard/libgcc.a

.comment        0x0000000000000000       0x43
 .comment       0x0000000000000000       0x43 /Applications/STM32CubeIDE.app/Contents/Eclipse/plugins/com.st.stm32cube.ide.mcu.externaltools.gnu-tools-for-stm32.11.3.rel1.macos64_1.1.1.202309131626/tools/bin/../lib/gcc/arm-none-eabi/11.3.1/thumb/v7e-m+fp/hard/crtbegin.o
                                         0x44 (size before relaxing)
 .comment       0x0000000000000043       0x44 ./Core/Src/gpio.o
 .comment       0x0000000000000043       0x44 ./Core/Src/i2c.o
 .comment       0x0000000000000043       0x44 ./Core/Src/i2s.o
 .comment       0x0000000000000043       0x44 ./Core/Src/lcd5110.o
 .comment       0x0000000000000043       0x44 ./Core/Src/lcd5110_hal.o
 .comment       0x0000000000000043       0x44 ./Core/Src/lcd5110_ll.o
 .comment       0x0000000000000043       0x44 ./Core/Src/main.o
 .comment       0x0000000000000043       0x44 ./Core/Src/spi.o
 .comment       0x0000000000000043       0x44 ./Core/Src/stm32f4xx_hal_msp.o
 .comment       0x0000000000000043       0x44 ./Core/Src/stm32f4xx_it.o
 .comment       0x0000000000000043       0x44 ./Core/Src/system_stm32f4xx.o
 .comment       0x0000000000000043       0x44 ./Drivers/STM32F4xx_HAL_Driver/Src/stm32f4xx_hal.o
 .comment       0x0000000000000043       0x44 ./Drivers/STM32F4xx_HAL_Driver/Src/stm32f4xx_hal_cortex.o
 .comment       0x0000000000000043       0x44 ./Drivers/STM32F4xx_HAL_Driver/Src/stm32f4xx_hal_gpio.o
 .comment       0x0000000000000043       0x44 ./Drivers/STM32F4xx_HAL_Driver/Src/stm32f4xx_hal_i2c.o
 .comment       0x0000000000000043       0x44 ./Drivers/STM32F4xx_HAL_Driver/Src/stm32f4xx_hal_i2s.o
 .comment       0x0000000000000043       0x44 ./Drivers/STM32F4xx_HAL_Driver/Src/stm32f4xx_hal_i2s_ex.o
 .comment       0x0000000000000043       0x44 ./Drivers/STM32F4xx_HAL_Driver/Src/stm32f4xx_hal_pcd.o
 .comment       0x0000000000000043       0x44 ./Drivers/STM32F4xx_HAL_Driver/Src/stm32f4xx_hal_pcd_ex.o
 .comment       0x0000000000000043       0x44 ./Drivers/STM32F4xx_HAL_Driver/Src/stm32f4xx_hal_rcc.o
 .comment       0x0000000000000043       0x44 ./Drivers/STM32F4xx_HAL_Driver/Src/stm32f4xx_hal_rcc_ex.o
 .comment       0x0000000000000043       0x44 ./Drivers/STM32F4xx_HAL_Driver/Src/stm32f4xx_hal_spi.o
 .comment       0x0000000000000043       0x44 ./Drivers/STM32F4xx_HAL_Driver/Src/stm32f4xx_ll_usb.o
 .comment       0x0000000000000043       0x44 ./Middlewares/ST/STM32_USB_Device_Library/Class/HID/Src/usbd_hid.o
 .comment       0x0000000000000043       0x44 ./Middlewares/ST/STM32_USB_Device_Library/Core/Src/usbd_core.o
 .comment       0x0000000000000043       0x44 ./Middlewares/ST/STM32_USB_Device_Library/Core/Src/usbd_ctlreq.o
 .comment       0x0000000000000043       0x44 ./Middlewares/ST/STM32_USB_Device_Library/Core/Src/usbd_ioreq.o
 .comment       0x0000000000000043       0x44 ./USB_DEVICE/App/usb_device.o
 .comment       0x0000000000000043       0x44 ./USB_DEVICE/App/usbd_desc.o
 .comment       0x0000000000000043       0x44 ./USB_DEVICE/Target/usbd_conf.o

.debug_info     0x0000000000000000    0x17357
 .debug_info    0x0000000000000000      0x64c ./Core/Src/gpio.o
 .debug_info    0x000000000000064c      0x9a5 ./Core/Src/i2c.o
 .debug_info    0x0000000000000ff1      0x9d7 ./Core/Src/i2s.o
 .debug_info    0x00000000000019c8     0x1579 ./Core/Src/lcd5110.o
 .debug_info    0x0000000000002f41      0xa2f ./Core/Src/lcd5110_hal.o
 .debug_info    0x0000000000003970      0xc6d ./Core/Src/lcd5110_ll.o
 .debug_info    0x00000000000045dd     0x11c5 ./Core/Src/main.o
 .debug_info    0x00000000000057a2      0x976 ./Core/Src/spi.o
 .debug_info    0x0000000000006118      0x2a4 ./Core/Src/stm32f4xx_hal_msp.o
 .debug_info    0x00000000000063bc      0x664 ./Core/Src/stm32f4xx_it.o
 .debug_info    0x0000000000006a20      0x53e ./Core/Src/system_stm32f4xx.o
 .debug_info    0x0000000000006f5e       0x23 ./Core/Startup/startup_stm32f411vetx.o
 .debug_info    0x0000000000006f81      0x8c4 ./Drivers/STM32F4xx_HAL_Driver/Src/stm32f4xx_hal.o
 .debug_info    0x0000000000007845      0xcb6 ./Drivers/STM32F4xx_HAL_Driver/Src/stm32f4xx_hal_cortex.o
 .debug_info    0x00000000000084fb      0x6f9 ./Drivers/STM32F4xx_HAL_Driver/Src/stm32f4xx_hal_gpio.o
 .debug_info    0x0000000000008bf4     0x23f2 ./Drivers/STM32F4xx_HAL_Driver/Src/stm32f4xx_hal_i2c.o
 .debug_info    0x000000000000afe6      0xdfd ./Drivers/STM32F4xx_HAL_Driver/Src/stm32f4xx_hal_i2s.o
 .debug_info    0x000000000000bde3      0xaf0 ./Drivers/STM32F4xx_HAL_Driver/Src/stm32f4xx_hal_i2s_ex.o
 .debug_info    0x000000000000c8d3     0x1549 ./Drivers/STM32F4xx_HAL_Driver/Src/stm32f4xx_hal_pcd.o
 .debug_info    0x000000000000de1c      0x6d2 ./Drivers/STM32F4xx_HAL_Driver/Src/stm32f4xx_hal_pcd_ex.o
 .debug_info    0x000000000000e4ee      0x8f2 ./Drivers/STM32F4xx_HAL_Driver/Src/stm32f4xx_hal_rcc.o
 .debug_info    0x000000000000ede0      0x5a5 ./Drivers/STM32F4xx_HAL_Driver/Src/stm32f4xx_hal_rcc_ex.o
 .debug_info    0x000000000000f385     0x1606 ./Drivers/STM32F4xx_HAL_Driver/Src/stm32f4xx_hal_spi.o
 .debug_info    0x000000000001098b     0x18f6 ./Drivers/STM32F4xx_HAL_Driver/Src/stm32f4xx_ll_usb.o
 .debug_info    0x0000000000012281      0xa84 ./Middlewares/ST/STM32_USB_Device_Library/Class/HID/Src/usbd_hid.o
 .debug_info    0x0000000000012d05      0xe05 ./Middlewares/ST/STM32_USB_Device_Library/Core/Src/usbd_core.o
 .debug_info    0x0000000000013b0a      0xade ./Middlewares/ST/STM32_USB_Device_Library/Core/Src/usbd_ctlreq.o
 .debug_info    0x00000000000145e8      0x755 ./Middlewares/ST/STM32_USB_Device_Library/Core/Src/usbd_ioreq.o
 .debug_info    0x0000000000014d3d      0x5ef ./USB_DEVICE/App/usb_device.o
 .debug_info    0x000000000001532c      0x458 ./USB_DEVICE/App/usbd_desc.o
 .debug_info    0x0000000000015784     0x1bd3 ./USB_DEVICE/Target/usbd_conf.o

.debug_abbrev   0x0000000000000000     0x433a
 .debug_abbrev  0x0000000000000000      0x173 ./Core/Src/gpio.o
 .debug_abbrev  0x0000000000000173      0x1f0 ./Core/Src/i2c.o
 .debug_abbrev  0x0000000000000363      0x1f7 ./Core/Src/i2s.o
 .debug_abbrev  0x000000000000055a      0x372 ./Core/Src/lcd5110.o
 .debug_abbrev  0x00000000000008cc      0x1e4 ./Core/Src/lcd5110_hal.o
 .debug_abbrev  0x0000000000000ab0      0x264 ./Core/Src/lcd5110_ll.o
 .debug_abbrev  0x0000000000000d14      0x336 ./Core/Src/main.o
 .debug_abbrev  0x000000000000104a      0x1f1 ./Core/Src/spi.o
 .debug_abbrev  0x000000000000123b       0xf4 ./Core/Src/stm32f4xx_hal_msp.o
 .debug_abbrev  0x000000000000132f      0x1d2 ./Core/Src/stm32f4xx_it.o
 .debug_abbrev  0x0000000000001501      0x11a ./Core/Src/system_stm32f4xx.o
 .debug_abbrev  0x000000000000161b       0x12 ./Core/Startup/startup_stm32f411vetx.o
 .debug_abbrev  0x000000000000162d      0x24b ./Drivers/STM32F4xx_HAL_Driver/Src/stm32f4xx_hal.o
 .debug_abbrev  0x0000000000001878      0x327 ./Drivers/STM32F4xx_HAL_Driver/Src/stm32f4xx_hal_cortex.o
 .debug_abbrev  0x0000000000001b9f      0x1d3 ./Drivers/STM32F4xx_HAL_Driver/Src/stm32f4xx_hal_gpio.o
 .debug_abbrev  0x0000000000001d72      0x2bc ./Drivers/STM32F4xx_HAL_Driver/Src/stm32f4xx_hal_i2c.o
 .debug_abbrev  0x000000000000202e      0x265 ./Drivers/STM32F4xx_HAL_Driver/Src/stm32f4xx_hal_i2s.o
 .debug_abbrev  0x0000000000002293      0x297 ./Drivers/STM32F4xx_HAL_Driver/Src/stm32f4xx_hal_i2s_ex.o
 .debug_abbrev  0x000000000000252a      0x2cd ./Drivers/STM32F4xx_HAL_Driver/Src/stm32f4xx_hal_pcd.o
 .debug_abbrev  0x00000000000027f7      0x1da ./Drivers/STM32F4xx_HAL_Driver/Src/stm32f4xx_hal_pcd_ex.o
 .debug_abbrev  0x00000000000029d1      0x2b5 ./Drivers/STM32F4xx_HAL_Driver/Src/stm32f4xx_hal_rcc.o
 .debug_abbrev  0x0000000000002c86      0x1b1 ./Drivers/STM32F4xx_HAL_Driver/Src/stm32f4xx_hal_rcc_ex.o
 .debug_abbrev  0x0000000000002e37      0x280 ./Drivers/STM32F4xx_HAL_Driver/Src/stm32f4xx_hal_spi.o
 .debug_abbrev  0x00000000000030b7      0x2ac ./Drivers/STM32F4xx_HAL_Driver/Src/stm32f4xx_ll_usb.o
 .debug_abbrev  0x0000000000003363      0x2a2 ./Middlewares/ST/STM32_USB_Device_Library/Class/HID/Src/usbd_hid.o
 .debug_abbrev  0x0000000000003605      0x27c ./Middlewares/ST/STM32_USB_Device_Library/Core/Src/usbd_core.o
 .debug_abbrev  0x0000000000003881      0x26f ./Middlewares/ST/STM32_USB_Device_Library/Core/Src/usbd_ctlreq.o
 .debug_abbrev  0x0000000000003af0      0x19a ./Middlewares/ST/STM32_USB_Device_Library/Core/Src/usbd_ioreq.o
 .debug_abbrev  0x0000000000003c8a      0x190 ./USB_DEVICE/App/usb_device.o
 .debug_abbrev  0x0000000000003e1a      0x1e1 ./USB_DEVICE/App/usbd_desc.o
 .debug_abbrev  0x0000000000003ffb      0x33f ./USB_DEVICE/Target/usbd_conf.o

.debug_aranges  0x0000000000000000     0x1450
 .debug_aranges
                0x0000000000000000       0x20 ./Core/Src/gpio.o
 .debug_aranges
                0x0000000000000020       0x30 ./Core/Src/i2c.o
 .debug_aranges
                0x0000000000000050       0x38 ./Core/Src/i2s.o
 .debug_aranges
                0x0000000000000088      0x120 ./Core/Src/lcd5110.o
 .debug_aranges
                0x00000000000001a8       0x60 ./Core/Src/lcd5110_hal.o
 .debug_aranges
                0x0000000000000208       0xc0 ./Core/Src/lcd5110_ll.o
 .debug_aranges
                0x00000000000002c8       0x58 ./Core/Src/main.o
 .debug_aranges
                0x0000000000000320       0x30 ./Core/Src/spi.o
 .debug_aranges
                0x0000000000000350       0x20 ./Core/Src/stm32f4xx_hal_msp.o
 .debug_aranges
                0x0000000000000370       0x88 ./Core/Src/stm32f4xx_it.o
 .debug_aranges
                0x00000000000003f8       0x28 ./Core/Src/system_stm32f4xx.o
 .debug_aranges
                0x0000000000000420       0x28 ./Core/Startup/startup_stm32f411vetx.o
 .debug_aranges
                0x0000000000000448       0xf0 ./Drivers/STM32F4xx_HAL_Driver/Src/stm32f4xx_hal.o
 .debug_aranges
                0x0000000000000538      0x118 ./Drivers/STM32F4xx_HAL_Driver/Src/stm32f4xx_hal_cortex.o
 .debug_aranges
                0x0000000000000650       0x58 ./Drivers/STM32F4xx_HAL_Driver/Src/stm32f4xx_hal_gpio.o
 .debug_aranges
                0x00000000000006a8      0x2a0 ./Drivers/STM32F4xx_HAL_Driver/Src/stm32f4xx_hal_i2c.o
 .debug_aranges
                0x0000000000000948      0x108 ./Drivers/STM32F4xx_HAL_Driver/Src/stm32f4xx_hal_i2s.o
 .debug_aranges
                0x0000000000000a50       0x88 ./Drivers/STM32F4xx_HAL_Driver/Src/stm32f4xx_hal_i2s_ex.o
 .debug_aranges
                0x0000000000000ad8      0x148 ./Drivers/STM32F4xx_HAL_Driver/Src/stm32f4xx_hal_pcd.o
 .debug_aranges
                0x0000000000000c20       0x38 ./Drivers/STM32F4xx_HAL_Driver/Src/stm32f4xx_hal_pcd_ex.o
 .debug_aranges
                0x0000000000000c58       0x88 ./Drivers/STM32F4xx_HAL_Driver/Src/stm32f4xx_hal_rcc.o
 .debug_aranges
                0x0000000000000ce0       0x50 ./Drivers/STM32F4xx_HAL_Driver/Src/stm32f4xx_hal_rcc_ex.o
 .debug_aranges
                0x0000000000000d30      0x1d0 ./Drivers/STM32F4xx_HAL_Driver/Src/stm32f4xx_hal_spi.o
 .debug_aranges
                0x0000000000000f00      0x1a0 ./Drivers/STM32F4xx_HAL_Driver/Src/stm32f4xx_ll_usb.o
 .debug_aranges
                0x00000000000010a0       0x68 ./Middlewares/ST/STM32_USB_Device_Library/Class/HID/Src/usbd_hid.o
 .debug_aranges
                0x0000000000001108       0xd8 ./Middlewares/ST/STM32_USB_Device_Library/Core/Src/usbd_core.o
 .debug_aranges
                0x00000000000011e0       0x90 ./Middlewares/ST/STM32_USB_Device_Library/Core/Src/usbd_ctlreq.o
 .debug_aranges
                0x0000000000001270       0x50 ./Middlewares/ST/STM32_USB_Device_Library/Core/Src/usbd_ioreq.o
 .debug_aranges
                0x00000000000012c0       0x20 ./USB_DEVICE/App/usb_device.o
 .debug_aranges
                0x00000000000012e0       0x60 ./USB_DEVICE/App/usbd_desc.o
 .debug_aranges
                0x0000000000001340      0x110 ./USB_DEVICE/Target/usbd_conf.o

.debug_rnglists
                0x0000000000000000      0xf60
 .debug_rnglists
                0x0000000000000000       0x14 ./Core/Src/gpio.o
 .debug_rnglists
                0x0000000000000014       0x20 ./Core/Src/i2c.o
 .debug_rnglists
                0x0000000000000034       0x26 ./Core/Src/i2s.o
 .debug_rnglists
                0x000000000000005a       0xd9 ./Core/Src/lcd5110.o
 .debug_rnglists
                0x0000000000000133       0x45 ./Core/Src/lcd5110_hal.o
 .debug_rnglists
                0x0000000000000178       0x8c ./Core/Src/lcd5110_ll.o
 .debug_rnglists
                0x0000000000000204       0x42 ./Core/Src/main.o
 .debug_rnglists
                0x0000000000000246       0x20 ./Core/Src/spi.o
 .debug_rnglists
                0x0000000000000266       0x13 ./Core/Src/stm32f4xx_hal_msp.o
 .debug_rnglists
                0x0000000000000279       0x61 ./Core/Src/stm32f4xx_it.o
 .debug_rnglists
                0x00000000000002da       0x1a ./Core/Src/system_stm32f4xx.o
 .debug_rnglists
                0x00000000000002f4       0x19 ./Core/Startup/startup_stm32f411vetx.o
 .debug_rnglists
                0x000000000000030d       0xaf ./Drivers/STM32F4xx_HAL_Driver/Src/stm32f4xx_hal.o
 .debug_rnglists
                0x00000000000003bc       0xce ./Drivers/STM32F4xx_HAL_Driver/Src/stm32f4xx_hal_cortex.o
 .debug_rnglists
                0x000000000000048a       0x3f ./Drivers/STM32F4xx_HAL_Driver/Src/stm32f4xx_hal_gpio.o
 .debug_rnglists
                0x00000000000004c9      0x235 ./Drivers/STM32F4xx_HAL_Driver/Src/stm32f4xx_hal_i2c.o
 .debug_rnglists
                0x00000000000006fe       0xcc ./Drivers/STM32F4xx_HAL_Driver/Src/stm32f4xx_hal_i2s.o
 .debug_rnglists
                0x00000000000007ca       0x6a ./Drivers/STM32F4xx_HAL_Driver/Src/stm32f4xx_hal_i2s_ex.o
 .debug_rnglists
                0x0000000000000834       0xfc ./Drivers/STM32F4xx_HAL_Driver/Src/stm32f4xx_hal_pcd.o
 .debug_rnglists
                0x0000000000000930       0x26 ./Drivers/STM32F4xx_HAL_Driver/Src/stm32f4xx_hal_pcd_ex.o
 .debug_rnglists
                0x0000000000000956       0x66 ./Drivers/STM32F4xx_HAL_Driver/Src/stm32f4xx_hal_rcc.o
 .debug_rnglists
                0x00000000000009bc       0x3c ./Drivers/STM32F4xx_HAL_Driver/Src/stm32f4xx_hal_rcc_ex.o
 .debug_rnglists
                0x00000000000009f8      0x16f ./Drivers/STM32F4xx_HAL_Driver/Src/stm32f4xx_hal_spi.o
 .debug_rnglists
                0x0000000000000b67      0x148 ./Drivers/STM32F4xx_HAL_Driver/Src/stm32f4xx_ll_usb.o
 .debug_rnglists
                0x0000000000000caf       0x4c ./Middlewares/ST/STM32_USB_Device_Library/Class/HID/Src/usbd_hid.o
 .debug_rnglists
                0x0000000000000cfb       0xa1 ./Middlewares/ST/STM32_USB_Device_Library/Core/Src/usbd_core.o
 .debug_rnglists
                0x0000000000000d9c       0x6e ./Middlewares/ST/STM32_USB_Device_Library/Core/Src/usbd_ctlreq.o
 .debug_rnglists
                0x0000000000000e0a       0x37 ./Middlewares/ST/STM32_USB_Device_Library/Core/Src/usbd_ioreq.o
 .debug_rnglists
                0x0000000000000e41       0x13 ./USB_DEVICE/App/usb_device.o
 .debug_rnglists
                0x0000000000000e54       0x43 ./USB_DEVICE/App/usbd_desc.o
 .debug_rnglists
                0x0000000000000e97       0xc9 ./USB_DEVICE/Target/usbd_conf.o

.debug_macro    0x0000000000000000    0x1a867
 .debug_macro   0x0000000000000000      0x229 ./Core/Src/gpio.o
 .debug_macro   0x0000000000000229      0xaa8 ./Core/Src/gpio.o
 .debug_macro   0x0000000000000cd1      0x2a7 ./Core/Src/gpio.o
 .debug_macro   0x0000000000000f78       0x2e ./Core/Src/gpio.o
 .debug_macro   0x0000000000000fa6       0x28 ./Core/Src/gpio.o
 .debug_macro   0x0000000000000fce       0x22 ./Core/Src/gpio.o
 .debug_macro   0x0000000000000ff0       0x8e ./Core/Src/gpio.o
 .debug_macro   0x000000000000107e       0x51 ./Core/Src/gpio.o
 .debug_macro   0x00000000000010cf      0x103 ./Core/Src/gpio.o
 .debug_macro   0x00000000000011d2       0x6a ./Core/Src/gpio.o
 .debug_macro   0x000000000000123c      0x1df ./Core/Src/gpio.o
 .debug_macro   0x000000000000141b       0x1c ./Core/Src/gpio.o
 .debug_macro   0x0000000000001437       0x22 ./Core/Src/gpio.o
 .debug_macro   0x0000000000001459       0xd9 ./Core/Src/gpio.o
 .debug_macro   0x0000000000001532     0x102d ./Core/Src/gpio.o
 .debug_macro   0x000000000000255f      0x11f ./Core/Src/gpio.o
 .debug_macro   0x000000000000267e     0xb953 ./Core/Src/gpio.o
 .debug_macro   0x000000000000dfd1       0x6d ./Core/Src/gpio.o
 .debug_macro   0x000000000000e03e     0x367e ./Core/Src/gpio.o
 .debug_macro   0x00000000000116bc      0x174 ./Core/Src/gpio.o
 .debug_macro   0x0000000000011830       0x5c ./Core/Src/gpio.o
 .debug_macro   0x000000000001188c      0x447 ./Core/Src/gpio.o
 .debug_macro   0x0000000000011cd3      0x9fe ./Core/Src/gpio.o
 .debug_macro   0x00000000000126d1      0x115 ./Core/Src/gpio.o
 .debug_macro   0x00000000000127e6      0x11b ./Core/Src/gpio.o
 .debug_macro   0x0000000000012901       0xa5 ./Core/Src/gpio.o
 .debug_macro   0x00000000000129a6      0x15f ./Core/Src/gpio.o
 .debug_macro   0x0000000000012b05      0x287 ./Core/Src/gpio.o
 .debug_macro   0x0000000000012d8c       0x5f ./Core/Src/gpio.o
 .debug_macro   0x0000000000012deb      0x236 ./Core/Src/gpio.o
 .debug_macro   0x0000000000013021      0x132 ./Core/Src/gpio.o
 .debug_macro   0x0000000000013153      0x264 ./Core/Src/gpio.o
 .debug_macro   0x00000000000133b7       0x2e ./Core/Src/gpio.o
 .debug_macro   0x00000000000133e5      0x1b5 ./Core/Src/gpio.o
 .debug_macro   0x000000000001359a       0x22 ./Core/Src/gpio.o
 .debug_macro   0x00000000000135bc       0xd6 ./Core/Src/gpio.o
 .debug_macro   0x0000000000013692      0x1a7 ./Core/Src/gpio.o
 .debug_macro   0x0000000000013839       0x46 ./Core/Src/gpio.o
 .debug_macro   0x000000000001387f       0x4a ./Core/Src/gpio.o
 .debug_macro   0x00000000000138c9      0x11a ./Core/Src/gpio.o
 .debug_macro   0x00000000000139e3       0x85 ./Core/Src/gpio.o
 .debug_macro   0x0000000000013a68       0x89 ./Core/Src/gpio.o
 .debug_macro   0x0000000000013af1      0x225 ./Core/Src/gpio.o
 .debug_macro   0x0000000000013d16      0x248 ./Core/Src/gpio.o
 .debug_macro   0x0000000000013f5e       0xba ./Core/Src/gpio.o